<!doctype html public "-//w3c//dtd html 4.0 transitional//en">
<html><head>
<title>Static Call Graph - [.\build\Tesis.axf]</title></head>
<body><HR>
<H1>Static Call Graph for image .\build\Tesis.axf</H1><HR>
<BR><P>#&#060CALLGRAPH&#062# ARM Linker, 5060300: Last Updated: Wed Jan 11 16:04:51 2017
<BR><P>
<H3>Maximum Stack Usage =        704 bytes + Unknown(Cycles, Untraceable Function Pointers)</H3><H3>
Call chain for Maximum Stack Depth:</H3>
__rt_entry_main &rArr; main &rArr; $Super$$main &rArr; mbed::Stream::printf(const char*, ...) &rArr; fflush &rArr; _do_fflush &rArr; _fflush &rArr; _writebuf &rArr; _sys_write &rArr; serial_init &rArr; pin_mode &rArr; mbed_assert_internal &rArr; mbed_die &rArr;  mbed_assert_internal (Cycle)
<P>
<H3>
Mutually Recursive functions
</H3> <LI><a href="#[1ad]">mbed_die</a>&nbsp;&nbsp;&nbsp;&rArr;&nbsp;&nbsp;&nbsp;<a href="#[184]">mbed_assert_internal</a><BR>
 <LI><a href="#[183]">gpio_init_out</a>&nbsp;&nbsp;&nbsp;&rArr;&nbsp;&nbsp;&nbsp;<a href="#[184]">mbed_assert_internal</a><BR>
 <LI><a href="#[1b2]">gpio_mode</a>&nbsp;&nbsp;&nbsp;&rArr;&nbsp;&nbsp;&nbsp;<a href="#[1b3]">pin_mode</a><BR>
 <LI><a href="#[1b0]">gpio_dir</a>&nbsp;&nbsp;&nbsp;&rArr;&nbsp;&nbsp;&nbsp;<a href="#[184]">mbed_assert_internal</a><BR>
 <LI><a href="#[c1]">__asm___11_app_timer_c_cd27f9c3__nrf_delay_us</a>&nbsp;&nbsp;&nbsp;&rArr;&nbsp;&nbsp;&nbsp;<a href="#[c1]">__asm___11_app_timer_c_cd27f9c3__nrf_delay_us</a><BR>
 <LI><a href="#[c0]">__asm___13_nRF51822n_cpp_ef81e865___Z12nrf_delay_usj</a>&nbsp;&nbsp;&nbsp;&rArr;&nbsp;&nbsp;&nbsp;<a href="#[c0]">__asm___13_nRF51822n_cpp_ef81e865___Z12nrf_delay_usj</a><BR>
 <LI><a href="#[16]">NMI_Handler</a>&nbsp;&nbsp;&nbsp;&rArr;&nbsp;&nbsp;&nbsp;<a href="#[16]">NMI_Handler</a><BR>
 <LI><a href="#[17]">HardFault_Handler</a>&nbsp;&nbsp;&nbsp;&rArr;&nbsp;&nbsp;&nbsp;<a href="#[17]">HardFault_Handler</a><BR>
 <LI><a href="#[18]">SVC_Handler</a>&nbsp;&nbsp;&nbsp;&rArr;&nbsp;&nbsp;&nbsp;<a href="#[18]">SVC_Handler</a><BR>
 <LI><a href="#[19]">PendSV_Handler</a>&nbsp;&nbsp;&nbsp;&rArr;&nbsp;&nbsp;&nbsp;<a href="#[19]">PendSV_Handler</a><BR>
 <LI><a href="#[1a]">SysTick_Handler</a>&nbsp;&nbsp;&nbsp;&rArr;&nbsp;&nbsp;&nbsp;<a href="#[1a]">SysTick_Handler</a><BR>
 <LI><a href="#[21]">ADC_IRQHandler</a>&nbsp;&nbsp;&nbsp;&rArr;&nbsp;&nbsp;&nbsp;<a href="#[21]">ADC_IRQHandler</a><BR>
 <LI><a href="#[105]">FunctionPointerWithContext&lang;const GattCharacteristicWriteCBParams*&rang;::call(const GattCharacteristicWriteCBParams*)</a>&nbsp;&nbsp;&nbsp;&rArr;&nbsp;&nbsp;&nbsp;<a href="#[105]">FunctionPointerWithContext&lang;const GattCharacteristicWriteCBParams*&rang;::call(const GattCharacteristicWriteCBParams*)</a><BR>
 <LI><a href="#[106]">FunctionPointerWithContext&lang;GattCharacteristicWriteAuthCBParams*&rang;::call(GattCharacteristicWriteAuthCBParams*)</a>&nbsp;&nbsp;&nbsp;&rArr;&nbsp;&nbsp;&nbsp;<a href="#[106]">FunctionPointerWithContext&lang;GattCharacteristicWriteAuthCBParams*&rang;::call(GattCharacteristicWriteAuthCBParams*)</a><BR>
 <LI><a href="#[107]">FunctionPointerWithContext&lang;GattCharacteristicReadAuthCBParams*&rang;::call(GattCharacteristicReadAuthCBParams*)</a>&nbsp;&nbsp;&nbsp;&rArr;&nbsp;&nbsp;&nbsp;<a href="#[107]">FunctionPointerWithContext&lang;GattCharacteristicReadAuthCBParams*&rang;::call(GattCharacteristicReadAuthCBParams*)</a><BR>
</UL>
<P>
<H3>
Function Pointers
</H3><UL>
 <LI><a href="#[4b]">&lang;Func1&rang;</a> from SerialBase.o(i.<Func1>) referenced from SerialBase.o(i._ZN4mbed10SerialBaseC1E7PinNameS1_)
 <LI><a href="#[21]">ADC_IRQHandler</a> from startup_nRF51822.o(.text) referenced from startup_nRF51822.o(RESET)
 <LI><a href="#[29]">CCM_AAR_IRQHandler</a> from startup_nRF51822.o(.text) referenced from startup_nRF51822.o(RESET)
 <LI><a href="#[28]">ECB_IRQHandler</a> from startup_nRF51822.o(.text) referenced from startup_nRF51822.o(RESET)
 <LI><a href="#[20]">GPIOTE_IRQHandler</a> from startup_nRF51822.o(.text) referenced from startup_nRF51822.o(RESET)
 <LI><a href="#[17]">HardFault_Handler</a> from startup_nRF51822.o(.text) referenced from startup_nRF51822.o(RESET)
 <LI><a href="#[2d]">LPCOMP_COMP_IRQHandler</a> from startup_nRF51822.o(.text) referenced from startup_nRF51822.o(RESET)
 <LI><a href="#[16]">NMI_Handler</a> from startup_nRF51822.o(.text) referenced from startup_nRF51822.o(RESET)
 <LI><a href="#[1b]">POWER_CLOCK_IRQHandler</a> from startup_nRF51822.o(.text) referenced from startup_nRF51822.o(RESET)
 <LI><a href="#[19]">PendSV_Handler</a> from startup_nRF51822.o(.text) referenced from startup_nRF51822.o(RESET)
 <LI><a href="#[2c]">QDEC_IRQHandler</a> from startup_nRF51822.o(.text) referenced from startup_nRF51822.o(RESET)
 <LI><a href="#[1c]">RADIO_IRQHandler</a> from startup_nRF51822.o(.text) referenced from startup_nRF51822.o(RESET)
 <LI><a href="#[27]">RNG_IRQHandler</a> from startup_nRF51822.o(.text) referenced from startup_nRF51822.o(RESET)
 <LI><a href="#[25]">RTC0_IRQHandler</a> from startup_nRF51822.o(.text) referenced from startup_nRF51822.o(RESET)
 <LI><a href="#[2b]">RTC1_IRQHandler</a> from app_timer.o(i.RTC1_IRQHandler) referenced from startup_nRF51822.o(RESET)
 <LI><a href="#[15]">Reset_Handler</a> from startup_nRF51822.o(.text) referenced from startup_nRF51822.o(RESET)
 <LI><a href="#[1e]">SPI0_TWI0_IRQHandler</a> from startup_nRF51822.o(.text) referenced from startup_nRF51822.o(RESET)
 <LI><a href="#[1f]">SPI1_TWI1_IRQHandler</a> from startup_nRF51822.o(.text) referenced from startup_nRF51822.o(RESET)
 <LI><a href="#[18]">SVC_Handler</a> from startup_nRF51822.o(.text) referenced from startup_nRF51822.o(RESET)
 <LI><a href="#[2e]">SWI0_IRQHandler</a> from app_timer.o(i.SWI0_IRQHandler) referenced from startup_nRF51822.o(RESET)
 <LI><a href="#[2f]">SWI1_IRQHandler</a> from startup_nRF51822.o(.text) referenced from startup_nRF51822.o(RESET)
 <LI><a href="#[30]">SWI2_IRQHandler</a> from softdevice_handler.o(.text) referenced from startup_nRF51822.o(RESET)
 <LI><a href="#[31]">SWI3_IRQHandler</a> from startup_nRF51822.o(.text) referenced from startup_nRF51822.o(RESET)
 <LI><a href="#[32]">SWI4_IRQHandler</a> from startup_nRF51822.o(.text) referenced from startup_nRF51822.o(RESET)
 <LI><a href="#[33]">SWI5_IRQHandler</a> from startup_nRF51822.o(.text) referenced from startup_nRF51822.o(RESET)
 <LI><a href="#[1a]">SysTick_Handler</a> from startup_nRF51822.o(.text) referenced from startup_nRF51822.o(RESET)
 <LI><a href="#[3f]">SystemInit</a> from system_nrf51822.o(i.SystemInit) referenced from startup_nRF51822.o(.text)
 <LI><a href="#[26]">TEMP_IRQHandler</a> from startup_nRF51822.o(.text) referenced from startup_nRF51822.o(RESET)
 <LI><a href="#[22]">TIMER0_IRQHandler</a> from startup_nRF51822.o(.text) referenced from startup_nRF51822.o(RESET)
 <LI><a href="#[23]">TIMER1_IRQHandler</a> from startup_nRF51822.o(.text) referenced from startup_nRF51822.o(RESET)
 <LI><a href="#[24]">TIMER2_IRQHandler</a> from startup_nRF51822.o(.text) referenced from startup_nRF51822.o(RESET)
 <LI><a href="#[1d]">UART0_IRQHandler</a> from serial_api.o(i.UART0_IRQHandler) referenced from startup_nRF51822.o(RESET)
 <LI><a href="#[2a]">WDT_IRQHandler</a> from startup_nRF51822.o(.text) referenced from startup_nRF51822.o(RESET)
 <LI><a href="#[3c]">btle_handler(ble_evt_t*)</a> from btle.o(.text) referenced from btle.o(.text)
 <LI><a href="#[37]">dataSentCallback(unsigned)</a> from main.o(.text) referenced from main.o(.text)
 <LI><a href="#[34]">periodicCallback()</a> from main.o(.text) referenced from main.o(.text)
 <LI><a href="#[3d]">sys_evt_dispatch(unsigned)</a> from btle.o(.text) referenced from btle.o(.text)
 <LI><a href="#[36]">dataWrittenCallback(const GattCharacteristicWriteCBParams*)</a> from main.o(.text) referenced from main.o(.text)
 <LI><a href="#[4f]">__default_new_handler()</a> from arm_newhandler_noexceptions.o(.text) referenced from new.o(i._Znwj)
 <LI><a href="#[35]">disconnectionCallback(unsigned short, Gap::DisconnectionReason_t)</a> from main.o(.text) referenced from main.o(.text)
 <LI><a href="#[3e]">softdevice_assertion_handler(unsigned, unsigned short, const unsigned char*)</a> from softdevice_handler.o(.text) referenced from softdevice_handler.o(.text)
 <LI><a href="#[53]">UARTService::onDataWritten(const GattCharacteristicWriteCBParams*)</a> from main.o(i._ZN11UARTService13onDataWrittenEPK31GattCharacteristicWriteCBParams) referenced from main.o(.constdata)
 <LI><a href="#[55]">nRF51GattServer::addService(GattService&)</a> from nrf51gattserver.o(.text) referenced from nrf51gattserver.o(.constdata__ZTV15nRF51GattServer)
 <LI><a href="#[57]">nRF51GattServer::updateValue(unsigned short, unsigned char*, unsigned short, bool)</a> from nrf51gattserver.o(.text) referenced from nrf51gattserver.o(.constdata__ZTV15nRF51GattServer)
 <LI><a href="#[58]">nRF51GattServer::initializeGATTDatabase()</a> from nrf51gattserver.o(.text) referenced from nrf51gattserver.o(.constdata__ZTV15nRF51GattServer)
 <LI><a href="#[56]">nRF51GattServer::readValue(unsigned short, unsigned char*, unsigned short*)</a> from nrf51gattserver.o(.text) referenced from nrf51gattserver.o(.constdata__ZTV15nRF51GattServer)
 <LI><a href="#[3b]">nRF51GattServer::~nRF51GattServer()</a> from nrf51822n.o(i._ZN15nRF51GattServerD1Ev) referenced from btle.o(.text)
 <LI><a href="#[3b]">nRF51GattServer::~nRF51GattServer()</a> from nrf51822n.o(i._ZN15nRF51GattServerD1Ev) referenced from nrf51822n.o(i._ZN9nRF51822n13getGattServerEv)
 <LI><a href="#[5a]">GapAdvertisingData::~GapAdvertisingData__deallocating()</a> from gapadvertisingdata.o(.text) referenced from gapadvertisingdata.o(.constdata__ZTV18GapAdvertisingData)
 <LI><a href="#[59]">GapAdvertisingData::~GapAdvertisingData()</a> from gapadvertisingdata.o(.text) referenced from gapadvertisingdata.o(.constdata__ZTV18GapAdvertisingData)
 <LI><a href="#[5c]">GapAdvertisingParams::~GapAdvertisingParams__deallocating()</a> from gapadvertisingparams.o(.text) referenced from gapadvertisingparams.o(.constdata__ZTV20GapAdvertisingParams)
 <LI><a href="#[5b]">GapAdvertisingParams::~GapAdvertisingParams()</a> from gapadvertisingparams.o(.text) referenced from gapadvertisingparams.o(.constdata__ZTV20GapAdvertisingParams)
 <LI><a href="#[51]">void FunctionPointerWithContext&lang;const GattCharacteristicWriteCBParams*&rang;::membercaller&lang;UARTService&rang;(void*, char*, const GattCharacteristicWriteCBParams*)</a> from main.o(t._ZN26FunctionPointerWithContextIPK31GattCharacteristicWriteCBParamsE12membercallerI11UARTServiceEEvPvPcS2_) referenced from main.o(t._ZN38CallChainOfFunctionPointersWithContextIPK31GattCharacteristicWriteCBParamsE3addI11UARTServiceEEP26FunctionPointerWithContextIS2_EPT_MS9_FvS2_E)
 <LI><a href="#[5d]">CallChainOfFunctionPointersWithContext&lang;const GattCharacteristicWriteCBParams*&rang;::~CallChainOfFunctionPointersWithContext()</a> from nrf51822n.o(t._ZN38CallChainOfFunctionPointersWithContextIPK31GattCharacteristicWriteCBParamsED1Ev) referenced from nrf51822n.o(.constdata__ZTV38CallChainOfFunctionPointersWithContextIPK31GattCharacteristicWriteCBParamsE)
 <LI><a href="#[49]">[local to arm_exceptions_c]::__default_terminate_handler()</a> from arm_exceptions_globs.o(.text) referenced from arm_exceptions_globs.o(.text)
 <LI><a href="#[74]">mbed::FileHandle::flen()</a> from retarget.o(i._ZN4mbed10FileHandle4flenEv) referenced from retarget.o(.constdata__ZTVN4mbed10FileHandleE)
 <LI><a href="#[74]">mbed::FileHandle::flen()</a> from retarget.o(i._ZN4mbed10FileHandle4flenEv) referenced from FileLike.o(.constdata__ZTVN4mbed8FileLikeE)
 <LI><a href="#[75]">mbed::FileHandle::~FileHandle__sub_object()</a> from retarget.o(i._ZN4mbed10FileHandleD2Ev) referenced from retarget.o(.constdata__ZTVN4mbed10FileHandleE)
 <LI><a href="#[4c]">mbed::SerialBase::_irq_handler(unsigned, SerialIrq)</a> from SerialBase.o(i._ZN4mbed10SerialBase12_irq_handlerEj9SerialIrq) referenced from SerialBase.o(i._ZN4mbed10SerialBaseC1E7PinNameS1_)
 <LI><a href="#[4d]">mbed::TimerEvent::irq(unsigned)</a> from TimerEvent.o(i._ZN4mbed10TimerEvent3irqEj) referenced from TimerEvent.o(i._ZN4mbed10TimerEventC2Ev)
 <LI><a href="#[39]">mbed::Serial::~Serial()</a> from Serial.o(i._ZN4mbed6SerialD1Ev) referenced from Serial.o(.constdata__ZTVN4mbed6SerialE)
 <LI><a href="#[39]">mbed::Serial::~Serial()</a> from Serial.o(i._ZN4mbed6SerialD1Ev) referenced from main.o(.text)
 <LI><a href="#[7b]">mbed::Stream::flen()</a> from Stream.o(i._ZN4mbed6Stream4flenEv) referenced from Serial.o(.constdata__ZTVN4mbed6SerialE)
 <LI><a href="#[7b]">mbed::Stream::flen()</a> from Stream.o(i._ZN4mbed6Stream4flenEv) referenced from Stream.o(.constdata__ZTVN4mbed6StreamE)
 <LI><a href="#[78]">mbed::Stream::read(void*, unsigned)</a> from Stream.o(i._ZN4mbed6Stream4readEPvj) referenced from Serial.o(.constdata__ZTVN4mbed6SerialE)
 <LI><a href="#[78]">mbed::Stream::read(void*, unsigned)</a> from Stream.o(i._ZN4mbed6Stream4readEPvj) referenced from Stream.o(.constdata__ZTVN4mbed6StreamE)
 <LI><a href="#[77]">mbed::Stream::close()</a> from Stream.o(i._ZN4mbed6Stream5closeEv) referenced from Serial.o(.constdata__ZTVN4mbed6SerialE)
 <LI><a href="#[77]">mbed::Stream::close()</a> from Stream.o(i._ZN4mbed6Stream5closeEv) referenced from Stream.o(.constdata__ZTVN4mbed6StreamE)
 <LI><a href="#[7a]">mbed::Stream::lseek(long, int)</a> from Stream.o(i._ZN4mbed6Stream5lseekEli) referenced from Serial.o(.constdata__ZTVN4mbed6SerialE)
 <LI><a href="#[7a]">mbed::Stream::lseek(long, int)</a> from Stream.o(i._ZN4mbed6Stream5lseekEli) referenced from Stream.o(.constdata__ZTVN4mbed6StreamE)
 <LI><a href="#[76]">mbed::Stream::write(const void*, unsigned)</a> from Stream.o(i._ZN4mbed6Stream5writeEPKvj) referenced from Serial.o(.constdata__ZTVN4mbed6SerialE)
 <LI><a href="#[76]">mbed::Stream::write(const void*, unsigned)</a> from Stream.o(i._ZN4mbed6Stream5writeEPKvj) referenced from Stream.o(.constdata__ZTVN4mbed6StreamE)
 <LI><a href="#[79]">mbed::Stream::isatty()</a> from Stream.o(i._ZN4mbed6Stream6isattyEv) referenced from Serial.o(.constdata__ZTVN4mbed6SerialE)
 <LI><a href="#[79]">mbed::Stream::isatty()</a> from Stream.o(i._ZN4mbed6Stream6isattyEv) referenced from Stream.o(.constdata__ZTVN4mbed6StreamE)
 <LI><a href="#[7e]">mbed::Stream::~Stream__sub_object()</a> from Stream.o(i._ZN4mbed6StreamD2Ev) referenced from Stream.o(.constdata__ZTVN4mbed6StreamE)
 <LI><a href="#[7f]">mbed::Ticker::handler()</a> from Ticker.o(i._ZN4mbed6Ticker7handlerEv) referenced from Ticker.o(.constdata__ZTVN4mbed6TickerE)
 <LI><a href="#[80]">mbed::FileBase::~FileBase()</a> from FileBase.o(i._ZN4mbed8FileBaseD1Ev) referenced from FileBase.o(.constdata__ZTVN4mbed8FileBaseE)
 <LI><a href="#[81]">mbed::FileLike::~FileLike__sub_object()</a> from FileLike.o(i._ZN4mbed8FileLikeD2Ev) referenced from FileLike.o(.constdata__ZTVN4mbed8FileLikeE)
 <LI><a href="#[82]">mbed::CallChain::~CallChain()</a> from CallChain.o(i._ZN4mbed9CallChainD1Ev) referenced from CallChain.o(.constdata__ZTVN4mbed9CallChainE)
 <LI><a href="#[63]">nRF51Gap::disconnect(Gap::DisconnectionReason_t)</a> from nrf51gap.o(.text) referenced from nrf51gap.o(.constdata__ZTV8nRF51Gap)
 <LI><a href="#[5f]">nRF51Gap::getAddress(Gap::addr_type_e*, unsigned char*)</a> from nrf51gap.o(.text) referenced from nrf51gap.o(.constdata__ZTV8nRF51Gap)
 <LI><a href="#[5e]">nRF51Gap::setAddress(Gap::addr_type_e, const unsigned char*)</a> from nrf51gap.o(.text) referenced from nrf51gap.o(.constdata__ZTV8nRF51Gap)
 <LI><a href="#[6a]">nRF51Gap::getAppearance(unsigned short*)</a> from nrf51gap.o(.text) referenced from nrf51gap.o(.constdata__ZTV8nRF51Gap)
 <LI><a href="#[68]">nRF51Gap::getDeviceName(unsigned char*, unsigned*)</a> from nrf51gap.o(.text) referenced from nrf51gap.o(.constdata__ZTV8nRF51Gap)
 <LI><a href="#[69]">nRF51Gap::setAppearance(unsigned short)</a> from nrf51gap.o(.text) referenced from nrf51gap.o(.constdata__ZTV8nRF51Gap)
 <LI><a href="#[67]">nRF51Gap::setDeviceName(const unsigned char*)</a> from nrf51gap.o(.text) referenced from nrf51gap.o(.constdata__ZTV8nRF51Gap)
 <LI><a href="#[62]">nRF51Gap::stopAdvertising()</a> from nrf51gap.o(.text) referenced from nrf51gap.o(.constdata__ZTV8nRF51Gap)
 <LI><a href="#[61]">nRF51Gap::startAdvertising(const GapAdvertisingParams&)</a> from nrf51gap.o(.text) referenced from nrf51gap.o(.constdata__ZTV8nRF51Gap)
 <LI><a href="#[60]">nRF51Gap::setAdvertisingData(const GapAdvertisingData&, const GapAdvertisingData&)</a> from nrf51gap.o(.text) referenced from nrf51gap.o(.constdata__ZTV8nRF51Gap)
 <LI><a href="#[66]">nRF51Gap::updateConnectionParams(unsigned short, const Gap::ConnectionParams_t*)</a> from nrf51gap.o(.text) referenced from nrf51gap.o(.constdata__ZTV8nRF51Gap)
 <LI><a href="#[64]">nRF51Gap::getPreferredConnectionParams(Gap::ConnectionParams_t*)</a> from nrf51gap.o(.text) referenced from nrf51gap.o(.constdata__ZTV8nRF51Gap)
 <LI><a href="#[65]">nRF51Gap::setPreferredConnectionParams(const Gap::ConnectionParams_t*)</a> from nrf51gap.o(.text) referenced from nrf51gap.o(.constdata__ZTV8nRF51Gap)
 <LI><a href="#[4e]">nRF51Gap::~nRF51Gap()</a> from nrf51822n.o(i._ZN8nRF51GapD1Ev) referenced from nrf51822n.o(i._ZN8nRF51Gap11getInstanceEv)
 <LI><a href="#[38]">BLEDevice::~BLEDevice()</a> from main.o(i._ZN9BLEDeviceD1Ev) referenced from main.o(.text)
 <LI><a href="#[6b]">nRF51822n::getVersion()</a> from nrf51822n.o(.text) referenced from nrf51822n.o(.constdata__ZTV9nRF51822n)
 <LI><a href="#[71]">nRF51822n::setTxPower(signed char)</a> from nrf51822n.o(.text) referenced from nrf51822n.o(.constdata__ZTV9nRF51822n)
 <LI><a href="#[72]">nRF51822n::waitForEvent()</a> from nrf51822n.o(.text) referenced from nrf51822n.o(.constdata__ZTV9nRF51822n)
 <LI><a href="#[6d]">nRF51822n::getGattServer()</a> from nrf51822n.o(i._ZN9nRF51822n13getGattServerEv) referenced from nrf51822n.o(.constdata__ZTV9nRF51822n)
 <LI><a href="#[6e]">nRF51822n::init()</a> from nrf51822n.o(.text) referenced from nrf51822n.o(.constdata__ZTV9nRF51822n)
 <LI><a href="#[70]">nRF51822n::reset()</a> from nrf51822n.o(.text) referenced from nrf51822n.o(.constdata__ZTV9nRF51822n)
 <LI><a href="#[6c]">nRF51822n::getGap()</a> from nrf51822n.o(i._ZN9nRF51822n6getGapEv) referenced from nrf51822n.o(.constdata__ZTV9nRF51822n)
 <LI><a href="#[6f]">nRF51822n::shutdown()</a> from nrf51822n.o(.text) referenced from nrf51822n.o(.constdata__ZTV9nRF51822n)
 <LI><a href="#[73]">nRF51822n::~nRF51822n__deallocating()</a> from nrf51822n.o(.text) referenced from nrf51822n.o(.constdata__ZTV9nRF51822n)
 <LI><a href="#[3a]">nRF51822n::~nRF51822n()</a> from nrf51822n.o(.text) referenced from nrf51822n.o(.constdata__ZTV9nRF51822n)
 <LI><a href="#[3a]">nRF51822n::~nRF51822n()</a> from nrf51822n.o(.text) referenced from nrf51822n.o(.text)
 <LI><a href="#[7d]">thunk{-72} to mbed::Serial::_getc()</a> from Serial.o(i._ZThn72_N4mbed6Serial5_getcEv) referenced from Serial.o(.constdata__ZTVN4mbed6SerialE)
 <LI><a href="#[7c]">thunk{-72} to mbed::Serial::_putc(int)</a> from Serial.o(i._ZThn72_N4mbed6Serial5_putcEi) referenced from Serial.o(.constdata__ZTVN4mbed6SerialE)
 <LI><a href="#[54]">__cxa_pure_virtual</a> from pure_virt.o(i.__cxa_pure_virtual) referenced 4 times from nrf51822n.o(.constdata__ZTV10GattServer)
 <LI><a href="#[54]">__cxa_pure_virtual</a> from pure_virt.o(i.__cxa_pure_virtual) referenced 8 times from nrf51822n.o(.constdata__ZTV21BLEDeviceInstanceBase)
 <LI><a href="#[54]">__cxa_pure_virtual</a> from pure_virt.o(i.__cxa_pure_virtual) referenced 13 times from nrf51822n.o(.constdata__ZTV3Gap)
 <LI><a href="#[54]">__cxa_pure_virtual</a> from pure_virt.o(i.__cxa_pure_virtual) referenced 6 times from retarget.o(.constdata__ZTVN4mbed10FileHandleE)
 <LI><a href="#[54]">__cxa_pure_virtual</a> from pure_virt.o(i.__cxa_pure_virtual) referenced from TimerEvent.o(.constdata__ZTVN4mbed10TimerEventE)
 <LI><a href="#[54]">__cxa_pure_virtual</a> from pure_virt.o(i.__cxa_pure_virtual) referenced 2 times from Stream.o(.constdata__ZTVN4mbed6StreamE)
 <LI><a href="#[54]">__cxa_pure_virtual</a> from pure_virt.o(i.__cxa_pure_virtual) referenced 6 times from FileLike.o(.constdata__ZTVN4mbed8FileLikeE)
 <LI><a href="#[85]">__main</a> from __main.o(!!!main) referenced from startup_nRF51822.o(.text)
 <LI><a href="#[84]">__sti___13_nRF51822n_cpp_ef81e865</a> from nrf51822n.o(.text) referenced from nrf51822n.o(.init_array)
 <LI><a href="#[83]">__sti___8_main_cpp_m_ble</a> from main.o(.text) referenced from main.o(.init_array)
 <LI><a href="#[4a]">_get_lc_ctype</a> from lc_ctype_c.o(locale$$code) referenced from rt_ctype_table.o(.text)
 <LI><a href="#[52]">_printf_fp_dec_real</a> from _printf_fp_dec.o(.text) referenced from printf1.o(x$fpl$printf1)
 <LI><a href="#[45]">_printf_input_char</a> from _printf_char_common.o(.text) referenced from _printf_char_common.o(.text)
 <LI><a href="#[44]">_sbackspace</a> from _sgetc.o(.text) referenced from __0sscanf.o(.text)
 <LI><a href="#[47]">_scanf_char_input</a> from scanf_char.o(.text) referenced from scanf_char.o(.text)
 <LI><a href="#[43]">_sgetc</a> from _sgetc.o(.text) referenced from __0sscanf.o(.text)
 <LI><a href="#[42]">_snputc</a> from _snputc.o(.text) referenced from __2snprintf.o(.text)
 <LI><a href="#[41]">_sputc</a> from _sputc.o(.text) referenced from __2sprintf.o(.text)
 <LI><a href="#[46]">fputc</a> from fputc.o(i.fputc) referenced from _printf_char_file.o(.text)
 <LI><a href="#[48]">isspace</a> from isspace.o(.text) referenced from scanf_char.o(.text)
 <LI><a href="#[50]">us_ticker_app_timer_callback</a> from us_ticker.o(i.us_ticker_app_timer_callback) referenced from us_ticker.o(i.us_ticker_set_interrupt)
</UL>
<P>
<H3>
Global Symbols
</H3>
<P><STRONG><a name="[85]"></a>__main</STRONG> (Thumb, 8 bytes, Stack size 0 bytes, __main.o(!!!main))
<BR><BR>[Calls]<UL><LI><a href="#[88]">&gt;&gt;</a>&nbsp;&nbsp;&nbsp;__rt_entry
<LI><a href="#[87]">&gt;&gt;</a>&nbsp;&nbsp;&nbsp;__scatterload
</UL>

<P><STRONG><a name="[87]"></a>__scatterload</STRONG> (Thumb, 0 bytes, Stack size unknown bytes, __scatter.o(!!!scatter))
<BR><BR>[Called By]<UL><LI><a href="#[85]">&gt;&gt;</a>&nbsp;&nbsp;&nbsp;__main
</UL>

<P><STRONG><a name="[89]"></a>__scatterload_rt2</STRONG> (Thumb, 52 bytes, Stack size unknown bytes, __scatter.o(!!!scatter), UNUSED)
<BR><BR>[Calls]<UL><LI><a href="#[88]">&gt;&gt;</a>&nbsp;&nbsp;&nbsp;__rt_entry
</UL>

<P><STRONG><a name="[1c0]"></a>__scatterload_rt2_thumb_only</STRONG> (Thumb, 0 bytes, Stack size unknown bytes, __scatter.o(!!!scatter), UNUSED)

<P><STRONG><a name="[1c1]"></a>__scatterload_null</STRONG> (Thumb, 0 bytes, Stack size unknown bytes, __scatter.o(!!!scatter), UNUSED)

<P><STRONG><a name="[1c2]"></a>__scatterload_zeroinit</STRONG> (Thumb, 28 bytes, Stack size unknown bytes, __scatter_zi.o(!!handler_zi), UNUSED)

<P><STRONG><a name="[124]"></a>_printf_percent</STRONG> (Thumb, 0 bytes, Stack size unknown bytes, _printf_percent.o(.ARM.Collect$$_printf_percent$$00000000))
<BR><BR>[Called By]<UL><LI><a href="#[122]">&gt;&gt;</a>&nbsp;&nbsp;&nbsp;__printf
</UL>

<P><STRONG><a name="[8a]"></a>_printf_n</STRONG> (Thumb, 0 bytes, Stack size unknown bytes, _printf_n.o(.ARM.Collect$$_printf_percent$$00000001))
<BR><BR>[Stack]<UL><LI>Max Depth = 96 + Unknown Stack Size
<LI>Call Chain = _printf_n &rArr; _printf_p &rArr; _printf_f &rArr; _printf_e &rArr; _printf_g &rArr; _printf_a &rArr; _printf_ll &rArr; _printf_i &rArr; _printf_d &rArr; _printf_u &rArr; _printf_o &rArr; _printf_x &rArr; _printf_int_hex &rArr; _printf_longlong_hex &rArr; _printf_int_common &rArr; _printf_post_padding
</UL>
<BR>[Calls]<UL><LI><a href="#[8b]">&gt;&gt;</a>&nbsp;&nbsp;&nbsp;_printf_p
<LI><a href="#[8c]">&gt;&gt;</a>&nbsp;&nbsp;&nbsp;_printf_charcount
</UL>

<P><STRONG><a name="[8b]"></a>_printf_p</STRONG> (Thumb, 0 bytes, Stack size unknown bytes, _printf_p.o(.ARM.Collect$$_printf_percent$$00000002))
<BR><BR>[Stack]<UL><LI>Max Depth = 96 + Unknown Stack Size
<LI>Call Chain = _printf_p &rArr; _printf_f &rArr; _printf_e &rArr; _printf_g &rArr; _printf_a &rArr; _printf_ll &rArr; _printf_i &rArr; _printf_d &rArr; _printf_u &rArr; _printf_o &rArr; _printf_x &rArr; _printf_int_hex &rArr; _printf_longlong_hex &rArr; _printf_int_common &rArr; _printf_post_padding
</UL>
<BR>[Calls]<UL><LI><a href="#[8e]">&gt;&gt;</a>&nbsp;&nbsp;&nbsp;_printf_hex_ptr
<LI><a href="#[8d]">&gt;&gt;</a>&nbsp;&nbsp;&nbsp;_printf_f
</UL>
<BR>[Called By]<UL><LI><a href="#[8a]">&gt;&gt;</a>&nbsp;&nbsp;&nbsp;_printf_n
</UL>

<P><STRONG><a name="[8d]"></a>_printf_f</STRONG> (Thumb, 0 bytes, Stack size unknown bytes, _printf_f.o(.ARM.Collect$$_printf_percent$$00000003))
<BR><BR>[Stack]<UL><LI>Max Depth = 96 + Unknown Stack Size
<LI>Call Chain = _printf_f &rArr; _printf_e &rArr; _printf_g &rArr; _printf_a &rArr; _printf_ll &rArr; _printf_i &rArr; _printf_d &rArr; _printf_u &rArr; _printf_o &rArr; _printf_x &rArr; _printf_int_hex &rArr; _printf_longlong_hex &rArr; _printf_int_common &rArr; _printf_post_padding
</UL>
<BR>[Calls]<UL><LI><a href="#[90]">&gt;&gt;</a>&nbsp;&nbsp;&nbsp;_printf_fp_dec
<LI><a href="#[8f]">&gt;&gt;</a>&nbsp;&nbsp;&nbsp;_printf_e
</UL>
<BR>[Called By]<UL><LI><a href="#[8b]">&gt;&gt;</a>&nbsp;&nbsp;&nbsp;_printf_p
</UL>

<P><STRONG><a name="[8f]"></a>_printf_e</STRONG> (Thumb, 0 bytes, Stack size unknown bytes, _printf_e.o(.ARM.Collect$$_printf_percent$$00000004))
<BR><BR>[Stack]<UL><LI>Max Depth = 96 + Unknown Stack Size
<LI>Call Chain = _printf_e &rArr; _printf_g &rArr; _printf_a &rArr; _printf_ll &rArr; _printf_i &rArr; _printf_d &rArr; _printf_u &rArr; _printf_o &rArr; _printf_x &rArr; _printf_int_hex &rArr; _printf_longlong_hex &rArr; _printf_int_common &rArr; _printf_post_padding
</UL>
<BR>[Calls]<UL><LI><a href="#[90]">&gt;&gt;</a>&nbsp;&nbsp;&nbsp;_printf_fp_dec
<LI><a href="#[91]">&gt;&gt;</a>&nbsp;&nbsp;&nbsp;_printf_g
</UL>
<BR>[Called By]<UL><LI><a href="#[8d]">&gt;&gt;</a>&nbsp;&nbsp;&nbsp;_printf_f
</UL>

<P><STRONG><a name="[91]"></a>_printf_g</STRONG> (Thumb, 0 bytes, Stack size unknown bytes, _printf_g.o(.ARM.Collect$$_printf_percent$$00000005))
<BR><BR>[Stack]<UL><LI>Max Depth = 96 + Unknown Stack Size
<LI>Call Chain = _printf_g &rArr; _printf_a &rArr; _printf_ll &rArr; _printf_i &rArr; _printf_d &rArr; _printf_u &rArr; _printf_o &rArr; _printf_x &rArr; _printf_int_hex &rArr; _printf_longlong_hex &rArr; _printf_int_common &rArr; _printf_post_padding
</UL>
<BR>[Calls]<UL><LI><a href="#[90]">&gt;&gt;</a>&nbsp;&nbsp;&nbsp;_printf_fp_dec
<LI><a href="#[92]">&gt;&gt;</a>&nbsp;&nbsp;&nbsp;_printf_a
</UL>
<BR>[Called By]<UL><LI><a href="#[8f]">&gt;&gt;</a>&nbsp;&nbsp;&nbsp;_printf_e
</UL>

<P><STRONG><a name="[92]"></a>_printf_a</STRONG> (Thumb, 0 bytes, Stack size unknown bytes, _printf_a.o(.ARM.Collect$$_printf_percent$$00000006))
<BR><BR>[Stack]<UL><LI>Max Depth = 96 + Unknown Stack Size
<LI>Call Chain = _printf_a &rArr; _printf_ll &rArr; _printf_i &rArr; _printf_d &rArr; _printf_u &rArr; _printf_o &rArr; _printf_x &rArr; _printf_int_hex &rArr; _printf_longlong_hex &rArr; _printf_int_common &rArr; _printf_post_padding
</UL>
<BR>[Calls]<UL><LI><a href="#[93]">&gt;&gt;</a>&nbsp;&nbsp;&nbsp;_printf_ll
<LI><a href="#[94]">&gt;&gt;</a>&nbsp;&nbsp;&nbsp;_printf_fp_hex (Weak Reference)
</UL>
<BR>[Called By]<UL><LI><a href="#[91]">&gt;&gt;</a>&nbsp;&nbsp;&nbsp;_printf_g
</UL>

<P><STRONG><a name="[93]"></a>_printf_ll</STRONG> (Thumb, 0 bytes, Stack size unknown bytes, _printf_ll.o(.ARM.Collect$$_printf_percent$$00000007))
<BR><BR>[Stack]<UL><LI>Max Depth = 96 + Unknown Stack Size
<LI>Call Chain = _printf_ll &rArr; _printf_i &rArr; _printf_d &rArr; _printf_u &rArr; _printf_o &rArr; _printf_x &rArr; _printf_int_hex &rArr; _printf_longlong_hex &rArr; _printf_int_common &rArr; _printf_post_padding
</UL>
<BR>[Calls]<UL><LI><a href="#[95]">&gt;&gt;</a>&nbsp;&nbsp;&nbsp;_printf_i
</UL>
<BR>[Called By]<UL><LI><a href="#[92]">&gt;&gt;</a>&nbsp;&nbsp;&nbsp;_printf_a
</UL>

<P><STRONG><a name="[95]"></a>_printf_i</STRONG> (Thumb, 0 bytes, Stack size unknown bytes, _printf_i.o(.ARM.Collect$$_printf_percent$$00000008))
<BR><BR>[Stack]<UL><LI>Max Depth = 96 + Unknown Stack Size
<LI>Call Chain = _printf_i &rArr; _printf_d &rArr; _printf_u &rArr; _printf_o &rArr; _printf_x &rArr; _printf_int_hex &rArr; _printf_longlong_hex &rArr; _printf_int_common &rArr; _printf_post_padding
</UL>
<BR>[Calls]<UL><LI><a href="#[96]">&gt;&gt;</a>&nbsp;&nbsp;&nbsp;_printf_d
<LI><a href="#[97]">&gt;&gt;</a>&nbsp;&nbsp;&nbsp;_printf_int_dec
</UL>
<BR>[Called By]<UL><LI><a href="#[93]">&gt;&gt;</a>&nbsp;&nbsp;&nbsp;_printf_ll
</UL>

<P><STRONG><a name="[96]"></a>_printf_d</STRONG> (Thumb, 0 bytes, Stack size unknown bytes, _printf_d.o(.ARM.Collect$$_printf_percent$$00000009))
<BR><BR>[Stack]<UL><LI>Max Depth = 96 + Unknown Stack Size
<LI>Call Chain = _printf_d &rArr; _printf_u &rArr; _printf_o &rArr; _printf_x &rArr; _printf_int_hex &rArr; _printf_longlong_hex &rArr; _printf_int_common &rArr; _printf_post_padding
</UL>
<BR>[Calls]<UL><LI><a href="#[98]">&gt;&gt;</a>&nbsp;&nbsp;&nbsp;_printf_u
<LI><a href="#[97]">&gt;&gt;</a>&nbsp;&nbsp;&nbsp;_printf_int_dec
</UL>
<BR>[Called By]<UL><LI><a href="#[95]">&gt;&gt;</a>&nbsp;&nbsp;&nbsp;_printf_i
</UL>

<P><STRONG><a name="[98]"></a>_printf_u</STRONG> (Thumb, 0 bytes, Stack size unknown bytes, _printf_u.o(.ARM.Collect$$_printf_percent$$0000000A))
<BR><BR>[Stack]<UL><LI>Max Depth = 96 + Unknown Stack Size
<LI>Call Chain = _printf_u &rArr; _printf_o &rArr; _printf_x &rArr; _printf_int_hex &rArr; _printf_longlong_hex &rArr; _printf_int_common &rArr; _printf_post_padding
</UL>
<BR>[Calls]<UL><LI><a href="#[97]">&gt;&gt;</a>&nbsp;&nbsp;&nbsp;_printf_int_dec
<LI><a href="#[99]">&gt;&gt;</a>&nbsp;&nbsp;&nbsp;_printf_o
</UL>
<BR>[Called By]<UL><LI><a href="#[96]">&gt;&gt;</a>&nbsp;&nbsp;&nbsp;_printf_d
</UL>

<P><STRONG><a name="[99]"></a>_printf_o</STRONG> (Thumb, 0 bytes, Stack size unknown bytes, _printf_o.o(.ARM.Collect$$_printf_percent$$0000000B))
<BR><BR>[Stack]<UL><LI>Max Depth = 96 + Unknown Stack Size
<LI>Call Chain = _printf_o &rArr; _printf_x &rArr; _printf_int_hex &rArr; _printf_longlong_hex &rArr; _printf_int_common &rArr; _printf_post_padding
</UL>
<BR>[Calls]<UL><LI><a href="#[9a]">&gt;&gt;</a>&nbsp;&nbsp;&nbsp;_printf_x
<LI><a href="#[9b]">&gt;&gt;</a>&nbsp;&nbsp;&nbsp;_printf_int_oct
</UL>
<BR>[Called By]<UL><LI><a href="#[98]">&gt;&gt;</a>&nbsp;&nbsp;&nbsp;_printf_u
</UL>

<P><STRONG><a name="[9a]"></a>_printf_x</STRONG> (Thumb, 0 bytes, Stack size unknown bytes, _printf_x.o(.ARM.Collect$$_printf_percent$$0000000C))
<BR><BR>[Stack]<UL><LI>Max Depth = 96 + Unknown Stack Size
<LI>Call Chain = _printf_x &rArr; _printf_int_hex &rArr; _printf_longlong_hex &rArr; _printf_int_common &rArr; _printf_post_padding
</UL>
<BR>[Calls]<UL><LI><a href="#[9d]">&gt;&gt;</a>&nbsp;&nbsp;&nbsp;_printf_int_hex
<LI><a href="#[9c]">&gt;&gt;</a>&nbsp;&nbsp;&nbsp;_printf_lli
</UL>
<BR>[Called By]<UL><LI><a href="#[99]">&gt;&gt;</a>&nbsp;&nbsp;&nbsp;_printf_o
</UL>

<P><STRONG><a name="[9c]"></a>_printf_lli</STRONG> (Thumb, 0 bytes, Stack size unknown bytes, _printf_lli.o(.ARM.Collect$$_printf_percent$$0000000D))
<BR><BR>[Stack]<UL><LI>Max Depth = 88 + Unknown Stack Size
<LI>Call Chain = _printf_lli &rArr; _printf_lld &rArr; _printf_llu &rArr; _printf_llo &rArr; _printf_llx &rArr; _printf_l &rArr; _printf_c &rArr; _printf_s &rArr; _printf_lc &rArr; _printf_wchar &rArr; _printf_lcs_common &rArr; _printf_wctomb &rArr; _wcrtomb &rArr; __rt_ctype_table
</UL>
<BR>[Calls]<UL><LI><a href="#[9e]">&gt;&gt;</a>&nbsp;&nbsp;&nbsp;_printf_lld
<LI><a href="#[9f]">&gt;&gt;</a>&nbsp;&nbsp;&nbsp;_printf_longlong_dec
</UL>
<BR>[Called By]<UL><LI><a href="#[9a]">&gt;&gt;</a>&nbsp;&nbsp;&nbsp;_printf_x
</UL>

<P><STRONG><a name="[9e]"></a>_printf_lld</STRONG> (Thumb, 0 bytes, Stack size unknown bytes, _printf_lld.o(.ARM.Collect$$_printf_percent$$0000000E))
<BR><BR>[Stack]<UL><LI>Max Depth = 88 + Unknown Stack Size
<LI>Call Chain = _printf_lld &rArr; _printf_llu &rArr; _printf_llo &rArr; _printf_llx &rArr; _printf_l &rArr; _printf_c &rArr; _printf_s &rArr; _printf_lc &rArr; _printf_wchar &rArr; _printf_lcs_common &rArr; _printf_wctomb &rArr; _wcrtomb &rArr; __rt_ctype_table
</UL>
<BR>[Calls]<UL><LI><a href="#[a0]">&gt;&gt;</a>&nbsp;&nbsp;&nbsp;_printf_llu
<LI><a href="#[9f]">&gt;&gt;</a>&nbsp;&nbsp;&nbsp;_printf_longlong_dec
</UL>
<BR>[Called By]<UL><LI><a href="#[9c]">&gt;&gt;</a>&nbsp;&nbsp;&nbsp;_printf_lli
</UL>

<P><STRONG><a name="[a0]"></a>_printf_llu</STRONG> (Thumb, 0 bytes, Stack size unknown bytes, _printf_llu.o(.ARM.Collect$$_printf_percent$$0000000F))
<BR><BR>[Stack]<UL><LI>Max Depth = 88 + Unknown Stack Size
<LI>Call Chain = _printf_llu &rArr; _printf_llo &rArr; _printf_llx &rArr; _printf_l &rArr; _printf_c &rArr; _printf_s &rArr; _printf_lc &rArr; _printf_wchar &rArr; _printf_lcs_common &rArr; _printf_wctomb &rArr; _wcrtomb &rArr; __rt_ctype_table
</UL>
<BR>[Calls]<UL><LI><a href="#[a1]">&gt;&gt;</a>&nbsp;&nbsp;&nbsp;_printf_llo
<LI><a href="#[9f]">&gt;&gt;</a>&nbsp;&nbsp;&nbsp;_printf_longlong_dec
</UL>
<BR>[Called By]<UL><LI><a href="#[9e]">&gt;&gt;</a>&nbsp;&nbsp;&nbsp;_printf_lld
</UL>

<P><STRONG><a name="[a1]"></a>_printf_llo</STRONG> (Thumb, 0 bytes, Stack size unknown bytes, _printf_llo.o(.ARM.Collect$$_printf_percent$$00000010))
<BR><BR>[Stack]<UL><LI>Max Depth = 88 + Unknown Stack Size
<LI>Call Chain = _printf_llo &rArr; _printf_llx &rArr; _printf_l &rArr; _printf_c &rArr; _printf_s &rArr; _printf_lc &rArr; _printf_wchar &rArr; _printf_lcs_common &rArr; _printf_wctomb &rArr; _wcrtomb &rArr; __rt_ctype_table
</UL>
<BR>[Calls]<UL><LI><a href="#[a2]">&gt;&gt;</a>&nbsp;&nbsp;&nbsp;_printf_llx
<LI><a href="#[a3]">&gt;&gt;</a>&nbsp;&nbsp;&nbsp;_printf_ll_oct
</UL>
<BR>[Called By]<UL><LI><a href="#[a0]">&gt;&gt;</a>&nbsp;&nbsp;&nbsp;_printf_llu
</UL>

<P><STRONG><a name="[a2]"></a>_printf_llx</STRONG> (Thumb, 0 bytes, Stack size unknown bytes, _printf_llx.o(.ARM.Collect$$_printf_percent$$00000011))
<BR><BR>[Stack]<UL><LI>Max Depth = 88 + Unknown Stack Size
<LI>Call Chain = _printf_llx &rArr; _printf_l &rArr; _printf_c &rArr; _printf_s &rArr; _printf_lc &rArr; _printf_wchar &rArr; _printf_lcs_common &rArr; _printf_wctomb &rArr; _wcrtomb &rArr; __rt_ctype_table
</UL>
<BR>[Calls]<UL><LI><a href="#[a5]">&gt;&gt;</a>&nbsp;&nbsp;&nbsp;_printf_ll_hex
<LI><a href="#[a4]">&gt;&gt;</a>&nbsp;&nbsp;&nbsp;_printf_l
</UL>
<BR>[Called By]<UL><LI><a href="#[a1]">&gt;&gt;</a>&nbsp;&nbsp;&nbsp;_printf_llo
</UL>

<P><STRONG><a name="[a4]"></a>_printf_l</STRONG> (Thumb, 0 bytes, Stack size unknown bytes, _printf_l.o(.ARM.Collect$$_printf_percent$$00000012))
<BR><BR>[Stack]<UL><LI>Max Depth = 88 + Unknown Stack Size
<LI>Call Chain = _printf_l &rArr; _printf_c &rArr; _printf_s &rArr; _printf_lc &rArr; _printf_wchar &rArr; _printf_lcs_common &rArr; _printf_wctomb &rArr; _wcrtomb &rArr; __rt_ctype_table
</UL>
<BR>[Calls]<UL><LI><a href="#[a6]">&gt;&gt;</a>&nbsp;&nbsp;&nbsp;_printf_c
</UL>
<BR>[Called By]<UL><LI><a href="#[a2]">&gt;&gt;</a>&nbsp;&nbsp;&nbsp;_printf_llx
</UL>

<P><STRONG><a name="[a6]"></a>_printf_c</STRONG> (Thumb, 0 bytes, Stack size unknown bytes, _printf_c.o(.ARM.Collect$$_printf_percent$$00000013))
<BR><BR>[Stack]<UL><LI>Max Depth = 88 + Unknown Stack Size
<LI>Call Chain = _printf_c &rArr; _printf_s &rArr; _printf_lc &rArr; _printf_wchar &rArr; _printf_lcs_common &rArr; _printf_wctomb &rArr; _wcrtomb &rArr; __rt_ctype_table
</UL>
<BR>[Calls]<UL><LI><a href="#[a8]">&gt;&gt;</a>&nbsp;&nbsp;&nbsp;_printf_char
<LI><a href="#[a7]">&gt;&gt;</a>&nbsp;&nbsp;&nbsp;_printf_s
</UL>
<BR>[Called By]<UL><LI><a href="#[a4]">&gt;&gt;</a>&nbsp;&nbsp;&nbsp;_printf_l
</UL>

<P><STRONG><a name="[a7]"></a>_printf_s</STRONG> (Thumb, 0 bytes, Stack size unknown bytes, _printf_s.o(.ARM.Collect$$_printf_percent$$00000014))
<BR><BR>[Stack]<UL><LI>Max Depth = 88 + Unknown Stack Size
<LI>Call Chain = _printf_s &rArr; _printf_lc &rArr; _printf_wchar &rArr; _printf_lcs_common &rArr; _printf_wctomb &rArr; _wcrtomb &rArr; __rt_ctype_table
</UL>
<BR>[Calls]<UL><LI><a href="#[aa]">&gt;&gt;</a>&nbsp;&nbsp;&nbsp;_printf_string
<LI><a href="#[a9]">&gt;&gt;</a>&nbsp;&nbsp;&nbsp;_printf_lc
</UL>
<BR>[Called By]<UL><LI><a href="#[a6]">&gt;&gt;</a>&nbsp;&nbsp;&nbsp;_printf_c
</UL>

<P><STRONG><a name="[a9]"></a>_printf_lc</STRONG> (Thumb, 0 bytes, Stack size unknown bytes, _printf_lc.o(.ARM.Collect$$_printf_percent$$00000015))
<BR><BR>[Stack]<UL><LI>Max Depth = 88 + Unknown Stack Size
<LI>Call Chain = _printf_lc &rArr; _printf_wchar &rArr; _printf_lcs_common &rArr; _printf_wctomb &rArr; _wcrtomb &rArr; __rt_ctype_table
</UL>
<BR>[Calls]<UL><LI><a href="#[ac]">&gt;&gt;</a>&nbsp;&nbsp;&nbsp;_printf_wchar
<LI><a href="#[ab]">&gt;&gt;</a>&nbsp;&nbsp;&nbsp;_printf_ls
</UL>
<BR>[Called By]<UL><LI><a href="#[a7]">&gt;&gt;</a>&nbsp;&nbsp;&nbsp;_printf_s
</UL>

<P><STRONG><a name="[ab]"></a>_printf_ls</STRONG> (Thumb, 0 bytes, Stack size unknown bytes, _printf_ls.o(.ARM.Collect$$_printf_percent$$00000016))
<BR><BR>[Stack]<UL><LI>Max Depth = 88 + Unknown Stack Size
<LI>Call Chain = _printf_ls &rArr; _printf_wstring &rArr; _printf_lcs_common &rArr; _printf_wctomb &rArr; _wcrtomb &rArr; __rt_ctype_table
</UL>
<BR>[Calls]<UL><LI><a href="#[ae]">&gt;&gt;</a>&nbsp;&nbsp;&nbsp;_printf_wstring
<LI><a href="#[ad]">&gt;&gt;</a>&nbsp;&nbsp;&nbsp;_printf_percent_end
</UL>
<BR>[Called By]<UL><LI><a href="#[a9]">&gt;&gt;</a>&nbsp;&nbsp;&nbsp;_printf_lc
</UL>

<P><STRONG><a name="[ad]"></a>_printf_percent_end</STRONG> (Thumb, 0 bytes, Stack size unknown bytes, _printf_percent_end.o(.ARM.Collect$$_printf_percent$$00000017))
<BR><BR>[Called By]<UL><LI><a href="#[ab]">&gt;&gt;</a>&nbsp;&nbsp;&nbsp;_printf_ls
</UL>

<P><STRONG><a name="[bc]"></a>__rt_lib_init</STRONG> (Thumb, 0 bytes, Stack size unknown bytes, libinit.o(.ARM.Collect$$libinit$$00000000))
<BR><BR>[Called By]<UL><LI><a href="#[bb]">&gt;&gt;</a>&nbsp;&nbsp;&nbsp;__rt_entry_li
</UL>

<P><STRONG><a name="[1c3]"></a>__rt_lib_init_fp_1</STRONG> (Thumb, 0 bytes, Stack size unknown bytes, libinit2.o(.ARM.Collect$$libinit$$00000002))

<P><STRONG><a name="[af]"></a>__rt_lib_init_heap_2</STRONG> (Thumb, 0 bytes, Stack size unknown bytes, libinit2.o(.ARM.Collect$$libinit$$00000005))
<BR><BR>[Stack]<UL><LI>Max Depth = 64 + Unknown Stack Size
<LI>Call Chain = __rt_lib_init_heap_2 &rArr; _init_alloc &rArr; __rt_SIGRTMEM &rArr; __rt_SIGRTMEM_inner &rArr; __default_signal_display &rArr; _ttywrch
</UL>
<BR>[Calls]<UL><LI><a href="#[b0]">&gt;&gt;</a>&nbsp;&nbsp;&nbsp;_init_alloc
</UL>

<P><STRONG><a name="[1c4]"></a>__rt_lib_init_preinit_1</STRONG> (Thumb, 0 bytes, Stack size unknown bytes, libinit2.o(.ARM.Collect$$libinit$$00000004))

<P><STRONG><a name="[1c5]"></a>__rt_lib_init_heap_1</STRONG> (Thumb, 0 bytes, Stack size unknown bytes, libinit2.o(.ARM.Collect$$libinit$$0000000A))

<P><STRONG><a name="[b1]"></a>__rt_lib_init_lc_common</STRONG> (Thumb, 0 bytes, Stack size unknown bytes, libinit2.o(.ARM.Collect$$libinit$$0000000F))
<BR><BR>[Calls]<UL><LI><a href="#[b2]">&gt;&gt;</a>&nbsp;&nbsp;&nbsp;__rt_locale
</UL>

<P><STRONG><a name="[1c6]"></a>__rt_lib_init_rand_1</STRONG> (Thumb, 0 bytes, Stack size unknown bytes, libinit2.o(.ARM.Collect$$libinit$$0000000E))

<P><STRONG><a name="[1c7]"></a>__rt_lib_init_user_alloc_1</STRONG> (Thumb, 0 bytes, Stack size unknown bytes, libinit2.o(.ARM.Collect$$libinit$$0000000C))

<P><STRONG><a name="[1c8]"></a>__rt_lib_init_lc_collate_1</STRONG> (Thumb, 0 bytes, Stack size unknown bytes, libinit2.o(.ARM.Collect$$libinit$$00000011))

<P><STRONG><a name="[b3]"></a>__rt_lib_init_lc_ctype_2</STRONG> (Thumb, 0 bytes, Stack size unknown bytes, libinit2.o(.ARM.Collect$$libinit$$00000012))
<BR><BR>[Stack]<UL><LI>Max Depth = 24 + Unknown Stack Size
<LI>Call Chain = __rt_lib_init_lc_ctype_2 &rArr; _get_lc_ctype &rArr; strcmp
</UL>
<BR>[Calls]<UL><LI><a href="#[4a]">&gt;&gt;</a>&nbsp;&nbsp;&nbsp;_get_lc_ctype
</UL>

<P><STRONG><a name="[1c9]"></a>__rt_lib_init_lc_ctype_1</STRONG> (Thumb, 0 bytes, Stack size unknown bytes, libinit2.o(.ARM.Collect$$libinit$$00000013))

<P><STRONG><a name="[1ca]"></a>__rt_lib_init_lc_monetary_1</STRONG> (Thumb, 0 bytes, Stack size unknown bytes, libinit2.o(.ARM.Collect$$libinit$$00000015))

<P><STRONG><a name="[b4]"></a>__rt_lib_init_lc_numeric_2</STRONG> (Thumb, 0 bytes, Stack size unknown bytes, libinit2.o(.ARM.Collect$$libinit$$00000016))
<BR><BR>[Stack]<UL><LI>Max Depth = 24 + Unknown Stack Size
<LI>Call Chain = __rt_lib_init_lc_numeric_2 &rArr; _get_lc_numeric &rArr; strcmp
</UL>
<BR>[Calls]<UL><LI><a href="#[b5]">&gt;&gt;</a>&nbsp;&nbsp;&nbsp;_get_lc_numeric
</UL>

<P><STRONG><a name="[1cb]"></a>__rt_lib_init_atexit_1</STRONG> (Thumb, 0 bytes, Stack size unknown bytes, libinit2.o(.ARM.Collect$$libinit$$0000001B))

<P><STRONG><a name="[1cc]"></a>__rt_lib_init_clock_1</STRONG> (Thumb, 0 bytes, Stack size unknown bytes, libinit2.o(.ARM.Collect$$libinit$$00000021))

<P><STRONG><a name="[1cd]"></a>__rt_lib_init_fp_trap_1</STRONG> (Thumb, 0 bytes, Stack size unknown bytes, libinit2.o(.ARM.Collect$$libinit$$0000001F))

<P><STRONG><a name="[1ce]"></a>__rt_lib_init_getenv_1</STRONG> (Thumb, 0 bytes, Stack size unknown bytes, libinit2.o(.ARM.Collect$$libinit$$00000023))

<P><STRONG><a name="[1cf]"></a>__rt_lib_init_lc_numeric_1</STRONG> (Thumb, 0 bytes, Stack size unknown bytes, libinit2.o(.ARM.Collect$$libinit$$00000017))

<P><STRONG><a name="[1d0]"></a>__rt_lib_init_lc_time_1</STRONG> (Thumb, 0 bytes, Stack size unknown bytes, libinit2.o(.ARM.Collect$$libinit$$00000019))

<P><STRONG><a name="[1d1]"></a>__rt_lib_init_signal_1</STRONG> (Thumb, 0 bytes, Stack size unknown bytes, libinit2.o(.ARM.Collect$$libinit$$0000001D))

<P><STRONG><a name="[b6]"></a>__rt_lib_init_stdio_2</STRONG> (Thumb, 0 bytes, Stack size unknown bytes, libinit2.o(.ARM.Collect$$libinit$$00000024))
<BR><BR>[Stack]<UL><LI>Max Depth = 360 + Unknown Stack Size
<LI>Call Chain = __rt_lib_init_stdio_2 &rArr; _initio &rArr; freopen &rArr; _fclose_internal &rArr; _fflush &rArr; _writebuf &rArr; _sys_write &rArr; serial_init &rArr; pin_mode &rArr; mbed_assert_internal &rArr; mbed_die &rArr;  mbed_assert_internal (Cycle)
</UL>
<BR>[Calls]<UL><LI><a href="#[b7]">&gt;&gt;</a>&nbsp;&nbsp;&nbsp;_initio
</UL>

<P><STRONG><a name="[1d2]"></a>__rt_lib_init_alloca_1</STRONG> (Thumb, 0 bytes, Stack size unknown bytes, libinit2.o(.ARM.Collect$$libinit$$0000002E))

<P><STRONG><a name="[1d3]"></a>__rt_lib_init_argv_1</STRONG> (Thumb, 0 bytes, Stack size unknown bytes, libinit2.o(.ARM.Collect$$libinit$$0000002C))

<P><STRONG><a name="[b8]"></a>__rt_lib_init_cpp_2</STRONG> (Thumb, 0 bytes, Stack size unknown bytes, libinit2.o(.ARM.Collect$$libinit$$00000031))
<BR><BR>[Stack]<UL><LI>Max Depth = 16 + Unknown Stack Size
<LI>Call Chain = __rt_lib_init_cpp_2 &rArr; __cpp_initialize__aeabi_
</UL>
<BR>[Calls]<UL><LI><a href="#[86]">&gt;&gt;</a>&nbsp;&nbsp;&nbsp;__cpp_initialize__aeabi_
</UL>

<P><STRONG><a name="[1d4]"></a>__rt_lib_init_exceptions_1</STRONG> (Thumb, 0 bytes, Stack size unknown bytes, libinit2.o(.ARM.Collect$$libinit$$00000030))

<P><STRONG><a name="[1d5]"></a>__rt_lib_init_stdio_1</STRONG> (Thumb, 0 bytes, Stack size unknown bytes, libinit2.o(.ARM.Collect$$libinit$$00000025))

<P><STRONG><a name="[1d6]"></a>__rt_lib_init_cpp_1</STRONG> (Thumb, 0 bytes, Stack size unknown bytes, libinit2.o(.ARM.Collect$$libinit$$00000032))

<P><STRONG><a name="[1d7]"></a>__rt_lib_init_return</STRONG> (Thumb, 0 bytes, Stack size unknown bytes, libinit2.o(.ARM.Collect$$libinit$$00000033))

<P><STRONG><a name="[88]"></a>__rt_entry</STRONG> (Thumb, 0 bytes, Stack size unknown bytes, __rtentry.o(.ARM.Collect$$rtentry$$00000000))
<BR><BR>[Called By]<UL><LI><a href="#[85]">&gt;&gt;</a>&nbsp;&nbsp;&nbsp;__main
<LI><a href="#[89]">&gt;&gt;</a>&nbsp;&nbsp;&nbsp;__scatterload_rt2
</UL>

<P><STRONG><a name="[1d8]"></a>__rt_entry_presh_1</STRONG> (Thumb, 0 bytes, Stack size unknown bytes, __rtentry2.o(.ARM.Collect$$rtentry$$00000002))

<P><STRONG><a name="[b9]"></a>__rt_entry_sh</STRONG> (Thumb, 0 bytes, Stack size unknown bytes, __rtentry4.o(.ARM.Collect$$rtentry$$00000004))
<BR><BR>[Calls]<UL><LI><a href="#[ba]">&gt;&gt;</a>&nbsp;&nbsp;&nbsp;__user_setup_stackheap
</UL>

<P><STRONG><a name="[1d9]"></a>__rt_lib_shutdown_cpp_2</STRONG> (Thumb, 0 bytes, Stack size unknown bytes, libshutdown2.o(.ARM.Collect$$libshutdown$$00000002))

<P><STRONG><a name="[1da]"></a>__rt_lib_shutdown_stdio_2</STRONG> (Thumb, 0 bytes, Stack size unknown bytes, libshutdown2.o(.ARM.Collect$$libshutdown$$00000004))

<P><STRONG><a name="[bb]"></a>__rt_entry_li</STRONG> (Thumb, 0 bytes, Stack size unknown bytes, __rtentry2.o(.ARM.Collect$$rtentry$$0000000A))
<BR><BR>[Calls]<UL><LI><a href="#[bc]">&gt;&gt;</a>&nbsp;&nbsp;&nbsp;__rt_lib_init
</UL>

<P><STRONG><a name="[1db]"></a>__rt_entry_postsh_1</STRONG> (Thumb, 0 bytes, Stack size unknown bytes, __rtentry2.o(.ARM.Collect$$rtentry$$00000009))

<P><STRONG><a name="[bd]"></a>__rt_entry_main</STRONG> (Thumb, 0 bytes, Stack size unknown bytes, __rtentry2.o(.ARM.Collect$$rtentry$$0000000D))
<BR><BR>[Stack]<UL><LI>Max Depth = 704 + Unknown Stack Size
<LI>Call Chain = __rt_entry_main &rArr; main &rArr; $Super$$main &rArr; mbed::Stream::printf(const char*, ...) &rArr; fflush &rArr; _do_fflush &rArr; _fflush &rArr; _writebuf &rArr; _sys_write &rArr; serial_init &rArr; pin_mode &rArr; mbed_assert_internal &rArr; mbed_die &rArr;  mbed_assert_internal (Cycle)
</UL>
<BR>[Calls]<UL><LI><a href="#[be]">&gt;&gt;</a>&nbsp;&nbsp;&nbsp;main
<LI><a href="#[bf]">&gt;&gt;</a>&nbsp;&nbsp;&nbsp;exit
</UL>

<P><STRONG><a name="[1dc]"></a>__rt_entry_postli_1</STRONG> (Thumb, 0 bytes, Stack size unknown bytes, __rtentry2.o(.ARM.Collect$$rtentry$$0000000C))

<P><STRONG><a name="[c0]"></a>__asm___13_nRF51822n_cpp_ef81e865___Z12nrf_delay_usj</STRONG> (Thumb, 30 bytes, Stack size 0 bytes, nrf51822n.o(.emb_text))
<BR><BR>[Calls]<UL><LI><a href="#[c0]">&gt;&gt;</a>&nbsp;&nbsp;&nbsp;__asm___13_nRF51822n_cpp_ef81e865___Z12nrf_delay_usj
</UL>
<BR>[Called By]<UL><LI><a href="#[70]">&gt;&gt;</a>&nbsp;&nbsp;&nbsp;nRF51822n::reset()
<LI><a href="#[c0]">&gt;&gt;</a>&nbsp;&nbsp;&nbsp;__asm___13_nRF51822n_cpp_ef81e865___Z12nrf_delay_usj
</UL>

<P><STRONG><a name="[c1]"></a>__asm___11_app_timer_c_cd27f9c3__nrf_delay_us</STRONG> (Thumb, 30 bytes, Stack size 0 bytes, app_timer.o(.emb_text))
<BR><BR>[Calls]<UL><LI><a href="#[c1]">&gt;&gt;</a>&nbsp;&nbsp;&nbsp;__asm___11_app_timer_c_cd27f9c3__nrf_delay_us
</UL>
<BR>[Called By]<UL><LI><a href="#[1ab]">&gt;&gt;</a>&nbsp;&nbsp;&nbsp;app_timer_init
<LI><a href="#[c1]">&gt;&gt;</a>&nbsp;&nbsp;&nbsp;__asm___11_app_timer_c_cd27f9c3__nrf_delay_us
<LI><a href="#[180]">&gt;&gt;</a>&nbsp;&nbsp;&nbsp;timer_list_handler
</UL>

<P><STRONG><a name="[135]"></a>__aeabi_memcpy4</STRONG> (Thumb, 56 bytes, Stack size 0 bytes, rt_memcpy.o(.emb_text))
<BR><BR>[Called By]<UL><LI><a href="#[eb]">&gt;&gt;</a>&nbsp;&nbsp;&nbsp;__aeabi_memcpy
</UL>

<P><STRONG><a name="[1dd]"></a>__aeabi_memcpy8</STRONG> (Thumb, 0 bytes, Stack size 0 bytes, rt_memcpy.o(.emb_text), UNUSED)

<P><STRONG><a name="[35]"></a>disconnectionCallback(unsigned short, Gap::DisconnectionReason_t)</STRONG> (Thumb, 60 bytes, Stack size 16 bytes, main.o(.text))
<BR><BR>[Stack]<UL><LI>Max Depth = 368 + Unknown Stack Size
<LI>Call Chain = disconnectionCallback(unsigned short, Gap::DisconnectionReason_t) &rArr; mbed::Stream::printf(const char*, ...) &rArr; fflush &rArr; _do_fflush &rArr; _fflush &rArr; _writebuf &rArr; _sys_write &rArr; serial_init &rArr; pin_mode &rArr; mbed_assert_internal &rArr; mbed_die &rArr;  mbed_assert_internal (Cycle)
</UL>
<BR>[Calls]<UL><LI><a href="#[c2]">&gt;&gt;</a>&nbsp;&nbsp;&nbsp;mbed::Stream::printf(const char*, ...)
<LI><a href="#[c3]">&gt;&gt;</a>&nbsp;&nbsp;&nbsp;BLEDevice::startAdvertising()
</UL>
<BR>[Address Reference Count : 1]<UL><LI> main.o(.text)
</UL>
<P><STRONG><a name="[1de]"></a>_maybe_terminate_alloc</STRONG> (Thumb, 0 bytes, Stack size 16 bytes, maybetermalloc1.o(.emb_text), UNUSED)

<P><STRONG><a name="[36]"></a>dataWrittenCallback(const GattCharacteristicWriteCBParams*)</STRONG> (Thumb, 228 bytes, Stack size 64 bytes, main.o(.text))
<BR><BR>[Stack]<UL><LI>Max Depth = 200 + Unknown Stack Size
<LI>Call Chain = dataWrittenCallback(const GattCharacteristicWriteCBParams*) &rArr; __2snprintf &rArr; _printf_char_common &rArr; __printf
</UL>
<BR>[Calls]<UL><LI><a href="#[c4]">&gt;&gt;</a>&nbsp;&nbsp;&nbsp;UARTService::getTXCharacteristicHandle()
<LI><a href="#[c5]">&gt;&gt;</a>&nbsp;&nbsp;&nbsp;__2snprintf
</UL>
<BR>[Address Reference Count : 1]<UL><LI> main.o(.text)
</UL>
<P><STRONG><a name="[37]"></a>dataSentCallback(unsigned)</STRONG> (Thumb, 2 bytes, Stack size 0 bytes, main.o(.text))
<BR>[Address Reference Count : 1]<UL><LI> main.o(.text)
</UL>
<P><STRONG><a name="[c6]"></a>sensor()</STRONG> (Thumb, 116 bytes, Stack size 32 bytes, main.o(.text))
<BR><BR>[Stack]<UL><LI>Max Depth = 384 + Unknown Stack Size
<LI>Call Chain = sensor() &rArr; mbed::Stream::printf(const char*, ...) &rArr; fflush &rArr; _do_fflush &rArr; _fflush &rArr; _writebuf &rArr; _sys_write &rArr; serial_init &rArr; pin_mode &rArr; mbed_assert_internal &rArr; mbed_die &rArr;  mbed_assert_internal (Cycle)
</UL>
<BR>[Calls]<UL><LI><a href="#[c2]">&gt;&gt;</a>&nbsp;&nbsp;&nbsp;mbed::Stream::printf(const char*, ...)
<LI><a href="#[c9]">&gt;&gt;</a>&nbsp;&nbsp;&nbsp;mbed::Stream::getc()
<LI><a href="#[c8]">&gt;&gt;</a>&nbsp;&nbsp;&nbsp;mbed::SerialBase::readable()
<LI><a href="#[ca]">&gt;&gt;</a>&nbsp;&nbsp;&nbsp;free
<LI><a href="#[c7]">&gt;&gt;</a>&nbsp;&nbsp;&nbsp;malloc
</UL>
<BR>[Called By]<UL><LI><a href="#[34]">&gt;&gt;</a>&nbsp;&nbsp;&nbsp;periodicCallback()
</UL>

<P><STRONG><a name="[cb]"></a>sensor1()</STRONG> (Thumb, 104 bytes, Stack size 32 bytes, main.o(.text))
<BR><BR>[Stack]<UL><LI>Max Depth = 384 + Unknown Stack Size
<LI>Call Chain = sensor1() &rArr; mbed::Stream::printf(const char*, ...) &rArr; fflush &rArr; _do_fflush &rArr; _fflush &rArr; _writebuf &rArr; _sys_write &rArr; serial_init &rArr; pin_mode &rArr; mbed_assert_internal &rArr; mbed_die &rArr;  mbed_assert_internal (Cycle)
</UL>
<BR>[Calls]<UL><LI><a href="#[c2]">&gt;&gt;</a>&nbsp;&nbsp;&nbsp;mbed::Stream::printf(const char*, ...)
<LI><a href="#[c9]">&gt;&gt;</a>&nbsp;&nbsp;&nbsp;mbed::Stream::getc()
<LI><a href="#[c8]">&gt;&gt;</a>&nbsp;&nbsp;&nbsp;mbed::SerialBase::readable()
<LI><a href="#[ca]">&gt;&gt;</a>&nbsp;&nbsp;&nbsp;free
<LI><a href="#[c7]">&gt;&gt;</a>&nbsp;&nbsp;&nbsp;malloc
</UL>
<BR>[Called By]<UL><LI><a href="#[34]">&gt;&gt;</a>&nbsp;&nbsp;&nbsp;periodicCallback()
</UL>

<P><STRONG><a name="[cc]"></a>sensor2()</STRONG> (Thumb, 104 bytes, Stack size 32 bytes, main.o(.text))
<BR><BR>[Stack]<UL><LI>Max Depth = 384 + Unknown Stack Size
<LI>Call Chain = sensor2() &rArr; mbed::Stream::printf(const char*, ...) &rArr; fflush &rArr; _do_fflush &rArr; _fflush &rArr; _writebuf &rArr; _sys_write &rArr; serial_init &rArr; pin_mode &rArr; mbed_assert_internal &rArr; mbed_die &rArr;  mbed_assert_internal (Cycle)
</UL>
<BR>[Calls]<UL><LI><a href="#[c2]">&gt;&gt;</a>&nbsp;&nbsp;&nbsp;mbed::Stream::printf(const char*, ...)
<LI><a href="#[c9]">&gt;&gt;</a>&nbsp;&nbsp;&nbsp;mbed::Stream::getc()
<LI><a href="#[c8]">&gt;&gt;</a>&nbsp;&nbsp;&nbsp;mbed::SerialBase::readable()
<LI><a href="#[ca]">&gt;&gt;</a>&nbsp;&nbsp;&nbsp;free
<LI><a href="#[c7]">&gt;&gt;</a>&nbsp;&nbsp;&nbsp;malloc
</UL>
<BR>[Called By]<UL><LI><a href="#[34]">&gt;&gt;</a>&nbsp;&nbsp;&nbsp;periodicCallback()
</UL>

<P><STRONG><a name="[cd]"></a>sensor3()</STRONG> (Thumb, 96 bytes, Stack size 32 bytes, main.o(.text), UNUSED)
<BR><BR>[Calls]<UL><LI><a href="#[c9]">&gt;&gt;</a>&nbsp;&nbsp;&nbsp;mbed::Stream::getc()
<LI><a href="#[c8]">&gt;&gt;</a>&nbsp;&nbsp;&nbsp;mbed::SerialBase::readable()
<LI><a href="#[ca]">&gt;&gt;</a>&nbsp;&nbsp;&nbsp;free
<LI><a href="#[c7]">&gt;&gt;</a>&nbsp;&nbsp;&nbsp;malloc
</UL>

<P><STRONG><a name="[ce]"></a>sensor4()</STRONG> (Thumb, 96 bytes, Stack size 32 bytes, main.o(.text), UNUSED)
<BR><BR>[Calls]<UL><LI><a href="#[c9]">&gt;&gt;</a>&nbsp;&nbsp;&nbsp;mbed::Stream::getc()
<LI><a href="#[c8]">&gt;&gt;</a>&nbsp;&nbsp;&nbsp;mbed::SerialBase::readable()
<LI><a href="#[ca]">&gt;&gt;</a>&nbsp;&nbsp;&nbsp;free
<LI><a href="#[c7]">&gt;&gt;</a>&nbsp;&nbsp;&nbsp;malloc
</UL>

<P><STRONG><a name="[34]"></a>periodicCallback()</STRONG> (Thumb, 28 bytes, Stack size 8 bytes, main.o(.text))
<BR><BR>[Stack]<UL><LI>Max Depth = 392 + Unknown Stack Size
<LI>Call Chain = periodicCallback() &rArr; sensor2() &rArr; mbed::Stream::printf(const char*, ...) &rArr; fflush &rArr; _do_fflush &rArr; _fflush &rArr; _writebuf &rArr; _sys_write &rArr; serial_init &rArr; pin_mode &rArr; mbed_assert_internal &rArr; mbed_die &rArr;  mbed_assert_internal (Cycle)
</UL>
<BR>[Calls]<UL><LI><a href="#[cc]">&gt;&gt;</a>&nbsp;&nbsp;&nbsp;sensor2()
<LI><a href="#[cb]">&gt;&gt;</a>&nbsp;&nbsp;&nbsp;sensor1()
<LI><a href="#[c6]">&gt;&gt;</a>&nbsp;&nbsp;&nbsp;sensor()
</UL>
<BR>[Address Reference Count : 1]<UL><LI> main.o(.text)
</UL>
<P><STRONG><a name="[cf]"></a>error(ble_error_e, unsigned)</STRONG> (Thumb, 16 bytes, Stack size 16 bytes, main.o(.text))
<BR><BR>[Stack]<UL><LI>Max Depth = 224<LI>Call Chain = error(ble_error_e, unsigned) &rArr; mbed::DigitalOut::operator =(int) &rArr; mbed_assert_internal &rArr; mbed_die &rArr;  mbed_assert_internal (Cycle)
</UL>
<BR>[Calls]<UL><LI><a href="#[d0]">&gt;&gt;</a>&nbsp;&nbsp;&nbsp;mbed::DigitalOut::operator =(int)
</UL>
<BR>[Called By]<UL><LI><a href="#[d1]">&gt;&gt;</a>&nbsp;&nbsp;&nbsp;$Super$$main
</UL>

<P><STRONG><a name="[d1]"></a>$Super$$main</STRONG> (Thumb, 708 bytes, Stack size 344 bytes, main.o(.text))
<BR><BR>[Stack]<UL><LI>Max Depth = 696 + Unknown Stack Size
<LI>Call Chain = $Super$$main &rArr; mbed::Stream::printf(const char*, ...) &rArr; fflush &rArr; _do_fflush &rArr; _fflush &rArr; _writebuf &rArr; _sys_write &rArr; serial_init &rArr; pin_mode &rArr; mbed_assert_internal &rArr; mbed_die &rArr;  mbed_assert_internal (Cycle)
</UL>
<BR>[Calls]<UL><LI><a href="#[de]">&gt;&gt;</a>&nbsp;&nbsp;&nbsp;UARTService::UARTService(BLEDevice&)
<LI><a href="#[d9]">&gt;&gt;</a>&nbsp;&nbsp;&nbsp;BLEDevice::init()
<LI><a href="#[d8]">&gt;&gt;</a>&nbsp;&nbsp;&nbsp;mbed::Ticker::setup(unsigned long long)
<LI><a href="#[c2]">&gt;&gt;</a>&nbsp;&nbsp;&nbsp;mbed::Stream::printf(const char*, ...)
<LI><a href="#[d3]">&gt;&gt;</a>&nbsp;&nbsp;&nbsp;mbed::FunctionPointer::FunctionPointer(void(*)())
<LI><a href="#[d7]">&gt;&gt;</a>&nbsp;&nbsp;&nbsp;mbed::FunctionPointer::attach(void(*)())
<LI><a href="#[d2]">&gt;&gt;</a>&nbsp;&nbsp;&nbsp;mbed::TimerEvent::TimerEvent__sub_object()
<LI><a href="#[d4]">&gt;&gt;</a>&nbsp;&nbsp;&nbsp;mbed::SerialBase::baud(int)
<LI><a href="#[db]">&gt;&gt;</a>&nbsp;&nbsp;&nbsp;GapAdvertisingData::addFlags(unsigned char)
<LI><a href="#[cf]">&gt;&gt;</a>&nbsp;&nbsp;&nbsp;error(ble_error_e, unsigned)
<LI><a href="#[dc]">&gt;&gt;</a>&nbsp;&nbsp;&nbsp;BLEDevice::accumulateAdvertisingPayload(GapAdvertisingData::DataType, const unsigned char*, unsigned char)
<LI><a href="#[c3]">&gt;&gt;</a>&nbsp;&nbsp;&nbsp;BLEDevice::startAdvertising()
<LI><a href="#[da]">&gt;&gt;</a>&nbsp;&nbsp;&nbsp;BLEDevice::onDataWritten(void(*)(const GattCharacteristicWriteCBParams*))
<LI><a href="#[d0]">&gt;&gt;</a>&nbsp;&nbsp;&nbsp;mbed::DigitalOut::operator =(int)
<LI><a href="#[dd]">&gt;&gt;</a>&nbsp;&nbsp;&nbsp;__aeabi_uidivmod
<LI><a href="#[d5]">&gt;&gt;</a>&nbsp;&nbsp;&nbsp;__aeabi_fmul
<LI><a href="#[d6]">&gt;&gt;</a>&nbsp;&nbsp;&nbsp;__aeabi_f2ulz
</UL>
<BR>[Called By]<UL><LI><a href="#[be]">&gt;&gt;</a>&nbsp;&nbsp;&nbsp;main
</UL>

<P><STRONG><a name="[d9]"></a>BLEDevice::init()</STRONG> (Thumb, 26 bytes, Stack size 16 bytes, bledevice.o(.text))
<BR><BR>[Stack]<UL><LI>Max Depth = 16<LI>Call Chain = BLEDevice::init()
</UL>
<BR>[Called By]<UL><LI><a href="#[d1]">&gt;&gt;</a>&nbsp;&nbsp;&nbsp;$Super$$main
</UL>

<P><STRONG><a name="[e1]"></a>GapAdvertisingData::GapAdvertisingData()</STRONG> (Thumb, 32 bytes, Stack size 8 bytes, gapadvertisingdata.o(.text))
<BR><BR>[Stack]<UL><LI>Max Depth = 8<LI>Call Chain = GapAdvertisingData::GapAdvertisingData()
</UL>
<BR>[Calls]<UL><LI><a href="#[e7]">&gt;&gt;</a>&nbsp;&nbsp;&nbsp;__aeabi_memclr4
</UL>
<BR>[Called By]<UL><LI><a href="#[83]">&gt;&gt;</a>&nbsp;&nbsp;&nbsp;__sti___8_main_cpp_m_ble
</UL>

<P><STRONG><a name="[1df]"></a>GapAdvertisingData::GapAdvertisingData__sub_object()</STRONG> (Thumb, 0 bytes, Stack size 8 bytes, gapadvertisingdata.o(.text), UNUSED)

<P><STRONG><a name="[59]"></a>GapAdvertisingData::~GapAdvertisingData()</STRONG> (Thumb, 2 bytes, Stack size 0 bytes, gapadvertisingdata.o(.text))
<BR><BR>[Called By]<UL><LI><a href="#[5a]">&gt;&gt;</a>&nbsp;&nbsp;&nbsp;GapAdvertisingData::~GapAdvertisingData__deallocating()
<LI><a href="#[38]">&gt;&gt;</a>&nbsp;&nbsp;&nbsp;BLEDevice::~BLEDevice()
</UL>
<BR>[Address Reference Count : 1]<UL><LI> gapadvertisingdata.o(.constdata__ZTV18GapAdvertisingData)
</UL>
<P><STRONG><a name="[1e0]"></a>GapAdvertisingData::~GapAdvertisingData__sub_object()</STRONG> (Thumb, 0 bytes, Stack size 0 bytes, gapadvertisingdata.o(.text), UNUSED)

<P><STRONG><a name="[5a]"></a>GapAdvertisingData::~GapAdvertisingData__deallocating()</STRONG> (Thumb, 18 bytes, Stack size 16 bytes, gapadvertisingdata.o(.text))
<BR><BR>[Stack]<UL><LI>Max Depth = 40<LI>Call Chain = GapAdvertisingData::~GapAdvertisingData__deallocating() &rArr; operator delete (void*) &rArr; free
</UL>
<BR>[Calls]<UL><LI><a href="#[59]">&gt;&gt;</a>&nbsp;&nbsp;&nbsp;GapAdvertisingData::~GapAdvertisingData()
<LI><a href="#[e8]">&gt;&gt;</a>&nbsp;&nbsp;&nbsp;operator delete (void*)
</UL>
<BR>[Address Reference Count : 1]<UL><LI> gapadvertisingdata.o(.constdata__ZTV18GapAdvertisingData)
</UL>
<P><STRONG><a name="[e9]"></a>GapAdvertisingData::addData(GapAdvertisingData::DataType, const unsigned char*, unsigned char)</STRONG> (Thumb, 114 bytes, Stack size 24 bytes, gapadvertisingdata.o(.text))
<BR><BR>[Stack]<UL><LI>Max Depth = 48<LI>Call Chain = GapAdvertisingData::addData(GapAdvertisingData::DataType, const unsigned char*, unsigned char) &rArr; __aeabi_memcpy
</UL>
<BR>[Calls]<UL><LI><a href="#[ea]">&gt;&gt;</a>&nbsp;&nbsp;&nbsp;__aeabi_memset
<LI><a href="#[eb]">&gt;&gt;</a>&nbsp;&nbsp;&nbsp;__aeabi_memcpy
</UL>
<BR>[Called By]<UL><LI><a href="#[db]">&gt;&gt;</a>&nbsp;&nbsp;&nbsp;GapAdvertisingData::addFlags(unsigned char)
<LI><a href="#[ed]">&gt;&gt;</a>&nbsp;&nbsp;&nbsp;GapAdvertisingData::addTxPower(signed char)
<LI><a href="#[ec]">&gt;&gt;</a>&nbsp;&nbsp;&nbsp;GapAdvertisingData::addAppearance(GapAdvertisingData::Appearance)
<LI><a href="#[dc]">&gt;&gt;</a>&nbsp;&nbsp;&nbsp;BLEDevice::accumulateAdvertisingPayload(GapAdvertisingData::DataType, const unsigned char*, unsigned char)
</UL>

<P><STRONG><a name="[ec]"></a>GapAdvertisingData::addAppearance(GapAdvertisingData::Appearance)</STRONG> (Thumb, 24 bytes, Stack size 16 bytes, gapadvertisingdata.o(.text), UNUSED)
<BR><BR>[Calls]<UL><LI><a href="#[e9]">&gt;&gt;</a>&nbsp;&nbsp;&nbsp;GapAdvertisingData::addData(GapAdvertisingData::DataType, const unsigned char*, unsigned char)
</UL>

<P><STRONG><a name="[db]"></a>GapAdvertisingData::addFlags(unsigned char)</STRONG> (Thumb, 18 bytes, Stack size 16 bytes, gapadvertisingdata.o(.text))
<BR><BR>[Stack]<UL><LI>Max Depth = 64<LI>Call Chain = GapAdvertisingData::addFlags(unsigned char) &rArr; GapAdvertisingData::addData(GapAdvertisingData::DataType, const unsigned char*, unsigned char) &rArr; __aeabi_memcpy
</UL>
<BR>[Calls]<UL><LI><a href="#[e9]">&gt;&gt;</a>&nbsp;&nbsp;&nbsp;GapAdvertisingData::addData(GapAdvertisingData::DataType, const unsigned char*, unsigned char)
</UL>
<BR>[Called By]<UL><LI><a href="#[d1]">&gt;&gt;</a>&nbsp;&nbsp;&nbsp;$Super$$main
</UL>

<P><STRONG><a name="[ed]"></a>GapAdvertisingData::addTxPower(signed char)</STRONG> (Thumb, 18 bytes, Stack size 16 bytes, gapadvertisingdata.o(.text), UNUSED)
<BR><BR>[Calls]<UL><LI><a href="#[e9]">&gt;&gt;</a>&nbsp;&nbsp;&nbsp;GapAdvertisingData::addData(GapAdvertisingData::DataType, const unsigned char*, unsigned char)
</UL>

<P><STRONG><a name="[e2]"></a>GapAdvertisingData::clear()</STRONG> (Thumb, 20 bytes, Stack size 8 bytes, gapadvertisingdata.o(.text))
<BR><BR>[Stack]<UL><LI>Max Depth = 8<LI>Call Chain = GapAdvertisingData::clear()
</UL>
<BR>[Calls]<UL><LI><a href="#[e7]">&gt;&gt;</a>&nbsp;&nbsp;&nbsp;__aeabi_memclr4
</UL>
<BR>[Called By]<UL><LI><a href="#[83]">&gt;&gt;</a>&nbsp;&nbsp;&nbsp;__sti___8_main_cpp_m_ble
</UL>

<P><STRONG><a name="[f7]"></a>GapAdvertisingData::getPayload() const</STRONG> (Thumb, 18 bytes, Stack size 0 bytes, gapadvertisingdata.o(.text))
<BR><BR>[Called By]<UL><LI><a href="#[60]">&gt;&gt;</a>&nbsp;&nbsp;&nbsp;nRF51Gap::setAdvertisingData(const GapAdvertisingData&, const GapAdvertisingData&)
</UL>

<P><STRONG><a name="[f6]"></a>GapAdvertisingData::getPayloadLen() const</STRONG> (Thumb, 8 bytes, Stack size 0 bytes, gapadvertisingdata.o(.text))
<BR><BR>[Called By]<UL><LI><a href="#[60]">&gt;&gt;</a>&nbsp;&nbsp;&nbsp;nRF51Gap::setAdvertisingData(const GapAdvertisingData&, const GapAdvertisingData&)
</UL>

<P><STRONG><a name="[f8]"></a>GapAdvertisingData::getAppearance() const</STRONG> (Thumb, 6 bytes, Stack size 0 bytes, gapadvertisingdata.o(.text))
<BR><BR>[Called By]<UL><LI><a href="#[60]">&gt;&gt;</a>&nbsp;&nbsp;&nbsp;nRF51Gap::setAdvertisingData(const GapAdvertisingData&, const GapAdvertisingData&)
</UL>

<P><STRONG><a name="[e0]"></a>GapAdvertisingParams::GapAdvertisingParams(GapAdvertisingParams::AdvertisingType, unsigned short, unsigned short)</STRONG> (Thumb, 98 bytes, Stack size 12 bytes, gapadvertisingparams.o(.text))
<BR><BR>[Stack]<UL><LI>Max Depth = 12<LI>Call Chain = GapAdvertisingParams::GapAdvertisingParams(GapAdvertisingParams::AdvertisingType, unsigned short, unsigned short)
</UL>
<BR>[Called By]<UL><LI><a href="#[83]">&gt;&gt;</a>&nbsp;&nbsp;&nbsp;__sti___8_main_cpp_m_ble
</UL>

<P><STRONG><a name="[1e1]"></a>GapAdvertisingParams::GapAdvertisingParams__sub_object(GapAdvertisingParams::AdvertisingType, unsigned short, unsigned short)</STRONG> (Thumb, 0 bytes, Stack size 12 bytes, gapadvertisingparams.o(.text), UNUSED)

<P><STRONG><a name="[5b]"></a>GapAdvertisingParams::~GapAdvertisingParams()</STRONG> (Thumb, 2 bytes, Stack size 0 bytes, gapadvertisingparams.o(.text))
<BR><BR>[Called By]<UL><LI><a href="#[5c]">&gt;&gt;</a>&nbsp;&nbsp;&nbsp;GapAdvertisingParams::~GapAdvertisingParams__deallocating()
<LI><a href="#[38]">&gt;&gt;</a>&nbsp;&nbsp;&nbsp;BLEDevice::~BLEDevice()
</UL>
<BR>[Address Reference Count : 1]<UL><LI> gapadvertisingparams.o(.constdata__ZTV20GapAdvertisingParams)
</UL>
<P><STRONG><a name="[1e2]"></a>GapAdvertisingParams::~GapAdvertisingParams__sub_object()</STRONG> (Thumb, 0 bytes, Stack size 0 bytes, gapadvertisingparams.o(.text), UNUSED)

<P><STRONG><a name="[5c]"></a>GapAdvertisingParams::~GapAdvertisingParams__deallocating()</STRONG> (Thumb, 18 bytes, Stack size 16 bytes, gapadvertisingparams.o(.text))
<BR><BR>[Stack]<UL><LI>Max Depth = 40<LI>Call Chain = GapAdvertisingParams::~GapAdvertisingParams__deallocating() &rArr; operator delete (void*) &rArr; free
</UL>
<BR>[Calls]<UL><LI><a href="#[5b]">&gt;&gt;</a>&nbsp;&nbsp;&nbsp;GapAdvertisingParams::~GapAdvertisingParams()
<LI><a href="#[e8]">&gt;&gt;</a>&nbsp;&nbsp;&nbsp;operator delete (void*)
</UL>
<BR>[Address Reference Count : 1]<UL><LI> gapadvertisingparams.o(.constdata__ZTV20GapAdvertisingParams)
</UL>
<P><STRONG><a name="[ee]"></a>GattService::GattService(const UUID&, GattCharacteristic**, unsigned)</STRONG> (Thumb, 32 bytes, Stack size 24 bytes, gattservice.o(.text))
<BR><BR>[Stack]<UL><LI>Max Depth = 48<LI>Call Chain = GattService::GattService(const UUID&, GattCharacteristic**, unsigned) &rArr; __aeabi_memcpy
</UL>
<BR>[Calls]<UL><LI><a href="#[eb]">&gt;&gt;</a>&nbsp;&nbsp;&nbsp;__aeabi_memcpy
</UL>
<BR>[Called By]<UL><LI><a href="#[de]">&gt;&gt;</a>&nbsp;&nbsp;&nbsp;UARTService::UARTService(BLEDevice&)
</UL>

<P><STRONG><a name="[1e3]"></a>GattService::GattService__sub_object(const UUID&, GattCharacteristic**, unsigned)</STRONG> (Thumb, 0 bytes, Stack size 24 bytes, gattservice.o(.text), UNUSED)

<P><STRONG><a name="[ef]"></a>UUID::UUID(const unsigned char*)</STRONG> (Thumb, 90 bytes, Stack size 16 bytes, uuid.o(.text))
<BR><BR>[Stack]<UL><LI>Max Depth = 40<LI>Call Chain = UUID::UUID(const unsigned char*) &rArr; __aeabi_memcpy
</UL>
<BR>[Calls]<UL><LI><a href="#[f0]">&gt;&gt;</a>&nbsp;&nbsp;&nbsp;__aeabi_memclr
<LI><a href="#[eb]">&gt;&gt;</a>&nbsp;&nbsp;&nbsp;__aeabi_memcpy
</UL>
<BR>[Called By]<UL><LI><a href="#[de]">&gt;&gt;</a>&nbsp;&nbsp;&nbsp;UARTService::UARTService(BLEDevice&)
</UL>

<P><STRONG><a name="[1e4]"></a>UUID::UUID__sub_object(const unsigned char*)</STRONG> (Thumb, 0 bytes, Stack size 16 bytes, uuid.o(.text), UNUSED)

<P><STRONG><a name="[f1]"></a>UUID::UUID(unsigned short)</STRONG> (Thumb, 24 bytes, Stack size 16 bytes, uuid.o(.text), UNUSED)
<BR><BR>[Calls]<UL><LI><a href="#[f0]">&gt;&gt;</a>&nbsp;&nbsp;&nbsp;__aeabi_memclr
</UL>

<P><STRONG><a name="[1e5]"></a>UUID::UUID__sub_object(unsigned short)</STRONG> (Thumb, 0 bytes, Stack size 16 bytes, uuid.o(.text), UNUSED)

<P><STRONG><a name="[df]"></a>createBLEDeviceInstance()</STRONG> (Thumb, 4 bytes, Stack size 0 bytes, nrf51822n.o(.text))
<BR><BR>[Called By]<UL><LI><a href="#[83]">&gt;&gt;</a>&nbsp;&nbsp;&nbsp;__sti___8_main_cpp_m_ble
</UL>

<P><STRONG><a name="[f5]"></a>nRF51822n::nRF51822n()</STRONG> (Thumb, 8 bytes, Stack size 0 bytes, nrf51822n.o(.text))
<BR><BR>[Called By]<UL><LI><a href="#[84]">&gt;&gt;</a>&nbsp;&nbsp;&nbsp;__sti___13_nRF51822n_cpp_ef81e865
</UL>

<P><STRONG><a name="[1e6]"></a>nRF51822n::nRF51822n__sub_object()</STRONG> (Thumb, 0 bytes, Stack size 0 bytes, nrf51822n.o(.text), UNUSED)

<P><STRONG><a name="[3a]"></a>nRF51822n::~nRF51822n()</STRONG> (Thumb, 2 bytes, Stack size 0 bytes, nrf51822n.o(.text))
<BR><BR>[Called By]<UL><LI><a href="#[73]">&gt;&gt;</a>&nbsp;&nbsp;&nbsp;nRF51822n::~nRF51822n__deallocating()
</UL>
<BR>[Address Reference Count : 2]<UL><LI> nrf51822n.o(.constdata__ZTV9nRF51822n)
<LI> nrf51822n.o(.text)
</UL>
<P><STRONG><a name="[1e7]"></a>nRF51822n::~nRF51822n__sub_object()</STRONG> (Thumb, 0 bytes, Stack size 0 bytes, nrf51822n.o(.text), UNUSED)

<P><STRONG><a name="[73]"></a>nRF51822n::~nRF51822n__deallocating()</STRONG> (Thumb, 18 bytes, Stack size 16 bytes, nrf51822n.o(.text))
<BR><BR>[Stack]<UL><LI>Max Depth = 40<LI>Call Chain = nRF51822n::~nRF51822n__deallocating() &rArr; operator delete (void*) &rArr; free
</UL>
<BR>[Calls]<UL><LI><a href="#[3a]">&gt;&gt;</a>&nbsp;&nbsp;&nbsp;nRF51822n::~nRF51822n()
<LI><a href="#[e8]">&gt;&gt;</a>&nbsp;&nbsp;&nbsp;operator delete (void*)
</UL>
<BR>[Address Reference Count : 1]<UL><LI> nrf51822n.o(.constdata__ZTV9nRF51822n)
</UL>
<P><STRONG><a name="[6b]"></a>nRF51822n::getVersion()</STRONG> (Thumb, 64 bytes, Stack size 24 bytes, nrf51822n.o(.text))
<BR><BR>[Stack]<UL><LI>Max Depth = 160 + Unknown Stack Size
<LI>Call Chain = nRF51822n::getVersion() &rArr; __2snprintf &rArr; _printf_char_common &rArr; __printf
</UL>
<BR>[Calls]<UL><LI><a href="#[f2]">&gt;&gt;</a>&nbsp;&nbsp;&nbsp;strncpy
<LI><a href="#[c5]">&gt;&gt;</a>&nbsp;&nbsp;&nbsp;__2snprintf
</UL>
<BR>[Address Reference Count : 1]<UL><LI> nrf51822n.o(.constdata__ZTV9nRF51822n)
</UL>
<P><STRONG><a name="[71]"></a>nRF51822n::setTxPower(signed char)</STRONG> (Thumb, 36 bytes, Stack size 16 bytes, nrf51822n.o(.text))
<BR><BR>[Stack]<UL><LI>Max Depth = 16<LI>Call Chain = nRF51822n::setTxPower(signed char)
</UL>
<BR>[Address Reference Count : 1]<UL><LI> nrf51822n.o(.constdata__ZTV9nRF51822n)
</UL>
<P><STRONG><a name="[6e]"></a>nRF51822n::init()</STRONG> (Thumb, 20 bytes, Stack size 8 bytes, nrf51822n.o(.text))
<BR><BR>[Stack]<UL><LI>Max Depth = 80<LI>Call Chain = nRF51822n::init() &rArr; btle_init &rArr; softdevice_handler_init
</UL>
<BR>[Calls]<UL><LI><a href="#[f3]">&gt;&gt;</a>&nbsp;&nbsp;&nbsp;btle_init
</UL>
<BR>[Address Reference Count : 1]<UL><LI> nrf51822n.o(.constdata__ZTV9nRF51822n)
</UL>
<P><STRONG><a name="[6f]"></a>nRF51822n::shutdown()</STRONG> (Thumb, 18 bytes, Stack size 8 bytes, nrf51822n.o(.text))
<BR><BR>[Stack]<UL><LI>Max Depth = 16<LI>Call Chain = nRF51822n::shutdown() &rArr; softdevice_handler_sd_disable
</UL>
<BR>[Calls]<UL><LI><a href="#[f4]">&gt;&gt;</a>&nbsp;&nbsp;&nbsp;softdevice_handler_sd_disable
</UL>
<BR>[Address Reference Count : 1]<UL><LI> nrf51822n.o(.constdata__ZTV9nRF51822n)
</UL>
<P><STRONG><a name="[70]"></a>nRF51822n::reset()</STRONG> (Thumb, 20 bytes, Stack size 8 bytes, nrf51822n.o(.text))
<BR><BR>[Stack]<UL><LI>Max Depth = 8<LI>Call Chain = nRF51822n::reset()
</UL>
<BR>[Calls]<UL><LI><a href="#[c0]">&gt;&gt;</a>&nbsp;&nbsp;&nbsp;__asm___13_nRF51822n_cpp_ef81e865___Z12nrf_delay_usj
</UL>
<BR>[Address Reference Count : 1]<UL><LI> nrf51822n.o(.constdata__ZTV9nRF51822n)
</UL>
<P><STRONG><a name="[72]"></a>nRF51822n::waitForEvent()</STRONG> (Thumb, 8 bytes, Stack size 8 bytes, nrf51822n.o(.text))
<BR><BR>[Stack]<UL><LI>Max Depth = 8<LI>Call Chain = nRF51822n::waitForEvent()
</UL>
<BR>[Address Reference Count : 1]<UL><LI> nrf51822n.o(.constdata__ZTV9nRF51822n)
</UL>
<P><STRONG><a name="[5e]"></a>nRF51Gap::setAddress(Gap::addr_type_e, const unsigned char*)</STRONG> (Thumb, 54 bytes, Stack size 32 bytes, nrf51gap.o(.text))
<BR><BR>[Stack]<UL><LI>Max Depth = 56<LI>Call Chain = nRF51Gap::setAddress(Gap::addr_type_e, const unsigned char*) &rArr; __aeabi_memcpy
</UL>
<BR>[Calls]<UL><LI><a href="#[eb]">&gt;&gt;</a>&nbsp;&nbsp;&nbsp;__aeabi_memcpy
</UL>
<BR>[Address Reference Count : 1]<UL><LI> nrf51gap.o(.constdata__ZTV8nRF51Gap)
</UL>
<P><STRONG><a name="[5f]"></a>nRF51Gap::getAddress(Gap::addr_type_e*, unsigned char*)</STRONG> (Thumb, 50 bytes, Stack size 24 bytes, nrf51gap.o(.text))
<BR><BR>[Stack]<UL><LI>Max Depth = 48<LI>Call Chain = nRF51Gap::getAddress(Gap::addr_type_e*, unsigned char*) &rArr; __aeabi_memcpy
</UL>
<BR>[Calls]<UL><LI><a href="#[eb]">&gt;&gt;</a>&nbsp;&nbsp;&nbsp;__aeabi_memcpy
</UL>
<BR>[Address Reference Count : 1]<UL><LI> nrf51gap.o(.constdata__ZTV8nRF51Gap)
</UL>
<P><STRONG><a name="[60]"></a>nRF51Gap::setAdvertisingData(const GapAdvertisingData&, const GapAdvertisingData&)</STRONG> (Thumb, 112 bytes, Stack size 32 bytes, nrf51gap.o(.text))
<BR><BR>[Stack]<UL><LI>Max Depth = 32<LI>Call Chain = nRF51Gap::setAdvertisingData(const GapAdvertisingData&, const GapAdvertisingData&)
</UL>
<BR>[Calls]<UL><LI><a href="#[f8]">&gt;&gt;</a>&nbsp;&nbsp;&nbsp;GapAdvertisingData::getAppearance() const
<LI><a href="#[f6]">&gt;&gt;</a>&nbsp;&nbsp;&nbsp;GapAdvertisingData::getPayloadLen() const
<LI><a href="#[f7]">&gt;&gt;</a>&nbsp;&nbsp;&nbsp;GapAdvertisingData::getPayload() const
</UL>
<BR>[Address Reference Count : 1]<UL><LI> nrf51gap.o(.constdata__ZTV8nRF51Gap)
</UL>
<P><STRONG><a name="[61]"></a>nRF51Gap::startAdvertising(const GapAdvertisingParams&)</STRONG> (Thumb, 218 bytes, Stack size 32 bytes, nrf51gap.o(.text))
<BR><BR>[Stack]<UL><LI>Max Depth = 32<LI>Call Chain = nRF51Gap::startAdvertising(const GapAdvertisingParams&)
</UL>
<BR>[Calls]<UL><LI><a href="#[fa]">&gt;&gt;</a>&nbsp;&nbsp;&nbsp;GapAdvertisingParams::getInterval() const
<LI><a href="#[f9]">&gt;&gt;</a>&nbsp;&nbsp;&nbsp;GapAdvertisingParams::getAdvertisingType() const
<LI><a href="#[e7]">&gt;&gt;</a>&nbsp;&nbsp;&nbsp;__aeabi_memclr4
</UL>
<BR>[Address Reference Count : 1]<UL><LI> nrf51gap.o(.constdata__ZTV8nRF51Gap)
</UL>
<P><STRONG><a name="[62]"></a>nRF51Gap::stopAdvertising()</STRONG> (Thumb, 30 bytes, Stack size 8 bytes, nrf51gap.o(.text))
<BR><BR>[Stack]<UL><LI>Max Depth = 8<LI>Call Chain = nRF51Gap::stopAdvertising()
</UL>
<BR>[Address Reference Count : 1]<UL><LI> nrf51gap.o(.constdata__ZTV8nRF51Gap)
</UL>
<P><STRONG><a name="[63]"></a>nRF51Gap::disconnect(Gap::DisconnectionReason_t)</STRONG> (Thumb, 76 bytes, Stack size 24 bytes, nrf51gap.o(.text))
<BR><BR>[Stack]<UL><LI>Max Depth = 24<LI>Call Chain = nRF51Gap::disconnect(Gap::DisconnectionReason_t)
</UL>
<BR>[Address Reference Count : 1]<UL><LI> nrf51gap.o(.constdata__ZTV8nRF51Gap)
</UL>
<P><STRONG><a name="[67]"></a>nRF51Gap::setDeviceName(const unsigned char*)</STRONG> (Thumb, 60 bytes, Stack size 24 bytes, nrf51gap.o(.text))
<BR><BR>[Stack]<UL><LI>Max Depth = 36<LI>Call Chain = nRF51Gap::setDeviceName(const unsigned char*) &rArr; strlen
</UL>
<BR>[Calls]<UL><LI><a href="#[fb]">&gt;&gt;</a>&nbsp;&nbsp;&nbsp;strlen
</UL>
<BR>[Address Reference Count : 1]<UL><LI> nrf51gap.o(.constdata__ZTV8nRF51Gap)
</UL>
<P><STRONG><a name="[68]"></a>nRF51Gap::getDeviceName(unsigned char*, unsigned*)</STRONG> (Thumb, 24 bytes, Stack size 16 bytes, nrf51gap.o(.text))
<BR><BR>[Stack]<UL><LI>Max Depth = 16<LI>Call Chain = nRF51Gap::getDeviceName(unsigned char*, unsigned*)
</UL>
<BR>[Address Reference Count : 1]<UL><LI> nrf51gap.o(.constdata__ZTV8nRF51Gap)
</UL>
<P><STRONG><a name="[69]"></a>nRF51Gap::setAppearance(unsigned short)</STRONG> (Thumb, 20 bytes, Stack size 16 bytes, nrf51gap.o(.text))
<BR><BR>[Stack]<UL><LI>Max Depth = 16<LI>Call Chain = nRF51Gap::setAppearance(unsigned short)
</UL>
<BR>[Address Reference Count : 1]<UL><LI> nrf51gap.o(.constdata__ZTV8nRF51Gap)
</UL>
<P><STRONG><a name="[6a]"></a>nRF51Gap::getAppearance(unsigned short*)</STRONG> (Thumb, 22 bytes, Stack size 16 bytes, nrf51gap.o(.text))
<BR><BR>[Stack]<UL><LI>Max Depth = 16<LI>Call Chain = nRF51Gap::getAppearance(unsigned short*)
</UL>
<BR>[Address Reference Count : 1]<UL><LI> nrf51gap.o(.constdata__ZTV8nRF51Gap)
</UL>
<P><STRONG><a name="[108]"></a>nRF51Gap::setConnectionHandle(unsigned short)</STRONG> (Thumb, 4 bytes, Stack size 0 bytes, nrf51gap.o(.text))
<BR><BR>[Called By]<UL><LI><a href="#[3c]">&gt;&gt;</a>&nbsp;&nbsp;&nbsp;btle_handler(ble_evt_t*)
</UL>

<P><STRONG><a name="[102]"></a>nRF51Gap::getConnectionHandle()</STRONG> (Thumb, 6 bytes, Stack size 0 bytes, nrf51gap.o(.text))
<BR><BR>[Called By]<UL><LI><a href="#[3c]">&gt;&gt;</a>&nbsp;&nbsp;&nbsp;btle_handler(ble_evt_t*)
<LI><a href="#[57]">&gt;&gt;</a>&nbsp;&nbsp;&nbsp;nRF51GattServer::updateValue(unsigned short, unsigned char*, unsigned short, bool)
</UL>

<P><STRONG><a name="[64]"></a>nRF51Gap::getPreferredConnectionParams(Gap::ConnectionParams_t*)</STRONG> (Thumb, 30 bytes, Stack size 24 bytes, nrf51gap.o(.text))
<BR><BR>[Stack]<UL><LI>Max Depth = 24<LI>Call Chain = nRF51Gap::getPreferredConnectionParams(Gap::ConnectionParams_t*)
</UL>
<BR>[Address Reference Count : 1]<UL><LI> nrf51gap.o(.constdata__ZTV8nRF51Gap)
</UL>
<P><STRONG><a name="[65]"></a>nRF51Gap::setPreferredConnectionParams(const Gap::ConnectionParams_t*)</STRONG> (Thumb, 30 bytes, Stack size 24 bytes, nrf51gap.o(.text))
<BR><BR>[Stack]<UL><LI>Max Depth = 24<LI>Call Chain = nRF51Gap::setPreferredConnectionParams(const Gap::ConnectionParams_t*)
</UL>
<BR>[Address Reference Count : 1]<UL><LI> nrf51gap.o(.constdata__ZTV8nRF51Gap)
</UL>
<P><STRONG><a name="[66]"></a>nRF51Gap::updateConnectionParams(unsigned short, const Gap::ConnectionParams_t*)</STRONG> (Thumb, 26 bytes, Stack size 24 bytes, nrf51gap.o(.text))
<BR><BR>[Stack]<UL><LI>Max Depth = 24<LI>Call Chain = nRF51Gap::updateConnectionParams(unsigned short, const Gap::ConnectionParams_t*)
</UL>
<BR>[Address Reference Count : 1]<UL><LI> nrf51gap.o(.constdata__ZTV8nRF51Gap)
</UL>
<P><STRONG><a name="[55]"></a>nRF51GattServer::addService(GattService&)</STRONG> (Thumb, 458 bytes, Stack size 80 bytes, nrf51gattserver.o(.text))
<BR><BR>[Stack]<UL><LI>Max Depth = 184<LI>Call Chain = nRF51GattServer::addService(GattService&) &rArr; custom_add_in_characteristic
</UL>
<BR>[Calls]<UL><LI><a href="#[fd]">&gt;&gt;</a>&nbsp;&nbsp;&nbsp;GattCharacteristic::getProperties() const
<LI><a href="#[ff]">&gt;&gt;</a>&nbsp;&nbsp;&nbsp;GattAttribute::setHandle(unsigned short)
<LI><a href="#[fc]">&gt;&gt;</a>&nbsp;&nbsp;&nbsp;custom_convert_to_nordic_uuid
<LI><a href="#[100]">&gt;&gt;</a>&nbsp;&nbsp;&nbsp;custom_add_in_descriptor
<LI><a href="#[fe]">&gt;&gt;</a>&nbsp;&nbsp;&nbsp;custom_add_in_characteristic
</UL>
<BR>[Address Reference Count : 1]<UL><LI> nrf51gattserver.o(.constdata__ZTV15nRF51GattServer)
</UL>
<P><STRONG><a name="[56]"></a>nRF51GattServer::readValue(unsigned short, unsigned char*, unsigned short*)</STRONG> (Thumb, 42 bytes, Stack size 24 bytes, nrf51gattserver.o(.text))
<BR><BR>[Stack]<UL><LI>Max Depth = 24<LI>Call Chain = nRF51GattServer::readValue(unsigned short, unsigned char*, unsigned short*)
</UL>
<BR>[Address Reference Count : 1]<UL><LI> nrf51gattserver.o(.constdata__ZTV15nRF51GattServer)
</UL>
<P><STRONG><a name="[57]"></a>nRF51GattServer::updateValue(unsigned short, unsigned char*, unsigned short, bool)</STRONG> (Thumb, 258 bytes, Stack size 64 bytes, nrf51gattserver.o(.text))
<BR><BR>[Stack]<UL><LI>Max Depth = 168<LI>Call Chain = nRF51GattServer::updateValue(unsigned short, unsigned char*, unsigned short, bool) &rArr; nRF51Gap::getInstance() &rArr; mbed::CallChain::CallChain(int) &rArr; operator new[] (unsigned) &rArr; operator new(unsigned) &rArr; malloc &rArr; __Heap_Full &rArr; __Heap_ProvideMemory &rArr; free
</UL>
<BR>[Calls]<UL><LI><a href="#[102]">&gt;&gt;</a>&nbsp;&nbsp;&nbsp;nRF51Gap::getConnectionHandle()
<LI><a href="#[101]">&gt;&gt;</a>&nbsp;&nbsp;&nbsp;nRF51Gap::getInstance()
<LI><a href="#[fd]">&gt;&gt;</a>&nbsp;&nbsp;&nbsp;GattCharacteristic::getProperties() const
</UL>
<BR>[Address Reference Count : 1]<UL><LI> nrf51gattserver.o(.constdata__ZTV15nRF51GattServer)
</UL>
<P><STRONG><a name="[58]"></a>nRF51GattServer::initializeGATTDatabase()</STRONG> (Thumb, 6 bytes, Stack size 0 bytes, nrf51gattserver.o(.text))
<BR>[Address Reference Count : 1]<UL><LI> nrf51gattserver.o(.constdata__ZTV15nRF51GattServer)
</UL>
<P><STRONG><a name="[103]"></a>nRF51GattServer::hwCallback(ble_evt_t*)</STRONG> (Thumb, 628 bytes, Stack size 72 bytes, nrf51gattserver.o(.text))
<BR><BR>[Stack]<UL><LI>Max Depth = 88<LI>Call Chain = nRF51GattServer::hwCallback(ble_evt_t*) &rArr; FunctionPointerWithContext&lang;const GattCharacteristicWriteCBParams*&rang;::call(const GattCharacteristicWriteCBParams*) &rArr;  FunctionPointerWithContext&lang;const GattCharacteristicWriteCBParams*&rang;::call(const GattCharacteristicWriteCBParams*) (Cycle)
</UL>
<BR>[Calls]<UL><LI><a href="#[105]">&gt;&gt;</a>&nbsp;&nbsp;&nbsp;FunctionPointerWithContext&lang;const GattCharacteristicWriteCBParams*&rang;::call(const GattCharacteristicWriteCBParams*)
<LI><a href="#[106]">&gt;&gt;</a>&nbsp;&nbsp;&nbsp;FunctionPointerWithContext&lang;GattCharacteristicWriteAuthCBParams*&rang;::call(GattCharacteristicWriteAuthCBParams*)
<LI><a href="#[107]">&gt;&gt;</a>&nbsp;&nbsp;&nbsp;FunctionPointerWithContext&lang;GattCharacteristicReadAuthCBParams*&rang;::call(GattCharacteristicReadAuthCBParams*)
<LI><a href="#[fd]">&gt;&gt;</a>&nbsp;&nbsp;&nbsp;GattCharacteristic::getProperties() const
<LI><a href="#[104]">&gt;&gt;</a>&nbsp;&nbsp;&nbsp;GattServer::handleEvent(GattServerEvents::gattEvent_e, unsigned short)
</UL>
<BR>[Called By]<UL><LI><a href="#[3c]">&gt;&gt;</a>&nbsp;&nbsp;&nbsp;btle_handler(ble_evt_t*)
</UL>

<P><STRONG><a name="[10d]"></a>app_error_handler</STRONG> (Thumb, 38 bytes, Stack size 8 bytes, btle.o(.text))
<BR><BR>[Stack]<UL><LI>Max Depth = 8<LI>Call Chain = app_error_handler
</UL>
<BR>[Called By]<UL><LI><a href="#[f3]">&gt;&gt;</a>&nbsp;&nbsp;&nbsp;btle_init
<LI><a href="#[30]">&gt;&gt;</a>&nbsp;&nbsp;&nbsp;SWI2_IRQHandler
<LI><a href="#[116]">&gt;&gt;</a>&nbsp;&nbsp;&nbsp;intern_softdevice_events_execute
</UL>

<P><STRONG><a name="[f3]"></a>btle_init</STRONG> (Thumb, 138 bytes, Stack size 32 bytes, btle.o(.text))
<BR><BR>[Stack]<UL><LI>Max Depth = 72<LI>Call Chain = btle_init &rArr; softdevice_handler_init
</UL>
<BR>[Calls]<UL><LI><a href="#[10d]">&gt;&gt;</a>&nbsp;&nbsp;&nbsp;app_error_handler
<LI><a href="#[10f]">&gt;&gt;</a>&nbsp;&nbsp;&nbsp;softdevice_sys_evt_handler_set
<LI><a href="#[10c]">&gt;&gt;</a>&nbsp;&nbsp;&nbsp;softdevice_handler_init
<LI><a href="#[10e]">&gt;&gt;</a>&nbsp;&nbsp;&nbsp;softdevice_ble_evt_handler_set
<LI><a href="#[110]">&gt;&gt;</a>&nbsp;&nbsp;&nbsp;btle_gap_init()
</UL>
[...]
</UL>

<P><STRONG><a name="[194]"></a>us_ticker_set_handler</STRONG> (Thumb, 14 bytes, Stack size 8 bytes, us_ticker_api.o(i.us_ticker_set_handler))
<BR><BR>[Stack]<UL><LI>Max Depth = 64<LI>Call Chain = us_ticker_set_handler &rArr; us_ticker_init &rArr; app_timer_init
</UL>
<BR>[Calls]<UL><LI><a href="#[1b9]">&gt;&gt;</a>&nbsp;&nbsp;&nbsp;us_ticker_init
</UL>
<BR>[Called By]<UL><LI><a href="#[d2]">&gt;&gt;</a>&nbsp;&nbsp;&nbsp;mbed::TimerEvent::TimerEvent__sub_object()
</UL>

<P><STRONG><a name="[1ba]"></a>us_ticker_set_interrupt</STRONG> (Thumb, 134 bytes, Stack size 48 bytes, us_ticker.o(i.us_ticker_set_interrupt))
<BR><BR>[Stack]<UL><LI>Max Depth = 88<LI>Call Chain = us_ticker_set_interrupt &rArr; app_timer_init
</UL>
<BR>[Calls]<UL><LI><a href="#[1ab]">&gt;&gt;</a>&nbsp;&nbsp;&nbsp;app_timer_init
<LI><a href="#[1bb]">&gt;&gt;</a>&nbsp;&nbsp;&nbsp;app_timer_cnt_get
<LI><a href="#[1bf]">&gt;&gt;</a>&nbsp;&nbsp;&nbsp;app_timer_start
<LI><a href="#[1bd]">&gt;&gt;</a>&nbsp;&nbsp;&nbsp;app_timer_create
<LI><a href="#[1be]">&gt;&gt;</a>&nbsp;&nbsp;&nbsp;__aeabi_uldivmod
</UL>
<BR>[Called By]<UL><LI><a href="#[1b5]">&gt;&gt;</a>&nbsp;&nbsp;&nbsp;us_ticker_irq_handler
<LI><a href="#[193]">&gt;&gt;</a>&nbsp;&nbsp;&nbsp;us_ticker_remove_event
<LI><a href="#[191]">&gt;&gt;</a>&nbsp;&nbsp;&nbsp;us_ticker_insert_event
</UL>

<P><STRONG><a name="[1b4]"></a>wait_ms</STRONG> (Thumb, 28 bytes, Stack size 16 bytes, wait_api.o(i.wait_ms))
<BR><BR>[Stack]<UL><LI>Max Depth = 80<LI>Call Chain = wait_ms &rArr; us_ticker_read &rArr; app_timer_init
</UL>
<BR>[Calls]<UL><LI><a href="#[199]">&gt;&gt;</a>&nbsp;&nbsp;&nbsp;us_ticker_read
</UL>
<BR>[Called By]<UL><LI><a href="#[1ad]">&gt;&gt;</a>&nbsp;&nbsp;&nbsp;mbed_die
</UL>

<P><STRONG><a name="[b5]"></a>_get_lc_numeric</STRONG> (Thumb, 44 bytes, Stack size 8 bytes, lc_numeric_c.o(locale$$code))
<BR><BR>[Stack]<UL><LI>Max Depth = 24<LI>Call Chain = _get_lc_numeric &rArr; strcmp
</UL>
<BR>[Calls]<UL><LI><a href="#[1a7]">&gt;&gt;</a>&nbsp;&nbsp;&nbsp;strcmp
</UL>
<BR>[Called By]<UL><LI><a href="#[b4]">&gt;&gt;</a>&nbsp;&nbsp;&nbsp;__rt_lib_init_lc_numeric_2
</UL>

<P><STRONG><a name="[4a]"></a>_get_lc_ctype</STRONG> (Thumb, 44 bytes, Stack size 8 bytes, lc_ctype_c.o(locale$$code))
<BR><BR>[Stack]<UL><LI>Max Depth = 24<LI>Call Chain = _get_lc_ctype &rArr; strcmp
</UL>
<BR>[Calls]<UL><LI><a href="#[1a7]">&gt;&gt;</a>&nbsp;&nbsp;&nbsp;strcmp
</UL>
<BR>[Called By]<UL><LI><a href="#[b3]">&gt;&gt;</a>&nbsp;&nbsp;&nbsp;__rt_lib_init_lc_ctype_2
</UL>
<BR>[Address Reference Count : 1]<UL><LI> rt_ctype_table.o(.text)
</UL>
<P><STRONG><a name="[107]"></a>FunctionPointerWithContext&lang;GattCharacteristicReadAuthCBParams*&rang;::call(GattCharacteristicReadAuthCBParams*)</STRONG> (Thumb, 60 bytes, Stack size 16 bytes, nrf51gattserver.o(t._ZN26FunctionPointerWithContextIP34GattCharacteristicReadAuthCBParamsE4callES1_))
<BR><BR>[Stack]<UL><LI>Max Depth = 16 + In Cycle
<LI>Call Chain = FunctionPointerWithContext&lang;GattCharacteristicReadAuthCBParams*&rang;::call(GattCharacteristicReadAuthCBParams*) &rArr;  FunctionPointerWithContext&lang;GattCharacteristicReadAuthCBParams*&rang;::call(GattCharacteristicReadAuthCBParams*) (Cycle)
</UL>
<BR>[Calls]<UL><LI><a href="#[107]">&gt;&gt;</a>&nbsp;&nbsp;&nbsp;FunctionPointerWithContext&lang;GattCharacteristicReadAuthCBParams*&rang;::call(GattCharacteristicReadAuthCBParams*)
</UL>
<BR>[Called By]<UL><LI><a href="#[107]">&gt;&gt;</a>&nbsp;&nbsp;&nbsp;FunctionPointerWithContext&lang;GattCharacteristicReadAuthCBParams*&rang;::call(GattCharacteristicReadAuthCBParams*)
<LI><a href="#[103]">&gt;&gt;</a>&nbsp;&nbsp;&nbsp;nRF51GattServer::hwCallback(ble_evt_t*)
</UL>

<P><STRONG><a name="[106]"></a>FunctionPointerWithContext&lang;GattCharacteristicWriteAuthCBParams*&rang;::call(GattCharacteristicWriteAuthCBParams*)</STRONG> (Thumb, 60 bytes, Stack size 16 bytes, nrf51gattserver.o(t._ZN26FunctionPointerWithContextIP35GattCharacteristicWriteAuthCBParamsE4callES1_))
<BR><BR>[Stack]<UL><LI>Max Depth = 16 + In Cycle
<LI>Call Chain = FunctionPointerWithContext&lang;GattCharacteristicWriteAuthCBParams*&rang;::call(GattCharacteristicWriteAuthCBParams*) &rArr;  FunctionPointerWithContext&lang;GattCharacteristicWriteAuthCBParams*&rang;::call(GattCharacteristicWriteAuthCBParams*) (Cycle)
</UL>
<BR>[Calls]<UL><LI><a href="#[106]">&gt;&gt;</a>&nbsp;&nbsp;&nbsp;FunctionPointerWithContext&lang;GattCharacteristicWriteAuthCBParams*&rang;::call(GattCharacteristicWriteAuthCBParams*)
</UL>
<BR>[Called By]<UL><LI><a href="#[106]">&gt;&gt;</a>&nbsp;&nbsp;&nbsp;FunctionPointerWithContext&lang;GattCharacteristicWriteAuthCBParams*&rang;::call(GattCharacteristicWriteAuthCBParams*)
<LI><a href="#[103]">&gt;&gt;</a>&nbsp;&nbsp;&nbsp;nRF51GattServer::hwCallback(ble_evt_t*)
</UL>

<P><STRONG><a name="[51]"></a>void FunctionPointerWithContext&lang;const GattCharacteristicWriteCBParams*&rang;::membercaller&lang;UARTService&rang;(void*, char*, const GattCharacteristicWriteCBParams*)</STRONG> (Thumb, 86 bytes, Stack size 80 bytes, main.o(t._ZN26FunctionPointerWithContextIPK31GattCharacteristicWriteCBParamsE12membercallerI11UARTServiceEEvPvPcS2_))
<BR><BR>[Stack]<UL><LI>Max Depth = 104<LI>Call Chain = void FunctionPointerWithContext&lang;const GattCharacteristicWriteCBParams*&rang;::membercaller&lang;UARTService&rang;(void*, char*, const GattCharacteristicWriteCBParams*) &rArr; __aeabi_memcpy
</UL>
<BR>[Calls]<UL><LI><a href="#[eb]">&gt;&gt;</a>&nbsp;&nbsp;&nbsp;__aeabi_memcpy
</UL>
<BR>[Address Reference Count : 1]<UL><LI> main.o(t._ZN38CallChainOfFunctionPointersWithContextIPK31GattCharacteristicWriteCBParamsE3addI11UARTServiceEEP26FunctionPointerWithContextIS2_EPT_MS9_FvS2_E)
</UL>
<P><STRONG><a name="[105]"></a>FunctionPointerWithContext&lang;const GattCharacteristicWriteCBParams*&rang;::call(const GattCharacteristicWriteCBParams*)</STRONG> (Thumb, 60 bytes, Stack size 16 bytes, nrf51gattserver.o(t._ZN26FunctionPointerWithContextIPK31GattCharacteristicWriteCBParamsE4callES2_))
<BR><BR>[Stack]<UL><LI>Max Depth = 16 + In Cycle
<LI>Call Chain = FunctionPointerWithContext&lang;const GattCharacteristicWriteCBParams*&rang;::call(const GattCharacteristicWriteCBParams*) &rArr;  FunctionPointerWithContext&lang;const GattCharacteristicWriteCBParams*&rang;::call(const GattCharacteristicWriteCBParams*) (Cycle)
</UL>
<BR>[Calls]<UL><LI><a href="#[105]">&gt;&gt;</a>&nbsp;&nbsp;&nbsp;FunctionPointerWithContext&lang;const GattCharacteristicWriteCBParams*&rang;::call(const GattCharacteristicWriteCBParams*)
</UL>
<BR>[Called By]<UL><LI><a href="#[105]">&gt;&gt;</a>&nbsp;&nbsp;&nbsp;FunctionPointerWithContext&lang;const GattCharacteristicWriteCBParams*&rang;::call(const GattCharacteristicWriteCBParams*)
<LI><a href="#[103]">&gt;&gt;</a>&nbsp;&nbsp;&nbsp;nRF51GattServer::hwCallback(ble_evt_t*)
</UL>

<P><STRONG><a name="[1a5]"></a>CallChainOfFunctionPointersWithContext&lang;const GattCharacteristicWriteCBParams*&rang;::common_add(FunctionPointerWithContext&lang;const GattCharacteristicWriteCBParams*&rang;*)</STRONG> (Thumb, 24 bytes, Stack size 0 bytes, main.o(t._ZN38CallChainOfFunctionPointersWithContextIPK31GattCharacteristicWriteCBParamsE10common_addEP26FunctionPointerWithContextIS2_E))
<BR><BR>[Called By]<UL><LI><a href="#[182]">&gt;&gt;</a>&nbsp;&nbsp;&nbsp;FunctionPointerWithContext&lang;const GattCharacteristicWriteCBParams*&rang;* CallChainOfFunctionPointersWithContext&lang;const GattCharacteristicWriteCBParams*&rang;::add&lang;UARTService&rang;(T1*, void(T1::*)(const GattCharacteristicWriteCBParams*))
<LI><a href="#[da]">&gt;&gt;</a>&nbsp;&nbsp;&nbsp;BLEDevice::onDataWritten(void(*)(const GattCharacteristicWriteCBParams*))
</UL>

<P><STRONG><a name="[182]"></a>FunctionPointerWithContext&lang;const GattCharacteristicWriteCBParams*&rang;* CallChainOfFunctionPointersWithContext&lang;const GattCharacteristicWriteCBParams*&rang;::add&lang;UARTService&rang;(T1*, void(T1::*)(const GattCharacteristicWriteCBParams*))</STRONG> (Thumb, 80 bytes, Stack size 48 bytes, main.o(t._ZN38CallChainOfFunctionPointersWithContextIPK31GattCharacteristicWriteCBParamsE3addI11UARTServiceEEP26FunctionPointerWithContextIS2_EPT_MS9_FvS2_E))
<BR><BR>[Stack]<UL><LI>Max Depth = 112<LI>Call Chain = FunctionPointerWithContext&lang;const GattCharacteristicWriteCBParams*&rang;* CallChainOfFunctionPointersWithContext&lang;const GattCharacteristicWriteCBParams*&rang;::add&lang;UARTService&rang;(T1*, void(T1::*)(const GattCharacteristicWriteCBParams*)) &rArr; operator new(unsigned) &rArr; malloc &rArr; __Heap_Full &rArr; __Heap_ProvideMemory &rArr; free
</UL>
<BR>[Calls]<UL><LI><a href="#[1a5]">&gt;&gt;</a>&nbsp;&nbsp;&nbsp;CallChainOfFunctionPointersWithContext&lang;const GattCharacteristicWriteCBParams*&rang;::common_add(FunctionPointerWithContext&lang;const GattCharacteristicWriteCBParams*&rang;*)
<LI><a href="#[1a4]">&gt;&gt;</a>&nbsp;&nbsp;&nbsp;operator new(unsigned)
</UL>
<BR>[Called By]<UL><LI><a href="#[de]">&gt;&gt;</a>&nbsp;&nbsp;&nbsp;UARTService::UARTService(BLEDevice&)
</UL>

<P><STRONG><a name="[5d]"></a>CallChainOfFunctionPointersWithContext&lang;const GattCharacteristicWriteCBParams*&rang;::~CallChainOfFunctionPointersWithContext()</STRONG> (Thumb, 44 bytes, Stack size 16 bytes, nrf51822n.o(t._ZN38CallChainOfFunctionPointersWithContextIPK31GattCharacteristicWriteCBParamsED1Ev))
<BR><BR>[Stack]<UL><LI>Max Depth = 40<LI>Call Chain = CallChainOfFunctionPointersWithContext&lang;const GattCharacteristicWriteCBParams*&rang;::~CallChainOfFunctionPointersWithContext() &rArr; operator delete (void*) &rArr; free
</UL>
<BR>[Calls]<UL><LI><a href="#[e8]">&gt;&gt;</a>&nbsp;&nbsp;&nbsp;operator delete (void*)
</UL>
<BR>[Called By]<UL><LI><a href="#[3b]">&gt;&gt;</a>&nbsp;&nbsp;&nbsp;nRF51GattServer::~nRF51GattServer()
</UL>
<BR>[Address Reference Count : 1]<UL><LI> nrf51822n.o(.constdata__ZTV38CallChainOfFunctionPointersWithContextIPK31GattCharacteristicWriteCBParamsE)
</UL>
<P><STRONG><a name="[213]"></a>CallChainOfFunctionPointersWithContext&lang;const GattCharacteristicWriteCBParams*&rang;::~CallChainOfFunctionPointersWithContext__sub_object()</STRONG> (Thumb, 0 bytes, Stack size 16 bytes, nrf51822n.o(t._ZN38CallChainOfFunctionPointersWithContextIPK31GattCharacteristicWriteCBParamsED1Ev), UNUSED)

<P><STRONG><a name="[d5]"></a>__aeabi_fmul</STRONG> (Thumb, 0 bytes, Stack size 16 bytes, fmul.o(x$fpl$fmul))
<BR><BR>[Stack]<UL><LI>Max Depth = 16<LI>Call Chain = __aeabi_fmul
</UL>
<BR>[Called By]<UL><LI><a href="#[d1]">&gt;&gt;</a>&nbsp;&nbsp;&nbsp;$Super$$main
</UL>

<P><STRONG><a name="[214]"></a>_fmul</STRONG> (Thumb, 172 bytes, Stack size 16 bytes, fmul.o(x$fpl$fmul), UNUSED)

<P><STRONG><a name="[90]"></a>_printf_fp_dec</STRONG> (Thumb, 16 bytes, Stack size 8 bytes, printf1.o(x$fpl$printf1))
<BR><BR>[Stack]<UL><LI>Max Depth = 8<LI>Call Chain = _printf_fp_dec
</UL>
<BR>[Called By]<UL><LI><a href="#[91]">&gt;&gt;</a>&nbsp;&nbsp;&nbsp;_printf_g
<LI><a href="#[8f]">&gt;&gt;</a>&nbsp;&nbsp;&nbsp;_printf_e
<LI><a href="#[8d]">&gt;&gt;</a>&nbsp;&nbsp;&nbsp;_printf_f
</UL>
<P>
<H3>
Local Symbols
</H3>
<P><STRONG><a name="[83]"></a>__sti___8_main_cpp_m_ble</STRONG> (Thumb, 140 bytes, Stack size 16 bytes, main.o(.text))
<BR><BR>[Stack]<UL><LI>Max Depth = 424 + Unknown Stack Size
<LI>Call Chain = __sti___8_main_cpp_m_ble &rArr; mbed::Serial::Serial(PinName, PinName, const char*) &rArr; mbed::Stream::Stream__sub_object(const char*) &rArr; fopen &rArr; freopen &rArr; _fclose_internal &rArr; _fflush &rArr; _writebuf &rArr; _sys_write &rArr; serial_init &rArr; pin_mode &rArr; mbed_assert_internal &rArr; mbed_die &rArr;  mbed_assert_internal (Cycle)
</UL>
<BR>[Calls]<UL><LI><a href="#[e6]">&gt;&gt;</a>&nbsp;&nbsp;&nbsp;analogin_init
<LI><a href="#[e4]">&gt;&gt;</a>&nbsp;&nbsp;&nbsp;mbed::Serial::Serial(PinName, PinName, const char*)
<LI><a href="#[e0]">&gt;&gt;</a>&nbsp;&nbsp;&nbsp;GapAdvertisingParams::GapAdvertisingParams(GapAdvertisingParams::AdvertisingType, unsigned short, unsigned short)
<LI><a href="#[e1]">&gt;&gt;</a>&nbsp;&nbsp;&nbsp;GapAdvertisingData::GapAdvertisingData()
<LI><a href="#[e2]">&gt;&gt;</a>&nbsp;&nbsp;&nbsp;GapAdvertisingData::clear()
<LI><a href="#[df]">&gt;&gt;</a>&nbsp;&nbsp;&nbsp;createBLEDeviceInstance()
<LI><a href="#[e5]">&gt;&gt;</a>&nbsp;&nbsp;&nbsp;mbed::DigitalOut::DigitalOut(PinName)
<LI><a href="#[e3]">&gt;&gt;</a>&nbsp;&nbsp;&nbsp;__aeabi_atexit
</UL>
<BR>[Address Reference Count : 1]<UL><LI> main.o(.init_array)
</UL>
<P><STRONG><a name="[84]"></a>__sti___13_nRF51822n_cpp_ef81e865</STRONG> (Thumb, 20 bytes, Stack size 8 bytes, nrf51822n.o(.text))
<BR><BR>[Stack]<UL><LI>Max Depth = 88<LI>Call Chain = __sti___13_nRF51822n_cpp_ef81e865 &rArr; __aeabi_atexit &rArr; malloc &rArr; __Heap_Full &rArr; __Heap_ProvideMemory &rArr; free
</UL>
<BR>[Calls]<UL><LI><a href="#[f5]">&gt;&gt;</a>&nbsp;&nbsp;&nbsp;nRF51822n::nRF51822n()
<LI><a href="#[e3]">&gt;&gt;</a>&nbsp;&nbsp;&nbsp;__aeabi_atexit
</UL>
<BR>[Address Reference Count : 1]<UL><LI> nrf51822n.o(.init_array)
</UL>
<P><STRONG><a name="[3d]"></a>sys_evt_dispatch(unsigned)</STRONG> (Thumb, 2 bytes, Stack size 0 bytes, btle.o(.text))
<BR>[Address Reference Count : 1]<UL><LI> btle.o(.text)
</UL>
<P><STRONG><a name="[3c]"></a>btle_handler(ble_evt_t*)</STRONG> (Thumb, 428 bytes, Stack size 48 bytes, btle.o(.text))
<BR><BR>[Stack]<UL><LI>Max Depth = 152<LI>Call Chain = btle_handler(ble_evt_t*) &rArr; nRF51Gap::getInstance() &rArr; mbed::CallChain::CallChain(int) &rArr; operator new[] (unsigned) &rArr; operator new(unsigned) &rArr; malloc &rArr; __Heap_Full &rArr; __Heap_ProvideMemory &rArr; free
</UL>
<BR>[Calls]<UL><LI><a href="#[102]">&gt;&gt;</a>&nbsp;&nbsp;&nbsp;nRF51Gap::getConnectionHandle()
<LI><a href="#[108]">&gt;&gt;</a>&nbsp;&nbsp;&nbsp;nRF51Gap::setConnectionHandle(unsigned short)
<LI><a href="#[101]">&gt;&gt;</a>&nbsp;&nbsp;&nbsp;nRF51Gap::getInstance()
<LI><a href="#[10b]">&gt;&gt;</a>&nbsp;&nbsp;&nbsp;nRF51GattServer::nRF51GattServer()
<LI><a href="#[109]">&gt;&gt;</a>&nbsp;&nbsp;&nbsp;mbed::CallChain::call()
<LI><a href="#[103]">&gt;&gt;</a>&nbsp;&nbsp;&nbsp;nRF51GattServer::hwCallback(ble_evt_t*)
<LI><a href="#[e3]">&gt;&gt;</a>&nbsp;&nbsp;&nbsp;__aeabi_atexit
<LI><a href="#[10a]">&gt;&gt;</a>&nbsp;&nbsp;&nbsp;__cxa_guard_acquire
</UL>
<BR>[Address Reference Count : 1]<UL><LI> btle.o(.text)
</UL>
<P><STRONG><a name="[111]"></a>lookupConvertedUUIDTable(const unsigned char*, unsigned char*)</STRONG> (Thumb, 60 bytes, Stack size 16 bytes, custom_helper.o(.text))
<BR><BR>[Stack]<UL><LI>Max Depth = 24<LI>Call Chain = lookupConvertedUUIDTable(const unsigned char*, unsigned char*) &rArr; memcmp
</UL>
<BR>[Calls]<UL><LI><a href="#[112]">&gt;&gt;</a>&nbsp;&nbsp;&nbsp;memcmp
</UL>
<BR>[Called By]<UL><LI><a href="#[fc]">&gt;&gt;</a>&nbsp;&nbsp;&nbsp;custom_convert_to_nordic_uuid
</UL>

<P><STRONG><a name="[113]"></a>addToConvertedUUIDTable(const unsigned char*, unsigned char)</STRONG> (Thumb, 64 bytes, Stack size 16 bytes, custom_helper.o(.text))
<BR><BR>[Stack]<UL><LI>Max Depth = 40<LI>Call Chain = addToConvertedUUIDTable(const unsigned char*, unsigned char) &rArr; __aeabi_memcpy
</UL>
<BR>[Calls]<UL><LI><a href="#[eb]">&gt;&gt;</a>&nbsp;&nbsp;&nbsp;__aeabi_memcpy
</UL>
<BR>[Called By]<UL><LI><a href="#[fc]">&gt;&gt;</a>&nbsp;&nbsp;&nbsp;custom_convert_to_nordic_uuid
</UL>

<P><STRONG><a name="[180]"></a>timer_list_handler</STRONG> (Thumb, 1072 bytes, Stack size 48 bytes, app_timer.o(i.timer_list_handler))
<BR><BR>[Stack]<UL><LI>Max Depth = 48<LI>Call Chain = timer_list_handler
</UL>
<BR>[Calls]<UL><LI><a href="#[c1]">&gt;&gt;</a>&nbsp;&nbsp;&nbsp;__asm___11_app_timer_c_cd27f9c3__nrf_delay_us
</UL>
<BR>[Called By]<UL><LI><a href="#[2e]">&gt;&gt;</a>&nbsp;&nbsp;&nbsp;SWI0_IRQHandler
</UL>

<P><STRONG><a name="[4b]"></a>&lang;Func1&rang;</STRONG> (Thumb, 10 bytes, Stack size 8 bytes, SerialBase.o(i.<Func1>))
<BR><BR>[Stack]<UL><LI>Max Depth = 8<LI>Call Chain = &lang;Func1&rang;
</UL>
<BR>[Calls]<UL><LI><a href="#[d3]">&gt;&gt;</a>&nbsp;&nbsp;&nbsp;mbed::FunctionPointer::FunctionPointer(void(*)())
</UL>
<BR>[Address Reference Count : 1]<UL><LI> SerialBase.o(i._ZN4mbed10SerialBaseC1E7PinNameS1_)
</UL>
<P><STRONG><a name="[50]"></a>us_ticker_app_timer_callback</STRONG> (Thumb, 14 bytes, Stack size 8 bytes, us_ticker.o(i.us_ticker_app_timer_callback))
<BR><BR>[Stack]<UL><LI>Max Depth = 104<LI>Call Chain = us_ticker_app_timer_callback &rArr; us_ticker_irq_handler &rArr; us_ticker_set_interrupt &rArr; app_timer_init
</UL>
<BR>[Calls]<UL><LI><a href="#[1b5]">&gt;&gt;</a>&nbsp;&nbsp;&nbsp;us_ticker_irq_handler
</UL>
<BR>[Address Reference Count : 1]<UL><LI> us_ticker.o(i.us_ticker_set_interrupt)
</UL>
<P><STRONG><a name="[45]"></a>_printf_input_char</STRONG> (Thumb, 10 bytes, Stack size 0 bytes, _printf_char_common.o(.text))
<BR>[Address Reference Count : 1]<UL><LI> _printf_char_common.o(.text)
</UL>
<P><STRONG><a name="[47]"></a>_scanf_char_input</STRONG> (Thumb, 12 bytes, Stack size 0 bytes, scanf_char.o(.text))
<BR>[Address Reference Count : 1]<UL><LI> scanf_char.o(.text)
</UL>
<P><STRONG><a name="[15e]"></a>_fp_digits</STRONG> (Thumb, 408 bytes, Stack size 96 bytes, _printf_fp_dec.o(.text))
<BR><BR>[Stack]<UL><LI>Max Depth = 272<LI>Call Chain = _fp_digits &rArr; _btod_etento &rArr; _btod_emul &rArr; btod_internal_mul &rArr; __ARM_common_ll_muluu
</UL>
<BR>[Calls]<UL><LI><a href="#[147]">&gt;&gt;</a>&nbsp;&nbsp;&nbsp;_ll_udiv10
<LI><a href="#[161]">&gt;&gt;</a>&nbsp;&nbsp;&nbsp;_btod_ediv
<LI><a href="#[162]">&gt;&gt;</a>&nbsp;&nbsp;&nbsp;_btod_emul
<LI><a href="#[160]">&gt;&gt;</a>&nbsp;&nbsp;&nbsp;_btod_d2e
<LI><a href="#[15f]">&gt;&gt;</a>&nbsp;&nbsp;&nbsp;_btod_etento
</UL>
<BR>[Called By]<UL><LI><a href="#[52]">&gt;&gt;</a>&nbsp;&nbsp;&nbsp;_printf_fp_dec_real
</UL>

<P><STRONG><a name="[49]"></a>[local to arm_exceptions_c]::__default_terminate_handler()</STRONG> (Thumb, 6 bytes, Stack size 8 bytes, arm_exceptions_globs.o(.text))
<BR><BR>[Stack]<UL><LI>Max Depth = 56<LI>Call Chain = [local to arm_exceptions_c]::__default_terminate_handler() &rArr; abort &rArr; __rt_SIGABRT &rArr; __rt_SIGABRT_inner &rArr; __default_signal_display &rArr; _ttywrch
</UL>
<BR>[Calls]<UL><LI><a href="#[170]">&gt;&gt;</a>&nbsp;&nbsp;&nbsp;abort
</UL>
<BR>[Address Reference Count : 1]<UL><LI> arm_exceptions_globs.o(.text)
</UL>
<P><STRONG><a name="[174]"></a>btod_internal_mul</STRONG> (Thumb, 456 bytes, Stack size 56 bytes, btod.o(.text))
<BR><BR>[Stack]<UL><LI>Max Depth = 80<LI>Call Chain = btod_internal_mul &rArr; __ARM_common_ll_muluu
</UL>
<BR>[Calls]<UL><LI><a href="#[175]">&gt;&gt;</a>&nbsp;&nbsp;&nbsp;__ARM_common_ll_muluu
</UL>
<BR>[Called By]<UL><LI><a href="#[176]">&gt;&gt;</a>&nbsp;&nbsp;&nbsp;_btod_emuld
<LI><a href="#[162]">&gt;&gt;</a>&nbsp;&nbsp;&nbsp;_btod_emul
</UL>

<P><STRONG><a name="[177]"></a>btod_internal_div</STRONG> (Thumb, 494 bytes, Stack size 64 bytes, btod.o(.text))
<BR><BR>[Stack]<UL><LI>Max Depth = 64<LI>Call Chain = btod_internal_div
</UL>
<BR>[Called By]<UL><LI><a href="#[178]">&gt;&gt;</a>&nbsp;&nbsp;&nbsp;_btod_edivd
<LI><a href="#[161]">&gt;&gt;</a>&nbsp;&nbsp;&nbsp;_btod_ediv
</UL>
<P>
<H3>
Undefined Global Symbols
</H3>
<P><STRONG><a name="[17a]"></a>__rt_lib_shutdown</STRONG> (ARM, 0 bytes, Stack size 0 bytes, UNDEFINED)
<BR><BR>[Called By]<UL><LI><a href="#[170]">&gt;&gt;</a>&nbsp;&nbsp;&nbsp;abort
</UL>

<P><STRONG><a name="[94]"></a>_printf_fp_hex</STRONG> (Unknown, 0 bytes, Stack size 0 bytes, UNDEFINED)
<BR><BR>[Called By]<UL><LI><a href="#[92]">&gt;&gt;</a>&nbsp;&nbsp;&nbsp;_printf_a
</UL>

<P><STRONG><a name="[166]"></a>_printf_mbtowc</STRONG> (ARM, 0 bytes, Stack size 0 bytes, UNDEFINED)
<BR><BR>[Called By]<UL><LI><a href="#[165]">&gt;&gt;</a>&nbsp;&nbsp;&nbsp;_printf_cs_common
</UL>

<P><STRONG><a name="[168]"></a>_printf_wc</STRONG> (ARM, 0 bytes, Stack size 0 bytes, UNDEFINED)
<BR><BR>[Called By]<UL><LI><a href="#[167]">&gt;&gt;</a>&nbsp;&nbsp;&nbsp;_printf_lcs_common
</UL>
<HR></body></html>
