Component: ARM Compiler 5.06 update 3 (build 300) Tool: armlink [4d35c9]

==============================================================================

Section Cross References

    app_scheduler.o(.text) refers to btle.o(.text) for app_error_handler
    app_scheduler.o(.text) refers to rt_memcpy.o(.text) for __aeabi_memcpy
    app_scheduler.o(.text) refers to app_scheduler.o(.data) for m_queue_event_headers
    hci_mem_pool.o(.text) refers to hci_mem_pool.o(.data) for m_is_tx_allocated
    hci_mem_pool.o(.text) refers to hci_mem_pool.o(.bss) for m_rx_buffer_elem_queue
    bootloader_util_arm.o(.text) refers to bootloader_util_arm.o(.emb_text) for __asm___21_bootloader_util_arm_c_8eae8d3b__bootloader_util_reset
    dfu_app_handler.o(.text) refers to btle.o(.text) for app_error_handler
    dfu_app_handler.o(.text) refers to bootloader_util_arm.o(.text) for bootloader_util_app_start
    dfu_app_handler.o(.text) refers to dfu_app_handler.o(.data) for m_reset_prepare
    dfu_app_handler.o(.data) refers to dfu_app_handler.o(.text) for dfu_app_reset_prepare
    main.o(.text) refers to _printf_percent.o(.ARM.Collect$$_printf_percent$$00000000) for _printf_percent
    main.o(.text) refers to _printf_d.o(.ARM.Collect$$_printf_percent$$00000009) for _printf_d
    main.o(.text) refers to _printf_dec.o(.text) for _printf_int_dec
    main.o(.text) refers to Stream.o(i._ZN4mbed6Stream6printfEPKcz) for mbed::Stream::printf(const char*, ...)
    main.o(.text) refers to main.o(i._ZN9BLEDevice16startAdvertisingEv) for BLEDevice::startAdvertising()
    main.o(.text) refers to main.o(i._ZN11UARTService25getTXCharacteristicHandleEv) for UARTService::getTXCharacteristicHandle()
    main.o(.text) refers to __2snprintf.o(.text) for __2snprintf
    main.o(.text) refers to h1_alloc.o(.text) for malloc
    main.o(.text) refers to SerialBase.o(i._ZN4mbed10SerialBase8readableEv) for mbed::SerialBase::readable()
    main.o(.text) refers to Stream.o(i._ZN4mbed6Stream4getcEv) for mbed::Stream::getc()
    main.o(.text) refers to h1_free.o(.text) for free
    main.o(.text) refers to main.o(i._ZN4mbed10DigitalOutaSEi) for mbed::DigitalOut::operator =(int)
    main.o(.text) refers to TimerEvent.o(i._ZN4mbed10TimerEventC2Ev) for mbed::TimerEvent::TimerEvent__sub_object()
    main.o(.text) refers to FunctionPointer.o(i._ZN4mbed15FunctionPointerC1EPFvvE) for mbed::FunctionPointer::FunctionPointer(void(*)())
    main.o(.text) refers to SerialBase.o(i._ZN4mbed10SerialBase4baudEi) for mbed::SerialBase::baud(int)
    main.o(.text) refers to main.o(.bss) for pc
    main.o(.text) refers to main.o(.data) for m_uart_service_ptr
    main.o(.text) refers to Ticker.o(.constdata__ZTVN4mbed6TickerE) for vtable for mbed::Ticker
    main.o(.text) refers to fmul.o(x$fpl$fmul) for __aeabi_fmul
    main.o(.text) refers to ffixul.o(.text) for __aeabi_f2ulz
    main.o(.text) refers to FunctionPointer.o(i._ZN4mbed15FunctionPointer6attachEPFvvE) for mbed::FunctionPointer::attach(void(*)())
    main.o(.text) refers to Ticker.o(i._ZN4mbed6Ticker5setupEy) for mbed::Ticker::setup(unsigned long long)
    main.o(.text) refers to bledevice.o(.text) for BLEDevice::init()
    main.o(.text) refers to main.o(i._ZN9BLEDevice13onDataWrittenEPFvPK31GattCharacteristicWriteCBParamsE) for BLEDevice::onDataWritten(void(*)(const GattCharacteristicWriteCBParams*))
    main.o(.text) refers to gapadvertisingdata.o(.text) for GapAdvertisingData::addFlags(unsigned char)
    main.o(.text) refers to main.o(i._ZN9BLEDevice28accumulateAdvertisingPayloadEN18GapAdvertisingData8DataTypeEPKhh) for BLEDevice::accumulateAdvertisingPayload(GapAdvertisingData::DataType, const unsigned char*, unsigned char)
    main.o(.text) refers to aeabi_sdivfast.o(.text) for __aeabi_uidivmod
    main.o(.text) refers to main.o(i._ZN11UARTServiceC1ER9BLEDevice) for UARTService::UARTService(BLEDevice&)
    main.o(.text) refers to nrf51822n.o(.text) for createBLEDeviceInstance()
    main.o(.text) refers to gapadvertisingparams.o(.text) for GapAdvertisingParams::GapAdvertisingParams(GapAdvertisingParams::AdvertisingType, unsigned short, unsigned short)
    main.o(.text) refers to aeabi_atexit.o(.text) for __aeabi_atexit
    main.o(.text) refers to Serial.o(i._ZN4mbed6SerialC1E7PinNameS1_PKc) for mbed::Serial::Serial(PinName, PinName, const char*)
    main.o(.text) refers to main.o(i._ZN4mbed10DigitalOutC1E7PinName) for mbed::DigitalOut::DigitalOut(PinName)
    main.o(.text) refers to analogin_api.o(i.analogin_init) for analogin_init
    main.o(.text) refers to uartservice.o(.constdata) for UARTServiceUUID_reversed
    main.o(.text) refers to main.o(i._ZN9BLEDeviceD1Ev) for BLEDevice::~BLEDevice()
    main.o(.text) refers to Serial.o(i._ZN4mbed6SerialD1Ev) for mbed::Serial::~Serial()
    main.o(.ARM.exidx) refers to main.o(.text) for .text
    main.o(.constdata) refers to main.o(i._ZN11UARTService13onDataWrittenEPK31GattCharacteristicWriteCBParams) for UARTService::onDataWritten(const GattCharacteristicWriteCBParams*)
[...]
    _printf_wctomb                           0x00018f29   Thumb Code   182  _printf_wctomb.o(.text)
    _printf_longlong_dec                     0x00018fe5   Thumb Code    94  _printf_longlong_dec.o(.text)
    _printf_longlong_oct                     0x00019055   Thumb Code    68  _printf_oct_int_ll.o(.text)
    _printf_int_oct                          0x00019099   Thumb Code    24  _printf_oct_int_ll.o(.text)
    _printf_ll_oct                           0x000190b1   Thumb Code    10  _printf_oct_int_ll.o(.text)
    _chval                                   0x000190c5   Thumb Code    30  _chval.o(.text)
    __vfscanf_char                           0x000190f1   Thumb Code    28  scanf_char.o(.text)
    _sgetc                                   0x00019115   Thumb Code    32  _sgetc.o(.text)
    _sbackspace                              0x00019135   Thumb Code    36  _sgetc.o(.text)
    ferror                                   0x00019159   Thumb Code     8  ferror.o(.text)
    _readbuf                                 0x00019161   Thumb Code    56  filbuf.o(.text)
    _seteof                                  0x00019199   Thumb Code    40  filbuf.o(.text)
    __filbuf                                 0x000191c1   Thumb Code   486  filbuf.o(.text)
    __filbuf_byte                            0x000191c1   Thumb Code     0  filbuf.o(.text)
    __filbuf_wide                            0x000191c1   Thumb Code     0  filbuf.o(.text)
    __flsbuf                                 0x000193b5   Thumb Code   486  flsbuf.o(.text)
    __flsbuf_byte                            0x000193b5   Thumb Code     0  flsbuf.o(.text)
    __flsbuf_wide                            0x000193b5   Thumb Code     0  flsbuf.o(.text)
    _fseek                                   0x000195a5   Thumb Code   240  fseek.o(.text)
    fseek                                    0x000195a5   Thumb Code     0  fseek.o(.text)
    setvbuf                                  0x00019699   Thumb Code    72  setvbuf.o(.text)
    _seterr                                  0x000196e5   Thumb Code    20  stdio.o(.text)
    _writebuf                                0x000196f9   Thumb Code    76  stdio.o(.text)
    _fflush                                  0x00019745   Thumb Code    76  stdio.o(.text)
    _deferredlazyseek                        0x00019791   Thumb Code    60  stdio.o(.text)
    __cxa_finalize                           0x000197d5   Thumb Code    66  cxa_finalize.o(.text)
    __rt_SIGPVFN                             0x00019817   Thumb Code    12  defsig_pvfn_outer.o(.text)
    __rt_udiv10                              0x00019823   Thumb Code    40  rtudiv10.o(.text)
    __default_new_handler()                  0x0001984b   Thumb Code     8  arm_newhandler_noexceptions.o(.text)
    __Heap_ProvideMemory                     0x00019853   Thumb Code    52  h1_extend.o(.text)
    _ll_udiv10                               0x00019887   Thumb Code   122  lludiv10.o(.text)
    isspace                                  0x00019901   Thumb Code    18  isspace.o(.text)
    __lib_sel_fp_printf                      0x00019915   Thumb Code     2  _printf_fp_dec.o(.text)
    _printf_fp_dec_real                      0x00019aaf   Thumb Code   620  _printf_fp_dec.o(.text)
    _printf_cs_common                        0x00019d29   Thumb Code    22  _printf_char.o(.text)
    _printf_char                             0x00019d3f   Thumb Code    16  _printf_char.o(.text)
    _printf_string                           0x00019d4f   Thumb Code     8  _printf_char.o(.text)
    _printf_lcs_common                       0x00019d57   Thumb Code    22  _printf_wchar.o(.text)
    _printf_wchar                            0x00019d6d   Thumb Code    16  _printf_wchar.o(.text)
    _printf_wstring                          0x00019d7d   Thumb Code     8  _printf_wchar.o(.text)
    __vfscanf                                0x00019d85   Thumb Code   880  _scanf.o(.text)
    _ftell_internal                          0x0001a105   Thumb Code    66  ftell.o(.text)
    ftell                                    0x0001a105   Thumb Code     0  ftell.o(.text)
    _initio                                  0x0001a149   Thumb Code   216  initio.o(.text)
    _terminateio                             0x0001a221   Thumb Code    56  initio.o(.text)
    _flushlinebuffered                       0x0001a285   Thumb Code    46  flushlinebuffered.o(.text)
    _wcrtomb                                 0x0001a2bd   Thumb Code    64  _wcrtomb.o(.text)
    __sig_exit                               0x0001a2fd   Thumb Code    12  defsig_exit.o(.text)
    __rt_SIGRTMEM                            0x0001a309   Thumb Code    12  defsig_rtmem_outer.o(.text)
    __rt_SIGPVFN_inner                       0x0001a315   Thumb Code    14  defsig_pvfn_inner.o(.text)
    __rt_heap_escrow                         0x0001a345   Thumb Code    24  heapauxa.o(.text)
    __rt_heap_expand                         0x0001a35d   Thumb Code    52  heapauxa.o(.text)
    std::terminate()                         0x0001a395   Thumb Code    28  arm_exceptions_terminate.o(.text)
    __cxa_get_globals                        0x0001a3b7   Thumb Code    66  arm_exceptions_globs.o(.text)
    _sys_exit                                0x0001a405   Thumb Code     8  sys_exit.o(.text)
    __rt_ctype_table                         0x0001a411   Thumb Code    16  rt_ctype_table.o(.text)
    __rt_locale                              0x0001a421   Thumb Code     8  rt_locale.o(.text)
    __rt_eh_globals_addr                     0x0001a429   Thumb Code     8  rt_eh_globals_addr.o(.text)
    __aeabi_errno_addr                       0x0001a431   Thumb Code     8  rt_errno_addr.o(.text)
    __errno                                  0x0001a431   Thumb Code     0  rt_errno_addr.o(.text)
    __rt_errno_addr                          0x0001a431   Thumb Code     0  rt_errno_addr.o(.text)
    _printf_fp_infnan                        0x0001a439   Thumb Code   120  _printf_fp_infnan.o(.text)
    _btod_etento                             0x0001a4c1   Thumb Code   196  bigflt0.o(.text)
    _btod_d2e                                0x0001a589   Thumb Code    64  btod.o(.text)
    _btod_emul                               0x0001a97f   Thumb Code    24  btod.o(.text)
    _btod_emuld                              0x0001a997   Thumb Code    60  btod.o(.text)
    _btod_ediv                               0x0001a9d3   Thumb Code    22  btod.o(.text)
    _btod_edivd                              0x0001a9e9   Thumb Code    60  btod.o(.text)
    abort                                    0x0001aa31   Thumb Code    20  abort.o(.text)
    __default_signal_display                 0x0001aa45   Thumb Code    52  defsig_general.o(.text)
    __rt_SIGRTRED                            0x0001aa79   Thumb Code    12  defsig_rtred_outer.o(.text)
    __rt_SIGRTMEM_inner                      0x0001aa85   Thumb Code    22  defsig_rtmem_inner.o(.text)
    __ARM_exceptions_buffer_init             0x0001aad5   Thumb Code    18  arm_exceptions_mem.o(.text)
    __ARM_exceptions_buffer_allocate         0x0001aae7   Thumb Code    26  arm_exceptions_mem.o(.text)
    __ARM_exceptions_buffer_free             0x0001ab01   Thumb Code    22  arm_exceptions_mem.o(.text)
    _ttywrch                                 0x0001ab17   Thumb Code    12  sys_wrch.o(.text)
    __I$use$semihosting                      0x0001ab23   Thumb Code     0  use_no_semi.o(.text)
    __use_no_semihosting_swi                 0x0001ab23   Thumb Code     2  use_no_semi.o(.text)
    __rt_SIGABRT                             0x0001ab25   Thumb Code    12  defsig_abrt_outer.o(.text)
    __semihosting_library_function           0x0001ab25   Thumb Code     0  indicate_semi.o(.text)
    __rt_SIGRTRED_inner                      0x0001ab31   Thumb Code    14  defsig_rtred_inner.o(.text)
    __rt_SIGABRT_inner                       0x0001ab65   Thumb Code    14  defsig_abrt_inner.o(.text)
    __decompress                             0x0001ab95   Thumb Code     0  __dczerorl.o(.text)
    __decompress0                            0x0001ab95   Thumb Code    58  __dczerorl.o(.text)
    main                                     0x0001abcf   Thumb Code    16  retarget.o(i.$Sub$$main)
    RTC1_IRQHandler                          0x0001abe9   Thumb Code   152  app_timer.o(i.RTC1_IRQHandler)
    SWI0_IRQHandler                          0x0001ac99   Thumb Code     8  app_timer.o(i.SWI0_IRQHandler)
    SystemInit                               0x0001aca1   Thumb Code   134  system_nrf51822.o(i.SystemInit)
    UART0_IRQHandler                         0x0001ad41   Thumb Code    50  serial_api.o(i.UART0_IRQHandler)
    GattServer::handleEvent(GattServerEvents::gattEvent_e, unsigned short) 0x0001ad81   Thumb Code    68  nrf51gattserver.o(i._ZN10GattServer11handleEventEN16GattServerEvents11gattEvent_eEt)
    UARTService::onDataWritten(const GattCharacteristicWriteCBParams*) 0x0001adc5   Thumb Code    50  main.o(i._ZN11UARTService13onDataWrittenEPK31GattCharacteristicWriteCBParams)
    UARTService::getTXCharacteristicHandle() 0x0001adf7   Thumb Code    16  main.o(i._ZN11UARTService25getTXCharacteristicHandleEv)
    UARTService::UARTService(BLEDevice&)     0x0001ae09   Thumb Code   238  main.o(i._ZN11UARTServiceC1ER9BLEDevice)
    UARTService::UARTService__sub_object(BLEDevice&) 0x0001ae09   Thumb Code     0  main.o(i._ZN11UARTServiceC1ER9BLEDevice)
    GattAttribute::setHandle(unsigned short) 0x0001af09   Thumb Code     4  nrf51gattserver.o(i._ZN13GattAttribute9setHandleEt)
    nRF51GattServer::nRF51GattServer()       0x0001af0d   Thumb Code   108  nrf51822n.o(i._ZN15nRF51GattServerC1Ev)
    nRF51GattServer::nRF51GattServer__sub_object() 0x0001af0d   Thumb Code     0  nrf51822n.o(i._ZN15nRF51GattServerC1Ev)
    nRF51GattServer::~nRF51GattServer()      0x0001af85   Thumb Code    26  nrf51822n.o(i._ZN15nRF51GattServerD1Ev)
    nRF51GattServer::~nRF51GattServer__sub_object() 0x0001af85   Thumb Code     0  nrf51822n.o(i._ZN15nRF51GattServerD1Ev)
    GattCharacteristic::GattCharacteristic(const UUID&, unsigned char*, unsigned short, unsigned short, unsigned char, GattAttribute**, unsigned) 0x0001afa5   Thumb Code   148  main.o(i._ZN18GattCharacteristicC1ERK4UUIDPhtthPP13GattAttributej)
    GattCharacteristic::GattCharacteristic__sub_object(const UUID&, unsigned char*, unsigned short, unsigned short, unsigned char, GattAttribute**, unsigned) 0x0001afa5   Thumb Code     0  main.o(i._ZN18GattCharacteristicC1ERK4UUIDPhtthPP13GattAttributej)
    mbed::DigitalOut::DigitalOut(PinName)    0x0001b039   Thumb Code    26  main.o(i._ZN4mbed10DigitalOutC1E7PinName)
    mbed::DigitalOut::DigitalOut__sub_object(PinName) 0x0001b039   Thumb Code     0  main.o(i._ZN4mbed10DigitalOutC1E7PinName)
    mbed::DigitalOut::operator =(int)        0x0001b055   Thumb Code    64  main.o(i._ZN4mbed10DigitalOutaSEi)
    mbed::FileHandle::flen()                 0x0001b0b1   Thumb Code    58  retarget.o(i._ZN4mbed10FileHandle4flenEv)
    mbed::FileHandle::~FileHandle()          0x0001b0ed   Thumb Code     0  retarget.o(i._ZN4mbed10FileHandleD2Ev)
    mbed::FileHandle::~FileHandle__sub_object() 0x0001b0ed   Thumb Code    34  retarget.o(i._ZN4mbed10FileHandleD2Ev)
    mbed::SerialBase::_base_getc()           0x0001b119   Thumb Code    10  SerialBase.o(i._ZN4mbed10SerialBase10_base_getcEv)
    mbed::SerialBase::_base_putc(int)        0x0001b123   Thumb Code    14  SerialBase.o(i._ZN4mbed10SerialBase10_base_putcEi)
    mbed::SerialBase::_irq_handler(unsigned, SerialIrq) 0x0001b131   Thumb Code    16  SerialBase.o(i._ZN4mbed10SerialBase12_irq_handlerEj9SerialIrq)
    mbed::SerialBase::baud(int)              0x0001b141   Thumb Code    16  SerialBase.o(i._ZN4mbed10SerialBase4baudEi)
    mbed::SerialBase::readable()             0x0001b151   Thumb Code    10  SerialBase.o(i._ZN4mbed10SerialBase8readableEv)
    mbed::SerialBase::SerialBase(PinName, PinName) 0x0001b15d   Thumb Code    62  SerialBase.o(i._ZN4mbed10SerialBaseC1E7PinNameS1_)
    mbed::SerialBase::SerialBase__sub_object(PinName, PinName) 0x0001b15d   Thumb Code     0  SerialBase.o(i._ZN4mbed10SerialBaseC1E7PinNameS1_)
    mbed::TimerEvent::irq(unsigned)          0x0001b1a9   Thumb Code     6  TimerEvent.o(i._ZN4mbed10TimerEvent3irqEj)
    mbed::TimerEvent::insert(unsigned long long) 0x0001b1af   Thumb Code    12  TimerEvent.o(i._ZN4mbed10TimerEvent6insertEy)
    mbed::TimerEvent::remove()               0x0001b1bb   Thumb Code    10  TimerEvent.o(i._ZN4mbed10TimerEvent6removeEv)
    mbed::TimerEvent::TimerEvent__sub_object() 0x0001b1c5   Thumb Code    28  TimerEvent.o(i._ZN4mbed10TimerEventC2Ev)
    mbed::FunctionPointer::call()            0x0001b1e9   Thumb Code    26  FunctionPointer.o(i._ZN4mbed15FunctionPointer4callEv)
    mbed::FunctionPointer::attach(void(*)()) 0x0001b203   Thumb Code     8  FunctionPointer.o(i._ZN4mbed15FunctionPointer6attachEPFvvE)
    mbed::FunctionPointer::FunctionPointer(void(*)()) 0x0001b20b   Thumb Code    10  FunctionPointer.o(i._ZN4mbed15FunctionPointerC1EPFvvE)
    mbed::FunctionPointer::FunctionPointer__sub_object(void(*)()) 0x0001b20b   Thumb Code     0  FunctionPointer.o(i._ZN4mbed15FunctionPointerC1EPFvvE)
    mbed::Serial::Serial(PinName, PinName, const char*) 0x0001b215   Thumb Code    32  Serial.o(i._ZN4mbed6SerialC1E7PinNameS1_PKc)
    mbed::Serial::Serial__sub_object(PinName, PinName, const char*) 0x0001b215   Thumb Code     0  Serial.o(i._ZN4mbed6SerialC1E7PinNameS1_PKc)
    mbed::Serial::~Serial()                  0x0001b241   Thumb Code    12  Serial.o(i._ZN4mbed6SerialD1Ev)
    mbed::Serial::~Serial__sub_object()      0x0001b241   Thumb Code     0  Serial.o(i._ZN4mbed6SerialD1Ev)
    mbed::Stream::flen()                     0x0001b24d   Thumb Code     4  Stream.o(i._ZN4mbed6Stream4flenEv)
    mbed::Stream::getc()                     0x0001b251   Thumb Code    18  Stream.o(i._ZN4mbed6Stream4getcEv)
    mbed::Stream::read(void*, unsigned)      0x0001b263   Thumb Code    38  Stream.o(i._ZN4mbed6Stream4readEPvj)
    mbed::Stream::close()                    0x0001b289   Thumb Code     4  Stream.o(i._ZN4mbed6Stream5closeEv)
    mbed::Stream::lseek(long, int)           0x0001b28d   Thumb Code     4  Stream.o(i._ZN4mbed6Stream5lseekEli)
    mbed::Stream::write(const void*, unsigned) 0x0001b291   Thumb Code    38  Stream.o(i._ZN4mbed6Stream5writeEPKvj)
    mbed::Stream::isatty()                   0x0001b2b7   Thumb Code     4  Stream.o(i._ZN4mbed6Stream6isattyEv)
    mbed::Stream::printf(const char*, ...)   0x0001b2bb   Thumb Code    32  Stream.o(i._ZN4mbed6Stream6printfEPKcz)
    mbed::Stream::Stream__sub_object(const char*) 0x0001b2dd   Thumb Code    54  Stream.o(i._ZN4mbed6StreamC2EPKc)
    mbed::Stream::~Stream()                  0x0001b325   Thumb Code     0  Stream.o(i._ZN4mbed6StreamD2Ev)
    mbed::Stream::~Stream__sub_object()      0x0001b325   Thumb Code    26  Stream.o(i._ZN4mbed6StreamD2Ev)
    mbed::Ticker::setup(unsigned long long)  0x0001b349   Thumb Code    38  Ticker.o(i._ZN4mbed6Ticker5setupEy)
    mbed::Ticker::handler()                  0x0001b36f   Thumb Code    32  Ticker.o(i._ZN4mbed6Ticker7handlerEv)
    mbed::FileBase::getPathType()            0x0001b38f   Thumb Code     4  FileBase.o(i._ZN4mbed8FileBase11getPathTypeEv)
    mbed::FileBase::lookup(const char*, unsigned) 0x0001b395   Thumb Code    56  FileBase.o(i._ZN4mbed8FileBase6lookupEPKcj)
    mbed::FileBase::FileBase(const char*, mbed::PathType) 0x0001b3d1   Thumb Code    26  FileBase.o(i._ZN4mbed8FileBaseC1EPKcNS_8PathTypeE)
    mbed::FileBase::FileBase__sub_object(const char*, mbed::PathType) 0x0001b3d1   Thumb Code     0  FileBase.o(i._ZN4mbed8FileBaseC1EPKcNS_8PathTypeE)
    mbed::FileBase::~FileBase()              0x0001b3f5   Thumb Code    44  FileBase.o(i._ZN4mbed8FileBaseD1Ev)
    mbed::FileBase::~FileBase__sub_object()  0x0001b3f5   Thumb Code     0  FileBase.o(i._ZN4mbed8FileBaseD1Ev)
    mbed::FileLike::FileLike__sub_object(const char*) 0x0001b429   Thumb Code    24  FileLike.o(i._ZN4mbed8FileLikeC2EPKc)
    mbed::FileLike::~FileLike()              0x0001b44d   Thumb Code     0  FileLike.o(i._ZN4mbed8FileLikeD2Ev)
    mbed::FileLike::~FileLike__sub_object()  0x0001b44d   Thumb Code    16  FileLike.o(i._ZN4mbed8FileLikeD2Ev)
    mbed::FilePath::fileSystem()             0x0001b45d   Thumb Code    26  FilePath.o(i._ZN4mbed8FilePath10fileSystemEv)
    mbed::FilePath::file()                   0x0001b477   Thumb Code    32  FilePath.o(i._ZN4mbed8FilePath4fileEv)
    mbed::FilePath::exists()                 0x0001b497   Thumb Code    10  FilePath.o(i._ZN4mbed8FilePath6existsEv)
    mbed::FilePath::isFile()                 0x0001b4a1   Thumb Code    24  FilePath.o(i._ZN4mbed8FilePath6isFileEv)
    mbed::FilePath::fileName()               0x0001b4b9   Thumb Code     4  FilePath.o(i._ZN4mbed8FilePath8fileNameEv)
    mbed::FilePath::FilePath(const char*)    0x0001b4bd   Thumb Code    68  FilePath.o(i._ZN4mbed8FilePathC1EPKc)
    mbed::FilePath::FilePath__sub_object(const char*) 0x0001b4bd   Thumb Code     0  FilePath.o(i._ZN4mbed8FilePathC1EPKc)
    mbed::CallChain::call()                  0x0001b501   Thumb Code    32  CallChain.o(i._ZN4mbed9CallChain4callEv)
    mbed::CallChain::CallChain(int)          0x0001b521   Thumb Code    38  CallChain.o(i._ZN4mbed9CallChainC1Ei)
    mbed::CallChain::CallChain__sub_object(int) 0x0001b521   Thumb Code     0  CallChain.o(i._ZN4mbed9CallChainC1Ei)
    mbed::CallChain::~CallChain()            0x0001b54d   Thumb Code    52  CallChain.o(i._ZN4mbed9CallChainD1Ev)
    mbed::CallChain::~CallChain__sub_object() 0x0001b54d   Thumb Code     0  CallChain.o(i._ZN4mbed9CallChainD1Ev)
    nRF51Gap::getInstance()                  0x0001b585   Thumb Code    94  nrf51822n.o(i._ZN8nRF51Gap11getInstanceEv)
    nRF51Gap::~nRF51Gap()                    0x0001b5fd   Thumb Code    26  nrf51822n.o(i._ZN8nRF51GapD1Ev)
    nRF51Gap::~nRF51Gap__sub_object()        0x0001b5fd   Thumb Code     0  nrf51822n.o(i._ZN8nRF51GapD1Ev)
    BLEDevice::onDataWritten(void(*)(const GattCharacteristicWriteCBParams*)) 0x0001b61d   Thumb Code    68  main.o(i._ZN9BLEDevice13onDataWrittenEPFvPK31GattCharacteristicWriteCBParamsE)
    BLEDevice::startAdvertising()            0x0001b661   Thumb Code   106  main.o(i._ZN9BLEDevice16startAdvertisingEv)
    BLEDevice::accumulateAdvertisingPayload(GapAdvertisingData::DataType, const unsigned char*, unsigned char) 0x0001b6cb   Thumb Code    58  main.o(i._ZN9BLEDevice28accumulateAdvertisingPayloadEN18GapAdvertisingData8DataTypeEPKhh)
    BLEDevice::~BLEDevice()                  0x0001b705   Thumb Code    38  main.o(i._ZN9BLEDeviceD1Ev)
    BLEDevice::~BLEDevice__sub_object()      0x0001b705   Thumb Code     0  main.o(i._ZN9BLEDeviceD1Ev)
    nRF51822n::getGattServer()               0x0001b72d   Thumb Code    52  nrf51822n.o(i._ZN9nRF51822n13getGattServerEv)
    nRF51822n::getGap()                      0x0001b771   Thumb Code    10  nrf51822n.o(i._ZN9nRF51822n6getGapEv)
    GattCharacteristic::getProperties() const 0x0001b77b   Thumb Code     8  nrf51gattserver.o(i._ZNK18GattCharacteristic13getPropertiesEv)
    GapAdvertisingParams::getInterval() const 0x0001b783   Thumb Code     6  nrf51gap.o(i._ZNK20GapAdvertisingParams11getIntervalEv)
    GapAdvertisingParams::getAdvertisingType() const 0x0001b789   Thumb Code     6  nrf51gap.o(i._ZNK20GapAdvertisingParams18getAdvertisingTypeEv)
    thunk{-72} to mbed::Serial::_getc()      0x0001b78f   Thumb Code    10  Serial.o(i._ZThn72_N4mbed6Serial5_getcEv)
    thunk{-72} to mbed::Serial::_putc(int)   0x0001b799   Thumb Code    10  Serial.o(i._ZThn72_N4mbed6Serial5_putcEi)
    operator delete (void*)                  0x0001b7a3   Thumb Code     8  delete.o(i._ZdlPv)
    operator new[] (unsigned)                0x0001b7ab   Thumb Code     8  array_new.o(i._Znaj)
    operator new(unsigned)                   0x0001b7b5   Thumb Code    36  new.o(i._Znwj)
    __ARM_common_ll_muluu                    0x0001b7dd   Thumb Code    48  btod.o(i.__ARM_common_ll_muluu)
    __ARM_fpclassify                         0x0001b80d   Thumb Code    40  fpclassify.o(i.__ARM_fpclassify)
    __aeabi_vec_ctor_nocookie_nodtor         0x0001b839   Thumb Code    34  aeabi_vec_ctor_nocookie_nodtor.o(i.__aeabi_vec_ctor_nocookie_nodtor)
    __cxa_guard_acquire                      0x0001b85b   Thumb Code    18  cxa_guard_acquire.o(i.__cxa_guard_acquire)
    __cxa_pure_virtual                       0x0001b86d   Thumb Code    10  pure_virt.o(i.__cxa_pure_virtual)
    __user_setup_stackheap                   0x0001b879   Thumb Code    10  sys.o(i.__user_setup_stackheap)
    _is_digit                                0x0001b889   Thumb Code    14  __printf_wp.o(i._is_digit)
    _sys_close                               0x0001b899   Thumb Code    38  retarget.o(i._sys_close)
    _sys_flen                                0x0001b8c5   Thumb Code    34  retarget.o(i._sys_flen)
    _sys_istty                               0x0001b8ed   Thumb Code    34  retarget.o(i._sys_istty)
    _sys_open                                0x0001b915   Thumb Code   290  retarget.o(i._sys_open)
    _sys_read                                0x0001ba55   Thumb Code    72  retarget.o(i._sys_read)
    _sys_seek                                0x0001baa9   Thumb Code    36  retarget.o(i._sys_seek)
    _sys_write                               0x0001bad1   Thumb Code    84  retarget.o(i._sys_write)
    analogin_init                            0x0001bb31   Thumb Code    80  analogin_api.o(i.analogin_init)
    app_timer_cnt_get                        0x0001bba5   Thumb Code    24  app_timer.o(i.app_timer_cnt_get)
    app_timer_create                         0x0001bbc5   Thumb Code    82  app_timer.o(i.app_timer_create)
    app_timer_init                           0x0001bc1d   Thumb Code   314  app_timer.o(i.app_timer_init)
    app_timer_start                          0x0001bd81   Thumb Code   216  app_timer.o(i.app_timer_start)
    app_timer_stop                           0x0001be6d   Thumb Code   184  app_timer.o(i.app_timer_stop)
    error                                    0x0001bf35   Thumb Code     6  error.o(i.error)
    exit                                     0x0001bf3b   Thumb Code    10  exit.o(i.exit)
    fgetc                                    0x0001bf45   Thumb Code    28  fgetc.o(i.fgetc)
    fputc                                    0x0001bf61   Thumb Code    30  fputc.o(i.fputc)
    gpio_dir                                 0x0001bf81   Thumb Code    60  gpio_api.o(i.gpio_dir)
    gpio_init                                0x0001bfdd   Thumb Code    30  gpio_api.o(i.gpio_init)
    gpio_init_out                            0x0001c001   Thumb Code    56  gpio.o(i.gpio_init_out)
    gpio_mode                                0x0001c041   Thumb Code    14  gpio_api.o(i.gpio_mode)
    mbed_assert_internal                     0x0001c04f   Thumb Code     8  assert.o(i.mbed_assert_internal)
    mbed_die                                 0x0001c059   Thumb Code   256  board.o(i.mbed_die)
    mbed_main                                0x0001c161   Thumb Code     2  retarget.o(i.mbed_main)
    mbed_sdk_init                            0x0001c163   Thumb Code     2  retarget.o(i.mbed_sdk_init)
    pin_mode                                 0x0001c165   Thumb Code    44  pinmap.o(i.pin_mode)
    pinmap_peripheral                        0x0001c1ad   Thumb Code    60  pinmap_common.o(i.pinmap_peripheral)
    serial_baud                              0x0001c209   Thumb Code    78  serial_api.o(i.serial_baud)
    serial_getc                              0x0001c25d   Thumb Code    30  serial_api.o(i.serial_getc)
    serial_init                              0x0001c27d   Thumb Code   208  serial_api.o(i.serial_init)
    serial_irq_handler                       0x0001c35d   Thumb Code    14  serial_api.o(i.serial_irq_handler)
    serial_putc                              0x0001c371   Thumb Code    30  serial_api.o(i.serial_putc)
    serial_readable                          0x0001c38f   Thumb Code    16  serial_api.o(i.serial_readable)
    us_ticker_clear_interrupt                0x0001c7e5   Thumb Code    20  us_ticker.o(i.us_ticker_clear_interrupt)
    us_ticker_disable_interrupt              0x0001c7fd   Thumb Code    20  us_ticker.o(i.us_ticker_disable_interrupt)
    us_ticker_init                           0x0001c815   Thumb Code    28  us_ticker.o(i.us_ticker_init)
    us_ticker_insert_event                   0x0001c839   Thumb Code    70  us_ticker_api.o(i.us_ticker_insert_event)
    us_ticker_irq_handler                    0x0001c885   Thumb Code    60  us_ticker_api.o(i.us_ticker_irq_handler)
    us_ticker_read                           0x0001c8c5   Thumb Code    56  us_ticker.o(i.us_ticker_read)
    us_ticker_remove_event                   0x0001c909   Thumb Code    60  us_ticker_api.o(i.us_ticker_remove_event)
    us_ticker_set_handler                    0x0001c949   Thumb Code    14  us_ticker_api.o(i.us_ticker_set_handler)
    us_ticker_set_interrupt                  0x0001c95d   Thumb Code   134  us_ticker.o(i.us_ticker_set_interrupt)
    wait_ms                                  0x0001c9f9   Thumb Code    28  wait_api.o(i.wait_ms)
    _get_lc_numeric                          0x0001ca15   Thumb Code    44  lc_numeric_c.o(locale$$code)
    _get_lc_ctype                            0x0001ca41   Thumb Code    44  lc_ctype_c.o(locale$$code)
    FunctionPointerWithContext<GattCharacteristicReadAuthCBParams*>::call(GattCharacteristicReadAuthCBParams*) 0x0001ca6d   Thumb Code    60  nrf51gattserver.o(t._ZN26FunctionPointerWithContextIP34GattCharacteristicReadAuthCBParamsE4callES1_)
    FunctionPointerWithContext<GattCharacteristicWriteAuthCBParams*>::call(GattCharacteristicWriteAuthCBParams*) 0x0001caa9   Thumb Code    60  nrf51gattserver.o(t._ZN26FunctionPointerWithContextIP35GattCharacteristicWriteAuthCBParamsE4callES1_)
    void FunctionPointerWithContext<const GattCharacteristicWriteCBParams*>::membercaller<UARTService>(void*, char*, const GattCharacteristicWriteCBParams*) 0x0001cae5   Thumb Code    86  main.o(t._ZN26FunctionPointerWithContextIPK31GattCharacteristicWriteCBParamsE12membercallerI11UARTServiceEEvPvPcS2_)
    FunctionPointerWithContext<const GattCharacteristicWriteCBParams*>::call(const GattCharacteristicWriteCBParams*) 0x0001cb3b   Thumb Code    60  nrf51gattserver.o(t._ZN26FunctionPointerWithContextIPK31GattCharacteristicWriteCBParamsE4callES2_)
    CallChainOfFunctionPointersWithContext<const GattCharacteristicWriteCBParams*>::common_add(FunctionPointerWithContext<const GattCharacteristicWriteCBParams*>*) 0x0001cb77   Thumb Code    24  main.o(t._ZN38CallChainOfFunctionPointersWithContextIPK31GattCharacteristicWriteCBParamsE10common_addEP26FunctionPointerWithContextIS2_E)
    FunctionPointerWithContext<const GattCharacteristicWriteCBParams*>* CallChainOfFunctionPointersWithContext<const GattCharacteristicWriteCBParams*>::add<UARTService>(T1*, void(T1::*)(const GattCharacteristicWriteCBParams*)) 0x0001cb91   Thumb Code    80  main.o(t._ZN38CallChainOfFunctionPointersWithContextIPK31GattCharacteristicWriteCBParamsE3addI11UARTServiceEEP26FunctionPointerWithContextIS2_EPT_MS9_FvS2_E)
    CallChainOfFunctionPointersWithContext<const GattCharacteristicWriteCBParams*>::~CallChainOfFunctionPointersWithContext() 0x0001cbe5   Thumb Code    44  nrf51822n.o(t._ZN38CallChainOfFunctionPointersWithContextIPK31GattCharacteristicWriteCBParamsED1Ev)
    CallChainOfFunctionPointersWithContext<const GattCharacteristicWriteCBParams*>::~CallChainOfFunctionPointersWithContext__sub_object() 0x0001cbe5   Thumb Code     0  nrf51822n.o(t._ZN38CallChainOfFunctionPointersWithContextIPK31GattCharacteristicWriteCBParamsED1Ev)
    __aeabi_fmul                             0x0001cc15   Thumb Code     0  fmul.o(x$fpl$fmul)
    _fmul                                    0x0001cc15   Thumb Code   172  fmul.o(x$fpl$fmul)
    _printf_fp_dec                           0x0001ccc5   Thumb Code    16  printf1.o(x$fpl$printf1)
    __I$use$fp                               0x0001ccd4   Number         0  usenofp.o(x$fpl$usenofp)
    UARTServiceBaseUUID                      0x0001ccdc   Data          16  uartservice.o(.constdata)
    UARTServiceShortUUID                     0x0001ccec   Data           2  uartservice.o(.constdata)
    UARTServiceTXCharacteristicShortUUID     0x0001ccee   Data           2  uartservice.o(.constdata)
    UARTServiceRXCharacteristicShortUUID     0x0001ccf0   Data           2  uartservice.o(.constdata)
    UARTServiceUUID                          0x0001ccf2   Data          16  uartservice.o(.constdata)
    UARTServiceUUID_reversed                 0x0001cd02   Data          16  uartservice.o(.constdata)
    UARTServiceTXCharacteristicUUID          0x0001cd12   Data          16  uartservice.o(.constdata)
    UARTServiceRXCharacteristicUUID          0x0001cd22   Data          16  uartservice.o(.constdata)
    __stdin_name                             0x0001cdc8   Data           7  retarget.o(.constdata)
    __stdout_name                            0x0001cdcf   Data           8  retarget.o(.constdata)
    __stderr_name                            0x0001cdd7   Data           8  retarget.o(.constdata)
    vtable for GattServer                    0x0001d0a0   Data          24  nrf51822n.o(.constdata__ZTV10GattServer)
    vtable for nRF51GattServer               0x0001d0b8   Data          24  nrf51gattserver.o(.constdata__ZTV15nRF51GattServer)
    vtable for GapAdvertisingData            0x0001d0d0   Data          16  gapadvertisingdata.o(.constdata__ZTV18GapAdvertisingData)
    vtable for GapAdvertisingParams          0x0001d0e0   Data          16  gapadvertisingparams.o(.constdata__ZTV20GapAdvertisingParams)
    vtable for BLEDeviceInstanceBase         0x0001d0f0   Data          40  nrf51822n.o(.constdata__ZTV21BLEDeviceInstanceBase)
    vtable for CallChainOfFunctionPointersWithContext<const GattCharacteristicWriteCBParams*> 0x0001d118   Data          16  nrf51822n.o(.constdata__ZTV38CallChainOfFunctionPointersWithContextIPK31GattCharacteristicWriteCBParamsE)
    vtable for Gap                           0x0001d128   Data          60  nrf51822n.o(.constdata__ZTV3Gap)
    vtable for nRF51Gap                      0x0001d164   Data          60  nrf51gap.o(.constdata__ZTV8nRF51Gap)
    vtable for nRF51822n                     0x0001d1a0   Data          48  nrf51822n.o(.constdata__ZTV9nRF51822n)
    vtable for mbed::FileHandle              0x0001d1d0   Data          44  retarget.o(.constdata__ZTVN4mbed10FileHandleE)
    vtable for mbed::SerialBase              0x0001d1fc   Data          16  SerialBase.o(.constdata__ZTVN4mbed10SerialBaseE)
    vtable for mbed::TimerEvent              0x0001d20c   Data          20  TimerEvent.o(.constdata__ZTVN4mbed10TimerEventE)
    vtable for mbed::Serial                  0x0001d220   Data          92  Serial.o(.constdata__ZTVN4mbed6SerialE)
    vtable for mbed::Stream                  0x0001d27c   Data          68  Stream.o(.constdata__ZTVN4mbed6StreamE)
    vtable for mbed::Ticker                  0x0001d2c0   Data          20  Ticker.o(.constdata__ZTVN4mbed6TickerE)
    vtable for mbed::FileBase                0x0001d2d4   Data          16  FileBase.o(.constdata__ZTVN4mbed8FileBaseE)
    vtable for mbed::FileLike                0x0001d2e4   Data          60  FileLike.o(.constdata__ZTVN4mbed8FileLikeE)
    vtable for mbed::CallChain               0x0001d320   Data          16  CallChain.o(.constdata__ZTVN4mbed9CallChainE)
    Region$$Table$$Base                      0x0001d378   Number         0  anon$$obj.o(Region$$Table)
    Region$$Table$$Limit                     0x0001d398   Number         0  anon$$obj.o(Region$$Table)
    __ctype                                  0x0001d3c1   Data           0  lc_ctype_c.o(locale$$data)
    SHT$$INIT_ARRAY$$Base                    0x0001d4c4   Number         0  main.o(.init_array)
    SHT$$INIT_ARRAY$$Limit                   0x0001d4cc   Number         0  init_aeabi.o(.init_array)
    m_analog_in                              0x20002000   Data           8  main.o(.data)
    m_analog_in_value                        0x20002008   Data           2  main.o(.data)
    m_analog_in_value1                       0x2000200a   Data           2  main.o(.data)
    m_analog_in_value2                       0x2000200c   Data           2  main.o(.data)
    m_analog_in_value3                       0x2000200e   Data           2  main.o(.data)
    m_analog_in_value4                       0x20002010   Data           2  main.o(.data)
    m_uart_service_ptr                       0x20002014   Data           4  main.o(.data)
    SystemCoreClock                          0x2000203c   Data           4  system_nrf51822.o(.data)
    stdio_uart_inited                        0x20002074   Data           4  serial_api.o(.data)
    stdio_uart                               0x2000207c   Data           8  serial_api.o(.data)
    mbed::FileBase::_head                    0x20002114   Data           4  FileBase.o(.data)
    __aeabi_stdin                            0x20002120   Data           4  stdio_streams.o(.data)
    __aeabi_stdout                           0x20002124   Data           4  stdio_streams.o(.data)
    __aeabi_stderr                           0x20002128   Data           4  stdio_streams.o(.data)
    guard variable for nRF51GattServer::getInstance()::m_instance 0x20002130   Data           4  nrf51822n.o(.data__ZZN15nRF51GattServer11getInstanceEvE10m_instance)
    guard variable for nRF51Gap::getInstance()::m_instance 0x20002134   Data           4  nrf51822n.o(.data__ZZN8nRF51Gap11getInstanceEvE10m_instance)
    m_ble                                    0x20002138   Data         100  main.o(.bss)
    pc                                       0x2000219c   Data          96  main.o(.bss)
    m_cmd_led                                0x200021fc   Data          24  main.o(.bss)
    m_error_led                              0x20002214   Data          24  main.o(.bss)
    convertedUUIDTable                       0x2000229c   Data         136  custom_helper.o(.bss)
    __stdin                                  0x20002488   Data          84  stdio_streams.o(.bss)
    __stdout                                 0x200024dc   Data          84  stdio_streams.o(.bss)
    __stderr                                 0x20002530   Data          84  stdio_streams.o(.bss)
    nRF51GattServer::getInstance()::m_instance 0x200025a0   Data         468  nrf51822n.o(.bss__ZZN15nRF51GattServer11getInstanceEvE10m_instance)
    nRF51Gap::getInstance()::m_instance      0x20002774   Data          40  nrf51822n.o(.bss__ZZN8nRF51Gap11getInstanceEvE10m_instance)
    Image$$RW_IRAM1$$ZI$$Limit               0x2000279c   Number         0  anon$$obj.o ABSOLUTE



==============================================================================

Memory Map of the image

  Image Entry point : 0x000160c1

  Load Region LR_IROM1 (Base: 0x00016000, Size: 0x00007604, Max: 0x0002a000, ABSOLUTE, COMPRESSED[0x00007540])

    Execution Region ER_IROM1 (Base: 0x00016000, Size: 0x000074cc, Max: 0x0002a000, ABSOLUTE)

    Base Addr    Size         Type   Attr      Idx    E Section Name        Object

    0x00016000   0x000000c0   Data   RO         2630    RESET               startup_nRF51822.o
    0x000160c0   0x00000008   Code   RO         3411  * !!!main             c_p.l(__main.o)
    0x000160c8   0x0000003c   Code   RO         4131    !!!scatter          c_p.l(__scatter.o)
    0x00016104   0x0000001c   Code   RO         4133    !!handler_zi        c_p.l(__scatter_zi.o)
    0x00016120   0x00000002   Code   RO         3342    .ARM.Collect$$_printf_percent$$00000000  c_p.l(_printf_percent.o)
    0x00016122   0x0000000a   Code   RO         3633    .ARM.Collect$$_printf_percent$$00000001  c_p.l(_printf_n.o)
    0x0001612c   0x0000000a   Code   RO         3339    .ARM.Collect$$_printf_percent$$00000002  c_p.l(_printf_p.o)
    0x00016136   0x0000000a   Code   RO         3637    .ARM.Collect$$_printf_percent$$00000003  c_p.l(_printf_f.o)
    0x00016140   0x0000000a   Code   RO         3638    .ARM.Collect$$_printf_percent$$00000004  c_p.l(_printf_e.o)
    0x0001614a   0x0000000a   Code   RO         3639    .ARM.Collect$$_printf_percent$$00000005  c_p.l(_printf_g.o)
    0x00016154   0x0000000a   Code   RO         3640    .ARM.Collect$$_printf_percent$$00000006  c_p.l(_printf_a.o)
    0x0001615e   0x0000000a   Code   RO         3645    .ARM.Collect$$_printf_percent$$00000007  c_p.l(_printf_ll.o)
    0x00016168   0x0000000a   Code   RO         3636    .ARM.Collect$$_printf_percent$$00000008  c_p.l(_printf_i.o)
    0x00016172   0x0000000a   Code   RO         3340    .ARM.Collect$$_printf_percent$$00000009  c_p.l(_printf_d.o)
    0x0001617c   0x0000000a   Code   RO         3341    .ARM.Collect$$_printf_percent$$0000000A  c_p.l(_printf_u.o)
    0x00016186   0x0000000a   Code   RO         3635    .ARM.Collect$$_printf_percent$$0000000B  c_p.l(_printf_o.o)
    0x00016190   0x0000000a   Code   RO         3634    .ARM.Collect$$_printf_percent$$0000000C  c_p.l(_printf_x.o)
    0x0001619a   0x0000000a   Code   RO         3642    .ARM.Collect$$_printf_percent$$0000000D  c_p.l(_printf_lli.o)
    0x000161a4   0x0000000a   Code   RO         3643    .ARM.Collect$$_printf_percent$$0000000E  c_p.l(_printf_lld.o)
    0x000161ae   0x0000000a   Code   RO         3644    .ARM.Collect$$_printf_percent$$0000000F  c_p.l(_printf_llu.o)
    0x000161b8   0x0000000a   Code   RO         3649    .ARM.Collect$$_printf_percent$$00000010  c_p.l(_printf_llo.o)
    0x000161c2   0x0000000a   Code   RO         3650    .ARM.Collect$$_printf_percent$$00000011  c_p.l(_printf_llx.o)
    0x000161cc   0x0000000a   Code   RO         3646    .ARM.Collect$$_printf_percent$$00000012  c_p.l(_printf_l.o)
    0x000161d6   0x0000000a   Code   RO         3631    .ARM.Collect$$_printf_percent$$00000013  c_p.l(_printf_c.o)
    0x000161e0   0x0000000a   Code   RO         3632    .ARM.Collect$$_printf_percent$$00000014  c_p.l(_printf_s.o)
    0x000161ea   0x0000000a   Code   RO         3647    .ARM.Collect$$_printf_percent$$00000015  c_p.l(_printf_lc.o)
    0x000161f4   0x0000000a   Code   RO         3648    .ARM.Collect$$_printf_percent$$00000016  c_p.l(_printf_ls.o)
    0x000161fe   0x00000004   Code   RO         3641    .ARM.Collect$$_printf_percent$$00000017  c_p.l(_printf_percent_end.o)
    0x00016202   0x00000002   Code   RO         3999    .ARM.Collect$$libinit$$00000000  c_p.l(libinit.o)
    0x00016204   0x00000000   Code   RO         3704    .ARM.Collect$$libinit$$00000002  c_p.l(libinit2.o)
    0x00016204   0x00000000   Code   RO         3706    .ARM.Collect$$libinit$$00000004  c_p.l(libinit2.o)
    0x00016204   0x00000008   Code   RO         3707    .ARM.Collect$$libinit$$00000005  c_p.l(libinit2.o)
    0x0001620c   0x00000000   Code   RO         3709    .ARM.Collect$$libinit$$0000000A  c_p.l(libinit2.o)
    0x0001620c   0x00000000   Code   RO         3711    .ARM.Collect$$libinit$$0000000C  c_p.l(libinit2.o)
    0x0001620c   0x00000000   Code   RO         3713    .ARM.Collect$$libinit$$0000000E  c_p.l(libinit2.o)
    0x0001620c   0x00000006   Code   RO         3714    .ARM.Collect$$libinit$$0000000F  c_p.l(libinit2.o)
    0x00016212   0x00000000   Code   RO         3716    .ARM.Collect$$libinit$$00000011  c_p.l(libinit2.o)
    0x00016212   0x0000000c   Code   RO         3717    .ARM.Collect$$libinit$$00000012  c_p.l(libinit2.o)
    0x0001621e   0x00000000   Code   RO         3718    .ARM.Collect$$libinit$$00000013  c_p.l(libinit2.o)
    0x0001621e   0x00000000   Code   RO         3720    .ARM.Collect$$libinit$$00000015  c_p.l(libinit2.o)
    0x0001621e   0x0000000a   Code   RO         3721    .ARM.Collect$$libinit$$00000016  c_p.l(libinit2.o)
    0x00016228   0x00000000   Code   RO         3722    .ARM.Collect$$libinit$$00000017  c_p.l(libinit2.o)
    0x00016228   0x00000000   Code   RO         3724    .ARM.Collect$$libinit$$00000019  c_p.l(libinit2.o)
    0x00016228   0x00000000   Code   RO         3726    .ARM.Collect$$libinit$$0000001B  c_p.l(libinit2.o)
    0x00016228   0x00000000   Code   RO         3728    .ARM.Collect$$libinit$$0000001D  c_p.l(libinit2.o)
    0x00016228   0x00000000   Code   RO         3730    .ARM.Collect$$libinit$$0000001F  c_p.l(libinit2.o)
    0x00016228   0x00000000   Code   RO         3732    .ARM.Collect$$libinit$$00000021  c_p.l(libinit2.o)
    0x00016228   0x00000000   Code   RO         3734    .ARM.Collect$$libinit$$00000023  c_p.l(libinit2.o)
    0x00016228   0x00000004   Code   RO         3735    .ARM.Collect$$libinit$$00000024  c_p.l(libinit2.o)
    0x0001622c   0x00000000   Code   RO         3736    .ARM.Collect$$libinit$$00000025  c_p.l(libinit2.o)
    0x0001622c   0x00000000   Code   RO         3740    .ARM.Collect$$libinit$$0000002C  c_p.l(libinit2.o)
    0x0001622c   0x00000000   Code   RO         3742    .ARM.Collect$$libinit$$0000002E  c_p.l(libinit2.o)
    0x0001622c   0x00000000   Code   RO         3744    .ARM.Collect$$libinit$$00000030  c_p.l(libinit2.o)
    0x0001622c   0x00000004   Code   RO         3745    .ARM.Collect$$libinit$$00000031  c_p.l(libinit2.o)
    0x00016230   0x00000000   Code   RO         3746    .ARM.Collect$$libinit$$00000032  c_p.l(libinit2.o)
    0x00016230   0x00000002   Code   RO         3747    .ARM.Collect$$libinit$$00000033  c_p.l(libinit2.o)
    0x00016232   0x00000000   Code   RO         3893    .ARM.Collect$$libshutdown$$00000002  c_p.l(libshutdown2.o)
    0x00016232   0x00000000   Code   RO         3895    .ARM.Collect$$libshutdown$$00000004  c_p.l(libshutdown2.o)
    0x00016232   0x00000000   Code   RO         3558    .ARM.Collect$$rtentry$$00000000  c_p.l(__rtentry.o)
    0x00016232   0x00000000   Code   RO         3793    .ARM.Collect$$rtentry$$00000002  c_p.l(__rtentry2.o)
    0x00016232   0x00000006   Code   RO         3805    .ARM.Collect$$rtentry$$00000004  c_p.l(__rtentry4.o)
    0x00016238   0x00000000   Code   RO         3795    .ARM.Collect$$rtentry$$00000009  c_p.l(__rtentry2.o)
    0x00016238   0x00000004   Code   RO         3796    .ARM.Collect$$rtentry$$0000000A  c_p.l(__rtentry2.o)
    0x0001623c   0x00000000   Code   RO         3798    .ARM.Collect$$rtentry$$0000000C  c_p.l(__rtentry2.o)
    0x0001623c   0x00000008   Code   RO         3799    .ARM.Collect$$rtentry$$0000000D  c_p.l(__rtentry2.o)
    0x00016244   0x0000001e   Code   RO         1052    .emb_text           nrf51822n.o
    0x00016262   0x00000002   PAD
    0x00016264   0x0000001e   Code   RO         2658    .emb_text           mbed.ar(app_timer.o)
    0x00016282   0x00000002   PAD
    0x00016284   0x00000038   Code   RO         3391    .emb_text           c_p.l(rt_memcpy.o)
    0x000162bc   0x00000000   Code   RO         3813    .emb_text           c_p.l(maybetermalloc1.o)
    0x000162bc   0x00000710   Code   RO          214    .text               main.o
    0x000169cc   0x0000001a   Code   RO          708    .text               bledevice.o
    0x000169e6   0x00000002   PAD
    0x000169e8   0x0000011c   Code   RO          783    .text               gapadvertisingdata.o
    0x00016b04   0x00000080   Code   RO          809    .text               gapadvertisingparams.o
    0x00016b84   0x00000020   Code   RO          834    .text               gattservice.o
    0x00016ba4   0x00000072   Code   RO          874    .text               uuid.o
    0x00016c16   0x00000002   PAD
    0x00016c18   0x00000110   Code   RO         1053    .text               nrf51822n.o
    0x00016d28   0x00000300   Code   RO         1303    .text               nrf51gap.o
    0x00017028   0x00000580   Code   RO         1412    .text               nrf51gattserver.o
    0x000175a8   0x000002a8   Code   RO         1714    .text               btle.o
    0x00017850   0x000000a8   Code   RO         2072    .text               btle_gap.o
    0x000178f8   0x0000039c   Code   RO         2130    .text               custom_helper.o
    0x00017c94   0x000001c4   Code   RO         2188    .text               softdevice_handler.o
    0x00017e58   0x0000002c   Code   RO         2631    .text               startup_nRF51822.o
    0x00017e84   0x00000062   Code   RO         3222    .text               c_p.l(h1_alloc.o)
    0x00017ee6   0x0000004c   Code   RO         3224    .text               c_p.l(h1_free.o)
    0x00017f32   0x00000030   Code   RO         3280    .text               c_p.l(llmul.o)
    0x00017f62   0x00000102   Code   RO         3282    .text               c_p.l(lludiv.o)
    0x00018064   0x0000000e   Code   RO         3284    .text               c_p.l(c89vfprintf.o)
    0x00018072   0x00000002   PAD
    0x00018074   0x0000002c   Code   RO         3286    .text               c_p.l(__2sprintf.o)
    0x000180a0   0x0000003c   Code   RO         3288    .text               c_p.l(__2snprintf.o)
    0x000180dc   0x0000006c   Code   RO         3296    .text               c_p.l(_printf_dec.o)
    0x00018148   0x00000098   Code   RO         3316    .text               c_p.l(_printf_hex_int_ll_ptr.o)
    0x000181e0   0x00000188   Code   RO         3336    .text               c_p.l(__printf_flags_ss_wp.o)
    0x00018368   0x00000040   Code   RO         3345    .text               c_p.l(__0sscanf.o)
    0x000183a8   0x0000014a   Code   RO         3347    .text               c_p.l(_scanf_int.o)
    0x000184f2   0x00000002   PAD
    0x000184f4   0x00000068   Code   RO         3349    .text               c_p.l(fflush.o)
    0x0001855c   0x000000e8   Code   RO         3363    .text               c_p.l(fopen.o)
    0x00018644   0x0000001a   Code   RO         3365    .text               c_p.l(setbuf.o)
    0x0001865e   0x00000002   PAD
    0x00018660   0x0000004c   Code   RO         3367    .text               c_p.l(fclose.o)
    0x000186ac   0x0000002a   Code   RO         3382    .text               c_p.l(aeabi_atexit.o)
    0x000186d6   0x0000005a   Code   RO         3385    .text               c_p.l(memcmp.o)
    0x00018730   0x00000044   Code   RO         3387    .text               c_p.l(strlen.o)
    0x00018774   0x000000a0   Code   RO         3389    .text               c_p.l(strncmp.o)
    0x00018814   0x00000082   Code   RO         3392    .text               c_p.l(rt_memcpy.o)
    0x00018896   0x0000001c   Code   RO         3397    .text               c_p.l(memset.o)
    0x000188b2   0x00000012   Code   RO         3399    .text               c_p.l(aeabi_memset.o)
    0x000188c4   0x00000040   Code   RO         3401    .text               c_p.l(rt_memclr.o)
    0x00018904   0x0000006c   Code   RO         3403    .text               c_p.l(strncpy.o)
    0x00018970   0x000000a0   Code   RO         3405    .text               c_p.l(strcmpv6m.o)
    0x00018a10   0x000001e8   Code   RO         3407    .text               c_p.l(aeabi_sdivfast.o)
    0x00018bf8   0x00000024   Code   RO         3416    .text               c_p.l(init_aeabi.o)
    0x00018c1c   0x0000004a   Code   RO         3550    .text               fz_ps.l(ffixul.o)
    0x00018c66   0x00000002   PAD
    0x00018c68   0x00000008   Code   RO         3567    .text               c_p.l(rt_heap_descriptor.o)
    0x00018c70   0x00000008   Code   RO         3572    .text               c_p.l(rt_new_handler_addr.o)
    0x00018c78   0x00000008   Code   RO         3577    .text               c_p.l(rt_ddtor_pointer_addr.o)
    0x00018c80   0x00000004   Code   RO         3582    .text               c_p.l(hguard.o)
    0x00018c84   0x00000088   Code   RO         3584    .text               c_p.l(init_alloc.o)
    0x00018d0c   0x0000000e   Code   RO         3588    .text               c_p.l(h1_init.o)
    0x00018d1a   0x0000004e   Code   RO         3602    .text               c_p.l(_printf_pad.o)
    0x00018d68   0x00000024   Code   RO         3604    .text               c_p.l(_printf_truncate.o)
    0x00018d8c   0x00000052   Code   RO         3606    .text               c_p.l(_printf_str.o)
    0x00018dde   0x000000b0   Code   RO         3608    .text               c_p.l(_printf_intcommon.o)
    0x00018e8e   0x00000026   Code   RO         3610    .text               c_p.l(_printf_charcount.o)
    0x00018eb4   0x00000030   Code   RO         3612    .text               c_p.l(_printf_char_common.o)
    0x00018ee4   0x0000000a   Code   RO         3614    .text               c_p.l(_sputc.o)
    0x00018eee   0x00000010   Code   RO         3616    .text               c_p.l(_snputc.o)
    0x00018efe   0x00000002   PAD
    0x00018f00   0x00000028   Code   RO         3618    .text               c_p.l(_printf_char_file.o)
    0x00018f28   0x000000bc   Code   RO         3620    .text               c_p.l(_printf_wctomb.o)
    0x00018fe4   0x00000070   Code   RO         3623    .text               c_p.l(_printf_longlong_dec.o)
    0x00019054   0x00000070   Code   RO         3629    .text               c_p.l(_printf_oct_int_ll.o)
    0x000190c4   0x0000001e   Code   RO         3651    .text               c_p.l(_chval.o)
    0x000190e2   0x00000002   PAD
    0x000190e4   0x00000030   Code   RO         3657    .text               c_p.l(scanf_char.o)
    0x00019114   0x00000044   Code   RO         3659    .text               c_p.l(_sgetc.o)
    0x00019158   0x00000008   Code   RO         3669    .text               c_p.l(ferror.o)
    0x00019160   0x00000254   Code   RO         3671    .text               c_p.l(filbuf.o)
    0x000193b4   0x000001f0   Code   RO         3673    .text               c_p.l(flsbuf.o)
    0x000195a4   0x000000f4   Code   RO         3675    .text               c_p.l(fseek.o)
    0x00019698   0x0000004c   Code   RO         3677    .text               c_p.l(setvbuf.o)
    0x000196e4   0x000000f0   Code   RO         3679    .text               c_p.l(stdio.o)
    0x000197d4   0x00000042   Code   RO         3692    .text               c_p.l(cxa_finalize.o)
    0x00019816   0x0000000c   Code   RO         3695    .text               c_p.l(defsig_pvfn_outer.o)
    0x00019822   0x00000028   Code   RO         3699    .text               c_p.l(rtudiv10.o)
    0x0001984a   0x00000008   Code   RO         3755    .text               cpprt_p.l(arm_newhandler_noexceptions.o)
    0x00019852   0x00000034   Code   RO         3815    .text               c_p.l(h1_extend.o)
    0x00019886   0x0000007a   Code   RO         3819    .text               c_p.l(lludiv10.o)
    0x00019900   0x00000012   Code   RO         3821    .text               c_p.l(isspace.o)
    0x00019912   0x00000002   PAD
    0x00019914   0x00000414   Code   RO         3823    .text               c_p.l(_printf_fp_dec.o)
    0x00019d28   0x0000002e   Code   RO         3827    .text               c_p.l(_printf_char.o)
    0x00019d56   0x0000002e   Code   RO         3831    .text               c_p.l(_printf_wchar.o)
    0x00019d84   0x00000380   Code   RO         3833    .text               c_p.l(_scanf.o)
    0x0001a104   0x00000042   Code   RO         3843    .text               c_p.l(ftell.o)
    0x0001a146   0x00000002   PAD
    0x0001a148   0x0000013c   Code   RO         3851    .text               c_p.l(initio.o)
    0x0001a284   0x00000038   Code   RO         3853    .text               c_p.l(flushlinebuffered.o)
    0x0001a2bc   0x00000040   Code   RO         3873    .text               c_p.l(_wcrtomb.o)
    0x0001a2fc   0x0000000c   Code   RO         3875    .text               c_p.l(defsig_exit.o)
    0x0001a308   0x0000000c   Code   RO         3877    .text               c_p.l(defsig_rtmem_outer.o)
    0x0001a314   0x00000030   Code   RO         3881    .text               c_p.l(defsig_pvfn_inner.o)
    0x0001a344   0x00000050   Code   RO         3885    .text               c_p.l(heapauxa.o)
    0x0001a394   0x0000001c   Code   RO         3928    .text               cpprt_p.l(arm_exceptions_terminate.o)
    0x0001a3b0   0x00000054   Code   RO         3931    .text               cpprt_p.l(arm_exceptions_globs.o)
    0x0001a404   0x0000000c   Code   RO         3939    .text               c_p.l(sys_exit.o)
    0x0001a410   0x00000010   Code   RO         3941    .text               c_p.l(rt_ctype_table.o)
    0x0001a420   0x00000008   Code   RO         3943    .text               c_p.l(rt_locale.o)
    0x0001a428   0x00000008   Code   RO         3948    .text               c_p.l(rt_eh_globals_addr.o)
    0x0001a430   0x00000008   Code   RO         3953    .text               c_p.l(rt_errno_addr.o)
    0x0001a438   0x00000088   Code   RO         3960    .text               c_p.l(_printf_fp_infnan.o)
    0x0001a4c0   0x000000c8   Code   RO         3962    .text               c_p.l(bigflt0.o)
    0x0001a588   0x000004a8   Code   RO         3965    .text               c_p.l(btod.o)
    0x0001aa30   0x00000014   Code   RO         3974    .text               c_p.l(abort.o)
    0x0001aa44   0x00000034   Code   RO         3978    .text               c_p.l(defsig_general.o)
    0x0001aa78   0x0000000c   Code   RO         3984    .text               c_p.l(defsig_rtred_outer.o)
    0x0001aa84   0x00000050   Code   RO         3988    .text               c_p.l(defsig_rtmem_inner.o)
    0x0001aad4   0x00000042   Code   RO         4003    .text               cpprt_p.l(arm_exceptions_mem.o)
    0x0001ab16   0x0000000c   Code   RO         4032    .text               c_p.l(sys_wrch.o)
    0x0001ab22   0x00000002   Code   RO         4034    .text               c_p.l(use_no_semi.o)
    0x0001ab24   0x00000000   Code   RO         4036    .text               c_p.l(indicate_semi.o)
    0x0001ab24   0x0000000c   Code   RO         4052    .text               c_p.l(defsig_abrt_outer.o)
    0x0001ab30   0x00000034   Code   RO         4058    .text               c_p.l(defsig_rtred_inner.o)
    0x0001ab64   0x00000030   Code   RO         4074    .text               c_p.l(defsig_abrt_inner.o)
    0x0001ab94   0x0000003a   Code   RO         4129    .text               c_p.l(__dczerorl.o)
    0x0001abce   0x00000010   Code   RO         2526    i.$Sub$$main        retarget.o
    0x0001abde   0x0000000a   Code   RO         2991    i.<Func1>           mbed.ar(SerialBase.o)
    0x0001abe8   0x000000b0   Code   RO         2659    i.RTC1_IRQHandler   mbed.ar(app_timer.o)
    0x0001ac98   0x00000008   Code   RO         2660    i.SWI0_IRQHandler   mbed.ar(app_timer.o)
    0x0001aca0   0x000000a0   Code   RO         2639    i.SystemInit        system_nrf51822.o
    0x0001ad40   0x00000040   Code   RO         2685    i.UART0_IRQHandler  mbed.ar(serial_api.o)
    0x0001ad80   0x00000044   Code   RO         1448    i._ZN10GattServer11handleEventEN16GattServerEvents11gattEvent_eEt  nrf51gattserver.o
    0x0001adc4   0x00000032   Code   RO          299    i._ZN11UARTService13onDataWrittenEPK31GattCharacteristicWriteCBParams  main.o
    0x0001adf6   0x00000010   Code   RO          277    i._ZN11UARTService25getTXCharacteristicHandleEv  main.o
    0x0001ae06   0x00000002   PAD
    0x0001ae08   0x00000100   Code   RO          263    i._ZN11UARTServiceC1ER9BLEDevice  main.o
    0x0001af08   0x00000004   Code   RO         1454    i._ZN13GattAttribute9setHandleEt  nrf51gattserver.o
    0x0001af0c   0x00000078   Code   RO         1106    i._ZN15nRF51GattServerC1Ev  nrf51822n.o
    0x0001af84   0x00000020   Code   RO         1103    i._ZN15nRF51GattServerD1Ev  nrf51822n.o
    0x0001afa4   0x00000094   Code   RO          257    i._ZN18GattCharacteristicC1ERK4UUIDPhtthPP13GattAttributej  main.o
    0x0001b038   0x0000001a   Code   RO          305    i._ZN4mbed10DigitalOutC1E7PinName  main.o
    0x0001b052   0x00000002   PAD
    0x0001b054   0x0000005c   Code   RO          245    i._ZN4mbed10DigitalOutaSEi  main.o
    0x0001b0b0   0x0000003a   Code   RO         2624    i._ZN4mbed10FileHandle4flenEv  retarget.o
    0x0001b0ea   0x00000002   PAD
    0x0001b0ec   0x0000002c   Code   RO         2528    i._ZN4mbed10FileHandleD2Ev  retarget.o
    0x0001b118   0x0000000a   Code   RO         2992    i._ZN4mbed10SerialBase10_base_getcEv  mbed.ar(SerialBase.o)
    0x0001b122   0x0000000e   Code   RO         2993    i._ZN4mbed10SerialBase10_base_putcEi  mbed.ar(SerialBase.o)
    0x0001b130   0x00000010   Code   RO         2995    i._ZN4mbed10SerialBase12_irq_handlerEj9SerialIrq  mbed.ar(SerialBase.o)
    0x0001b140   0x00000010   Code   RO         2996    i._ZN4mbed10SerialBase4baudEi  mbed.ar(SerialBase.o)
    0x0001b150   0x0000000a   Code   RO         2999    i._ZN4mbed10SerialBase8readableEv  mbed.ar(SerialBase.o)
    0x0001b15a   0x00000002   PAD
    0x0001b15c   0x0000004c   Code   RO         3001    i._ZN4mbed10SerialBaseC1E7PinNameS1_  mbed.ar(SerialBase.o)
    0x0001b1a8   0x00000006   Code   RO         3042    i._ZN4mbed10TimerEvent3irqEj  mbed.ar(TimerEvent.o)
    0x0001b1ae   0x0000000c   Code   RO         3043    i._ZN4mbed10TimerEvent6insertEy  mbed.ar(TimerEvent.o)
    0x0001b1ba   0x0000000a   Code   RO         3044    i._ZN4mbed10TimerEvent6removeEv  mbed.ar(TimerEvent.o)
    0x0001b1c4   0x00000024   Code   RO         3045    i._ZN4mbed10TimerEventC2Ev  mbed.ar(TimerEvent.o)
    0x0001b1e8   0x0000001a   Code   RO         2768    i._ZN4mbed15FunctionPointer4callEv  mbed.ar(FunctionPointer.o)
    0x0001b202   0x00000008   Code   RO         2769    i._ZN4mbed15FunctionPointer6attachEPFvvE  mbed.ar(FunctionPointer.o)
    0x0001b20a   0x0000000a   Code   RO         2770    i._ZN4mbed15FunctionPointerC1EPFvvE  mbed.ar(FunctionPointer.o)
    0x0001b214   0x0000002c   Code   RO         2949    i._ZN4mbed6SerialC1E7PinNameS1_PKc  mbed.ar(Serial.o)
    0x0001b240   0x0000000c   Code   RO         2967    i._ZN4mbed6SerialD1Ev  mbed.ar(Serial.o)
    0x0001b24c   0x00000004   Code   RO         2883    i._ZN4mbed6Stream4flenEv  mbed.ar(Stream.o)
    0x0001b250   0x00000012   Code   RO         2884    i._ZN4mbed6Stream4getcEv  mbed.ar(Stream.o)
    0x0001b262   0x00000026   Code   RO         2888    i._ZN4mbed6Stream4readEPvj  mbed.ar(Stream.o)
    0x0001b288   0x00000004   Code   RO         2889    i._ZN4mbed6Stream5closeEv  mbed.ar(Stream.o)
    0x0001b28c   0x00000004   Code   RO         2891    i._ZN4mbed6Stream5lseekEli  mbed.ar(Stream.o)
    0x0001b290   0x00000026   Code   RO         2893    i._ZN4mbed6Stream5writeEPKvj  mbed.ar(Stream.o)
    0x0001b2b6   0x00000004   Code   RO         2894    i._ZN4mbed6Stream6isattyEv  mbed.ar(Stream.o)
    0x0001b2ba   0x00000020   Code   RO         2895    i._ZN4mbed6Stream6printfEPKcz  mbed.ar(Stream.o)
    0x0001b2da   0x00000002   PAD
    0x0001b2dc   0x00000048   Code   RO         2896    i._ZN4mbed6StreamC2EPKc  mbed.ar(Stream.o)
    0x0001b324   0x00000024   Code   RO         2898    i._ZN4mbed6StreamD2Ev  mbed.ar(Stream.o)
    0x0001b348   0x00000026   Code   RO         2862    i._ZN4mbed6Ticker5setupEy  mbed.ar(Ticker.o)
    0x0001b36e   0x00000020   Code   RO         2864    i._ZN4mbed6Ticker7handlerEv  mbed.ar(Ticker.o)
    0x0001b38e   0x00000004   Code   RO         3151    i._ZN4mbed8FileBase11getPathTypeEv  mbed.ar(FileBase.o)
    0x0001b392   0x00000002   PAD
    0x0001b394   0x0000003c   Code   RO         3153    i._ZN4mbed8FileBase6lookupEPKcj  mbed.ar(FileBase.o)
    0x0001b3d0   0x00000024   Code   RO         3155    i._ZN4mbed8FileBaseC1EPKcNS_8PathTypeE  mbed.ar(FileBase.o)
    0x0001b3f4   0x00000034   Code   RO         3157    i._ZN4mbed8FileBaseD1Ev  mbed.ar(FileBase.o)
    0x0001b428   0x00000024   Code   RO         3128    i._ZN4mbed8FileLikeC2EPKc  mbed.ar(FileLike.o)
    0x0001b44c   0x00000010   Code   RO         3130    i._ZN4mbed8FileLikeD2Ev  mbed.ar(FileLike.o)
    0x0001b45c   0x0000001a   Code   RO         2839    i._ZN4mbed8FilePath10fileSystemEv  mbed.ar(FilePath.o)
    0x0001b476   0x00000020   Code   RO         2841    i._ZN4mbed8FilePath4fileEv  mbed.ar(FilePath.o)
    0x0001b496   0x0000000a   Code   RO         2842    i._ZN4mbed8FilePath6existsEv  mbed.ar(FilePath.o)
    0x0001b4a0   0x00000018   Code   RO         2843    i._ZN4mbed8FilePath6isFileEv  mbed.ar(FilePath.o)
    0x0001b4b8   0x00000004   Code   RO         2844    i._ZN4mbed8FilePath8fileNameEv  mbed.ar(FilePath.o)
    0x0001b4bc   0x00000044   Code   RO         2845    i._ZN4mbed8FilePathC1EPKc  mbed.ar(FilePath.o)
    0x0001b500   0x00000020   Code   RO         2724    i._ZN4mbed9CallChain4callEv  mbed.ar(CallChain.o)
    0x0001b520   0x0000002c   Code   RO         2728    i._ZN4mbed9CallChainC1Ei  mbed.ar(CallChain.o)
    0x0001b54c   0x00000038   Code   RO         2730    i._ZN4mbed9CallChainD1Ev  mbed.ar(CallChain.o)
    0x0001b584   0x00000078   Code   RO         1097    i._ZN8nRF51Gap11getInstanceEv  nrf51822n.o
    0x0001b5fc   0x00000020   Code   RO         1112    i._ZN8nRF51GapD1Ev  nrf51822n.o
    0x0001b61c   0x00000044   Code   RO          289    i._ZN9BLEDevice13onDataWrittenEPFvPK31GattCharacteristicWriteCBParamsE  main.o
    0x0001b660   0x0000006a   Code   RO          238    i._ZN9BLEDevice16startAdvertisingEv  main.o
    0x0001b6ca   0x0000003a   Code   RO          270    i._ZN9BLEDevice28accumulateAdvertisingPayloadEN18GapAdvertisingData8DataTypeEPKhh  main.o
    0x0001b704   0x00000026   Code   RO          296    i._ZN9BLEDeviceD1Ev  main.o
    0x0001b72a   0x00000002   PAD
    0x0001b72c   0x00000044   Code   RO         1091    i._ZN9nRF51822n13getGattServerEv  nrf51822n.o
    0x0001b770   0x0000000a   Code   RO         1085    i._ZN9nRF51822n6getGapEv  nrf51822n.o
    0x0001b77a   0x00000008   Code   RO         1460    i._ZNK18GattCharacteristic13getPropertiesEv  nrf51gattserver.o
    0x0001b782   0x00000006   Code   RO         1326    i._ZNK20GapAdvertisingParams11getIntervalEv  nrf51gap.o
    0x0001b788   0x00000006   Code   RO         1320    i._ZNK20GapAdvertisingParams18getAdvertisingTypeEv  nrf51gap.o
    0x0001b78e   0x0000000a   Code   RO         2950    i._ZThn72_N4mbed6Serial5_getcEv  mbed.ar(Serial.o)
    0x0001b798   0x0000000a   Code   RO         2951    i._ZThn72_N4mbed6Serial5_putcEi  mbed.ar(Serial.o)
    0x0001b7a2   0x00000008   Code   RO         3423    i._ZdlPv            cpprt_p.l(delete.o)
    0x0001b7aa   0x00000008   Code   RO         3419    i._Znaj             cpprt_p.l(array_new.o)
    0x0001b7b2   0x00000002   PAD
    0x0001b7b4   0x00000028   Code   RO         3426    i._Znwj             cpprt_p.l(new.o)
    0x0001b7dc   0x00000030   Code   RO         3967    i.__ARM_common_ll_muluu  c_p.l(btod.o)
    0x0001b80c   0x0000002c   Code   RO         4024    i.__ARM_fpclassify  m_ps.l(fpclassify.o)
    0x0001b838   0x00000022   Code   RO         3545    i.__aeabi_vec_ctor_nocookie_nodtor  cpprt_p.l(aeabi_vec_ctor_nocookie_nodtor.o)
    0x0001b85a   0x00000012   Code   RO         3433    i.__cxa_guard_acquire  cpprt_p.l(cxa_guard_acquire.o)
    0x0001b86c   0x0000000a   Code   RO         3430    i.__cxa_pure_virtual  cpprt_p.l(pure_virt.o)
    0x0001b876   0x00000002   PAD
    0x0001b878   0x00000010   Code   RO         2633    i.__user_setup_stackheap  sys.o
    0x0001b888   0x0000000e   Code   RO         3329    i._is_digit         c_p.l(__printf_wp.o)
    0x0001b896   0x00000002   PAD
    0x0001b898   0x0000002c   Code   RO         2529    i._sys_close        retarget.o
    0x0001b8c4   0x00000028   Code   RO         2532    i._sys_flen         retarget.o
    0x0001b8ec   0x00000028   Code   RO         2533    i._sys_istty        retarget.o
    0x0001b914   0x00000140   Code   RO         2534    i._sys_open         retarget.o
    0x0001ba54   0x00000054   Code   RO         2535    i._sys_read         retarget.o
    0x0001baa8   0x00000028   Code   RO         2536    i._sys_seek         retarget.o
    0x0001bad0   0x00000060   Code   RO         2537    i._sys_write        retarget.o
    0x0001bb30   0x00000074   Code   RO         2647    i.analogin_init     mbed.ar(analogin_api.o)
    0x0001bba4   0x00000020   Code   RO         2662    i.app_timer_cnt_get  mbed.ar(app_timer.o)
    0x0001bbc4   0x00000058   Code   RO         2663    i.app_timer_create  mbed.ar(app_timer.o)
    0x0001bc1c   0x00000164   Code   RO         2664    i.app_timer_init    mbed.ar(app_timer.o)
    0x0001bd80   0x000000ec   Code   RO         2665    i.app_timer_start   mbed.ar(app_timer.o)
    0x0001be6c   0x000000c8   Code   RO         2666    i.app_timer_stop    mbed.ar(app_timer.o)
    0x0001bf34   0x00000006   Code   RO         3206    i.error             mbed.ar(error.o)
    0x0001bf3a   0x0000000a   Code   RO         3212    i.exit              mbed.ar(exit.o)
    0x0001bf44   0x0000001c   Code   RO         3352    i.fgetc             c_p.l(fgetc.o)
    0x0001bf60   0x0000001e   Code   RO         3358    i.fputc             c_p.l(fputc.o)
    0x0001bf7e   0x00000002   PAD
    0x0001bf80   0x0000005c   Code   RO         3099    i.gpio_dir          mbed.ar(gpio_api.o)
    0x0001bfdc   0x00000024   Code   RO         3100    i.gpio_init         mbed.ar(gpio_api.o)
    0x0001c000   0x00000040   Code   RO         3078    i.gpio_init_out     mbed.ar(gpio.o)
    0x0001c040   0x0000000e   Code   RO         3101    i.gpio_mode         mbed.ar(gpio_api.o)
    0x0001c04e   0x00000008   Code   RO         3036    i.mbed_assert_internal  mbed.ar(assert.o)
    0x0001c056   0x00000002   PAD
    0x0001c058   0x00000108   Code   RO         2510    i.mbed_die          board.o
    0x0001c160   0x00000002   Code   RO         2539    i.mbed_main         retarget.o
    0x0001c162   0x00000002   Code   RO         2540    i.mbed_sdk_init     retarget.o
    0x0001c164   0x00000048   Code   RO         3091    i.pin_mode          mbed.ar(pinmap.o)
    0x0001c1ac   0x0000005c   Code   RO         3183    i.pinmap_peripheral  mbed.ar(pinmap_common.o)
    0x0001c208   0x00000054   Code   RO         2686    i.serial_baud       mbed.ar(serial_api.o)
    0x0001c25c   0x0000001e   Code   RO         2692    i.serial_getc       mbed.ar(serial_api.o)
    0x0001c27a   0x00000002   PAD
    0x0001c27c   0x000000e0   Code   RO         2693    i.serial_init       mbed.ar(serial_api.o)
    0x0001c35c   0x00000014   Code   RO         2694    i.serial_irq_handler  mbed.ar(serial_api.o)
    0x0001c370   0x0000001e   Code   RO         2696    i.serial_putc       mbed.ar(serial_api.o)
    0x0001c38e   0x00000010   Code   RO         2697    i.serial_readable   mbed.ar(serial_api.o)
    0x0001c39e   0x00000002   PAD
    0x0001c3a0   0x00000430   Code   RO         2668    i.timer_list_handler  mbed.ar(app_timer.o)
    0x0001c7d0   0x00000014   Code   RO         3110    i.us_ticker_app_timer_callback  mbed.ar(us_ticker.o)
    0x0001c7e4   0x00000018   Code   RO         3111    i.us_ticker_clear_interrupt  mbed.ar(us_ticker.o)
    0x0001c7fc   0x00000018   Code   RO         3112    i.us_ticker_disable_interrupt  mbed.ar(us_ticker.o)
    0x0001c814   0x00000024   Code   RO         3113    i.us_ticker_init    mbed.ar(us_ticker.o)
    0x0001c838   0x0000004c   Code   RO         3193    i.us_ticker_insert_event  mbed.ar(us_ticker_api.o)
    0x0001c884   0x00000040   Code   RO         3194    i.us_ticker_irq_handler  mbed.ar(us_ticker_api.o)
    0x0001c8c4   0x00000044   Code   RO         3114    i.us_ticker_read    mbed.ar(us_ticker.o)
    0x0001c908   0x00000040   Code   RO         3195    i.us_ticker_remove_event  mbed.ar(us_ticker_api.o)
    0x0001c948   0x00000014   Code   RO         3196    i.us_ticker_set_handler  mbed.ar(us_ticker_api.o)
    0x0001c95c   0x0000009c   Code   RO         3115    i.us_ticker_set_interrupt  mbed.ar(us_ticker.o)
    0x0001c9f8   0x0000001c   Code   RO         3068    i.wait_ms           mbed.ar(wait_api.o)
    0x0001ca14   0x0000002c   Code   RO         3972    locale$$code        c_p.l(lc_numeric_c.o)
    0x0001ca40   0x0000002c   Code   RO         4048    locale$$code        c_p.l(lc_ctype_c.o)
    0x0001ca6c   0x0000003c   Code   RO         1430    t._ZN26FunctionPointerWithContextIP34GattCharacteristicReadAuthCBParamsE4callES1_  nrf51gattserver.o
    0x0001caa8   0x0000003c   Code   RO         1436    t._ZN26FunctionPointerWithContextIP35GattCharacteristicWriteAuthCBParamsE4callES1_  nrf51gattserver.o
    0x0001cae4   0x00000056   Code   RO          314    t._ZN26FunctionPointerWithContextIPK31GattCharacteristicWriteCBParamsE12membercallerI11UARTServiceEEvPvPcS2_  main.o
    0x0001cb3a   0x0000003c   Code   RO         1442    t._ZN26FunctionPointerWithContextIPK31GattCharacteristicWriteCBParamsE4callES2_  nrf51gattserver.o
    0x0001cb76   0x00000018   Code   RO          251    t._ZN38CallChainOfFunctionPointersWithContextIPK31GattCharacteristicWriteCBParamsE10common_addEP26FunctionPointerWithContextIS2_E  main.o
    0x0001cb8e   0x00000002   PAD
    0x0001cb90   0x00000054   Code   RO          283    t._ZN38CallChainOfFunctionPointersWithContextIPK31GattCharacteristicWriteCBParamsE3addI11UARTServiceEEP26FunctionPointerWithContextIS2_EPT_MS9_FvS2_E  main.o
    0x0001cbe4   0x00000030   Code   RO         1079    t._ZN38CallChainOfFunctionPointersWithContextIPK31GattCharacteristicWriteCBParamsED1Ev  nrf51822n.o
    0x0001cc14   0x000000b0   Code   RO         3554    x$fpl$fmul          fz_ps.l(fmul.o)
    0x0001ccc4   0x00000010   Code   RO         3784    x$fpl$printf1       fz_ps.l(printf1.o)
    0x0001ccd4   0x00000000   Code   RO         3788    x$fpl$usenofp       fz_ps.l(usenofp.o)
    0x0001ccd4   0x00000008   Data   RO          217    .constdata          main.o
    0x0001ccdc   0x00000056   Data   RO          928    .constdata          uartservice.o
    0x0001cd32   0x00000002   PAD
    0x0001cd34   0x00000020   Data   RO         1414    .constdata          nrf51gattserver.o
    0x0001cd54   0x00000001   Data   RO         1717    .constdata          btle.o
    0x0001cd55   0x00000003   PAD
    0x0001cd58   0x00000070   Data   RO         2511    .constdata          board.o
    0x0001cdc8   0x00000017   Data   RO         2577    .constdata          retarget.o
    0x0001cddf   0x00000001   PAD
    0x0001cde0   0x000000b8   Data   RO         2650    .constdata          mbed.ar(analogin_api.o)
    0x0001ce98   0x00000070   Data   RO         3080    .constdata          mbed.ar(gpio.o)
    0x0001cf08   0x0000005e   Data   RO         3092    .constdata          mbed.ar(pinmap.o)
    0x0001cf66   0x00000002   PAD
    0x0001cf68   0x00000060   Data   RO         3102    .constdata          mbed.ar(gpio_api.o)
    0x0001cfc8   0x00000028   Data   RO         3317    .constdata          c_p.l(_printf_hex_int_ll_ptr.o)
    0x0001cff0   0x00000011   Data   RO         3337    .constdata          c_p.l(__printf_flags_ss_wp.o)
    0x0001d001   0x00000003   PAD
    0x0001d004   0x00000008   Data   RO         3621    .constdata          c_p.l(_printf_wctomb.o)
    0x0001d00c   0x00000094   Data   RO         3963    .constdata          c_p.l(bigflt0.o)
    0x0001d0a0   0x00000018   Data   RO         1118    .constdata__ZTV10GattServer  nrf51822n.o
    0x0001d0b8   0x00000018   Data   RO         1429    .constdata__ZTV15nRF51GattServer  nrf51gattserver.o
    0x0001d0d0   0x00000010   Data   RO          793    .constdata__ZTV18GapAdvertisingData  gapadvertisingdata.o
    0x0001d0e0   0x00000010   Data   RO          819    .constdata__ZTV20GapAdvertisingParams  gapadvertisingparams.o
    0x0001d0f0   0x00000028   Data   RO         1120    .constdata__ZTV21BLEDeviceInstanceBase  nrf51822n.o
    0x0001d118   0x00000010   Data   RO         1123    .constdata__ZTV38CallChainOfFunctionPointersWithContextIPK31GattCharacteristicWriteCBParamsE  nrf51822n.o
    0x0001d128   0x0000003c   Data   RO         1116    .constdata__ZTV3Gap  nrf51822n.o
    0x0001d164   0x0000003c   Data   RO         1319    .constdata__ZTV8nRF51Gap  nrf51gap.o
    0x0001d1a0   0x00000030   Data   RO         1078    .constdata__ZTV9nRF51822n  nrf51822n.o
    0x0001d1d0   0x0000002c   Data   RO         2623    .constdata__ZTVN4mbed10FileHandleE  retarget.o
    0x0001d1fc   0x00000010   Data   RO         3027    .constdata__ZTVN4mbed10SerialBaseE  mbed.ar(SerialBase.o)
    0x0001d20c   0x00000014   Data   RO         3064    .constdata__ZTVN4mbed10TimerEventE  mbed.ar(TimerEvent.o)
    0x0001d220   0x0000005c   Data   RO         2965    .constdata__ZTVN4mbed6SerialE  mbed.ar(Serial.o)
    0x0001d27c   0x00000044   Data   RO         2942    .constdata__ZTVN4mbed6StreamE  mbed.ar(Stream.o)
    0x0001d2c0   0x00000014   Data   RO         2872    .constdata__ZTVN4mbed6TickerE  mbed.ar(Ticker.o)
    0x0001d2d4   0x00000010   Data   RO         3176    .constdata__ZTVN4mbed8FileBaseE  mbed.ar(FileBase.o)
    0x0001d2e4   0x0000003c   Data   RO         3146    .constdata__ZTVN4mbed8FileLikeE  mbed.ar(FileLike.o)
    0x0001d320   0x00000010   Data   RO         2765    .constdata__ZTVN4mbed9CallChainE  mbed.ar(CallChain.o)
    0x0001d330   0x00000045   Data   RO          218    .conststring        main.o
    0x0001d375   0x00000003   PAD
    0x0001d378   0x00000020   Data   RO         4128    Region$$Table       anon$$obj.o
    0x0001d398   0x0000001c   Data   RO         3971    locale$$data        c_p.l(lc_numeric_c.o)
    0x0001d3b4   0x00000110   Data   RO         4047    locale$$data        c_p.l(lc_ctype_c.o)
    0x0001d4c4   0x00000004   Data   RO          220    .init_array         main.o
    0x0001d4c8   0x00000004   Data   RO         1057    .init_array         nrf51822n.o
    0x0001d4cc   0x00000000   Data   RO         3414    .init_array         c_p.l(init_aeabi.o)


    Execution Region RW_IRAM1 (Base: 0x20002000, Size: 0x0000079c, Max: 0x00002000, ABSOLUTE, COMPRESSED[0x00000074])

    Base Addr    Size         Type   Attr      Idx    E Section Name        Object

    0x20002000   0x00000019   Data   RW          219    .data               main.o
    0x20002019   0x00000003   PAD
    0x2000201c   0x00000005   Data   RW         1056    .data               nrf51822n.o
    0x20002021   0x00000003   PAD
    0x20002024   0x00000004   Data   RW         2133    .data               custom_helper.o
    0x20002028   0x00000014   Data   RW         2190    .data               softdevice_handler.o
    0x2000203c   0x00000004   Data   RW         2640    .data               system_nrf51822.o
    0x20002040   0x00000030   Data   RW         2669    .data               mbed.ar(app_timer.o)
    0x20002070   0x0000009c   Data   RW         2700    .data               mbed.ar(serial_api.o)
    0x2000210c   0x00000008   Data   RW         3117    .data               mbed.ar(us_ticker.o)
    0x20002114   0x00000004   Data   RW         3165    .data               mbed.ar(FileBase.o)
    0x20002118   0x00000008   Data   RW         3197    .data               mbed.ar(us_ticker_api.o)
    0x20002120   0x00000004   Data   RW         3685    .data               c_p.l(stdio_streams.o)
    0x20002124   0x00000004   Data   RW         3686    .data               c_p.l(stdio_streams.o)
    0x20002128   0x00000004   Data   RW         3687    .data               c_p.l(stdio_streams.o)
    0x2000212c   0x00000004   Data   RW         3886    .data               c_p.l(heapauxa.o)
    0x20002130   0x00000004   Data   RW         1126    .data__ZZN15nRF51GattServer11getInstanceEvE10m_instance  nrf51822n.o
    0x20002134   0x00000004   Data   RW         1124    .data__ZZN8nRF51Gap11getInstanceEvE10m_instance  nrf51822n.o
    0x20002138   0x00000108   Zero   RW          216    .bss                main.o
    0x20002240   0x0000000a   Zero   RW         1055    .bss                nrf51822n.o
    0x2000224a   0x00000002   PAD
    0x2000224c   0x00000050   Zero   RW         1716    .bss                btle.o
    0x2000229c   0x00000088   Zero   RW         2132    .bss                custom_helper.o
    0x20002324   0x00000040   Zero   RW         2576    .bss                retarget.o
    0x20002364   0x00000118   Zero   RW         3116    .bss                mbed.ar(us_ticker.o)
    0x2000247c   0x00000004   Zero   RW         3568    .bss                c_p.l(rt_heap_descriptor.o)
    0x20002480   0x00000004   Zero   RW         3573    .bss                c_p.l(rt_new_handler_addr.o)
    0x20002484   0x00000004   Zero   RW         3578    .bss                c_p.l(rt_ddtor_pointer_addr.o)
    0x20002488   0x00000054   Zero   RW         3682    .bss                c_p.l(stdio_streams.o)
    0x200024dc   0x00000054   Zero   RW         3683    .bss                c_p.l(stdio_streams.o)
    0x20002530   0x00000054   Zero   RW         3684    .bss                c_p.l(stdio_streams.o)
    0x20002584   0x00000014   Zero   RW         3944    .bss                c_p.l(rt_locale.o)
    0x20002598   0x00000004   Zero   RW         3949    .bss                c_p.l(rt_eh_globals_addr.o)
    0x2000259c   0x00000004   Zero   RW         3954    .bss                c_p.l(rt_errno_addr.o)
    0x200025a0   0x000001d4   Zero   RW         1127    .bss__ZZN15nRF51GattServer11getInstanceEvE10m_instance  nrf51822n.o
    0x20002774   0x00000028   Zero   RW         1125    .bss__ZZN8nRF51Gap11getInstanceEvE10m_instance  nrf51822n.o


==============================================================================

Image component sizes


      Code (inc. data)   RO Data    RW Data    ZI Data      Debug   Object Name

         0          0          0          0          0         32   app_scheduler.o
        26          0          0          0          0      36976   bledevice.o
       264          8        112          0          0         68   board.o
       680         70          1          0         80      85525   btle.o
       168          8          0          0          0      12752   btle_gap.o
       924          8          0          4        136      28728   custom_helper.o
       284          6         16          0          0       3652   gapadvertisingdata.o
       128         10         16          0          0       3652   gapadvertisingparams.o
        32          0          0          0          0      19560   gattservice.o
      2860        408         81         25        264     110423   main.o
       732        124        192         13        518      51421   nrf51822n.o
       780          6         60          0          0      26591   nrf51gap.o
      1668         16         56          0          0      77699   nrf51gattserver.o
       786         86         67          0         64        824   retarget.o
       452         70          0         20          0      38076   softdevice_handler.o
        44         14        192          0          0        164   startup_nRF51822.o
        16          6          0          0          0         60   sys.o
       160         26          0          4          0         76   system_nrf51822.o
         0          0         86          0          0      19810   uartservice.o
       114          0          0          0          0       1536   uuid.o

    ----------------------------------------------------------------------
     10134        866        920         72       1064     517625   Object Totals
         0          0         32          0          0          0   (incl. Generated)
        16          0          9          6          2          0   (incl. Padding)

    ----------------------------------------------------------------------

      Code (inc. data)   RO Data    RW Data    ZI Data      Debug   Library Member Name

        64         10          0          0          0         84   __0sscanf.o
        60          6          0          0          0         92   __2snprintf.o
        44          4          0          0          0         84   __2sprintf.o
        58          0          0          0          0          0   __dczerorl.o
         8          0          0          0          0         68   __main.o
       392          6         17          0          0         76   __printf_flags_ss_wp.o
        14          0          0          0          0         60   __printf_wp.o
         0          0          0          0          0          0   __rtentry.o
        12          0          0          0          0          0   __rtentry2.o
         6          0          0          0          0          0   __rtentry4.o
        60          8          0          0          0          0   __scatter.o
        28          0          0          0          0          0   __scatter_zi.o
        30          0          0          0          0         60   _chval.o
        10          0          0          0          0          0   _printf_a.o
        10          0          0          0          0          0   _printf_c.o
        46          0          0          0          0        100   _printf_char.o
        48          6          0          0          0         88   _printf_char_common.o
        40          6          0          0          0         72   _printf_char_file.o
        38          0          0          0          0         60   _printf_charcount.o
        10          0          0          0          0          0   _printf_d.o
       108         18          0          0          0         76   _printf_dec.o
        10          0          0          0          0          0   _printf_e.o
        10          0          0          0          0          0   _printf_f.o
      1044         14          0          0          0        176   _printf_fp_dec.o
       136         16          0          0          0         76   _printf_fp_infnan.o
        10          0          0          0          0          0   _printf_g.o
       152          4         40          0          0        148   _printf_hex_int_ll_ptr.o
        10          0          0          0          0          0   _printf_i.o
       176          0          0          0          0         84   _printf_intcommon.o
        10          0          0          0          0          0   _printf_l.o
        10          0          0          0          0          0   _printf_lc.o
        10          0          0          0          0          0   _printf_ll.o
        10          0          0          0          0          0   _printf_lld.o
        10          0          0          0          0          0   _printf_lli.o
        10          0          0          0          0          0   _printf_llo.o
        10          0          0          0          0          0   _printf_llu.o
        10          0          0          0          0          0   _printf_llx.o
       112         18          0          0          0         76   _printf_longlong_dec.o
        10          0          0          0          0          0   _printf_ls.o
        10          0          0          0          0          0   _printf_n.o
        10          0          0          0          0          0   _printf_o.o
       112         10          0          0          0        112   _printf_oct_int_ll.o
        10          0          0          0          0          0   _printf_p.o
        78          0          0          0          0        100   _printf_pad.o
         2          0          0          0          0          0   _printf_percent.o
         4          0          0          0          0          0   _printf_percent_end.o
        10          0          0          0          0          0   _printf_s.o
        82          0          0          0          0         72   _printf_str.o
        36          0          0          0          0         76   _printf_truncate.o
        10          0          0          0          0          0   _printf_u.o
        46          0          0          0          0        100   _printf_wchar.o
       188          6          8          0          0         80   _printf_wctomb.o
        10          0          0          0          0          0   _printf_x.o
       896         16          0          0          0         84   _scanf.o
       330          0          0          0          0         84   _scanf_int.o
        68          0          0          0          0         76   _sgetc.o
        16          0          0          0          0         60   _snputc.o
        10          0          0          0          0         60   _sputc.o
        64          0          0          0          0         72   _wcrtomb.o
        20          0          0          0          0         68   abort.o
        42          0          0          0          0         76   aeabi_atexit.o
        18          0          0          0          0         68   aeabi_memset.o
       488          0          0          0          0         92   aeabi_sdivfast.o
       200          4        148          0          0         80   bigflt0.o
      1240         12          0          0          0        316   btod.o
        14          0          0          0          0         68   c89vfprintf.o
        66          0          0          0          0         76   cxa_finalize.o
        48         34          0          0          0         68   defsig_abrt_inner.o
        12          0          0          0          0         68   defsig_abrt_outer.o
        12          0          0          0          0         68   defsig_exit.o
        52          0          0          0          0         72   defsig_general.o
        48         34          0          0          0         68   defsig_pvfn_inner.o
        12          0          0          0          0         68   defsig_pvfn_outer.o
        80         58          0          0          0         68   defsig_rtmem_inner.o
        12          0          0          0          0         68   defsig_rtmem_outer.o
        52         38          0          0          0         68   defsig_rtred_inner.o
        12          0          0          0          0         68   defsig_rtred_outer.o
        76          4          0          0          0         76   fclose.o
         8          0          0          0          0         60   ferror.o
       104          4          0          0          0        100   fflush.o
        28          0          0          0          0         68   fgetc.o
       596         14          0          0          0        120   filbuf.o
       496         10          0          0          0         76   flsbuf.o
        56         10          0          0          0         72   flushlinebuffered.o
       232          8          0          0          0        108   fopen.o
        30          0          0          0          0         68   fputc.o
       244          4          0          0          0         76   fseek.o
        66          0          0          0          0         68   ftell.o
        98          0          0          0          0         72   h1_alloc.o
        52          0          0          0          0         68   h1_extend.o
        76          0          0          0          0         72   h1_free.o
        14          0          0          0          0         76   h1_init.o
        80          4          0          4          0         88   heapauxa.o
         4          0          0          0          0        120   hguard.o
         0          0          0          0          0          0   indicate_semi.o
        36         10          0          0          0         72   init_aeabi.o
       136          0          0          0          0        160   init_alloc.o
       316         44          0          0          0         96   initio.o
        18          0          0          0          0         68   isspace.o
        44         10        272          0          0         76   lc_ctype_c.o
        44         10         28          0          0         76   lc_numeric_c.o
         2          0          0          0          0          0   libinit.o
        46          0          0          0          0          0   libinit2.o
         0          0          0          0          0          0   libshutdown2.o
        48          0          0          0          0         72   llmul.o
       258          0          0          0          0         88   lludiv.o
       122          0          0          0          0         72   lludiv10.o
         0          0          0          0          0          0   maybetermalloc1.o
        90          0          0          0          0         68   memcmp.o
        28          0          0          0          0         68   memset.o
        16          4          0          0          0         76   rt_ctype_table.o
         8          4          0          0          4         68   rt_ddtor_pointer_addr.o
         8          4          0          0          4         68   rt_eh_globals_addr.o
         8          4          0          0          4         68   rt_errno_addr.o
         8          4          0          0          4         68   rt_heap_descriptor.o
         8          4          0          0         20         68   rt_locale.o
        64          0          0          0          0        108   rt_memclr.o
       186          0          0          0          0        144   rt_memcpy.o
         8          4          0          0          4         68   rt_new_handler_addr.o
        40          0          0          0          0         60   rtudiv10.o
        48          8          0          0          0         84   scanf_char.o
        26          0          0          0          0         68   setbuf.o
        76          4          0          0          0         72   setvbuf.o
       240          8          0          0          0        144   stdio.o
         0          0          0         12        252          0   stdio_streams.o
       160          4          0          0          0         80   strcmpv6m.o
        68          6          0          0          0         72   strlen.o
       160          6          0          0          0         76   strncmp.o
       108          4          0          0          0         76   strncpy.o
        12          4          0          0          0         60   sys_exit.o
        12          0          0          0          0         68   sys_wrch.o
         2          0          0          0          0         68   use_no_semi.o
        34          0          0          0          0         80   aeabi_vec_ctor_nocookie_nodtor.o
        84         12          0          0          0         96   arm_exceptions_globs.o
        66          0          0          0          0        100   arm_exceptions_mem.o
        28          0          0          0          0         68   arm_exceptions_terminate.o
         8          0          0          0          0         68   arm_newhandler_noexceptions.o
         8          0          0          0          0         68   array_new.o
        18          0          0          0          0         60   cxa_guard_acquire.o
         8          0          0          0          0         68   delete.o
        40          4          0          0          0         68   new.o
        10          0          0          0          0         68   pure_virt.o
        74          0          0          0          0         68   ffixul.o
       176          4          0          0          0         80   fmul.o
        16          4          0          0          0         76   printf1.o
         0          0          0          0          0          0   usenofp.o
        44          4          0          0          0         60   fpclassify.o
       132         10         16          0          0        220   CallChain.o
       152         22         16          4          0        252   FileBase.o
        52         12         60          0          0        136   FileLike.o
       164          0          0          0          0        392   FilePath.o
        44          0          0          0          0        180   FunctionPointer.o
        76         12         92          0          0        272   Serial.o
       152         14         16          0          0        484   SerialBase.o
       250         28         68          0          0        696   Stream.o
        70          0         20          0          0        140   Ticker.o
        64          8         20          0          0        264   TimerEvent.o
       116         36        184          0          0         76   analogin_api.o
      2198        166          0         48          0        776   app_timer.o
         8          0          0          0          0         68   assert.o
         6          0          0          0          0         64   error.o
        10          0          0          0          0         64   exit.o
        64          8        112          0          0         72   gpio.o
       142         38         96          0          0        200   gpio_api.o
        72         28         94          0          0         72   pinmap.o
        92         32          0          0          0         68   pinmap_common.o
       468         42          0        156          0        464   serial_api.o
       328         56          0          8        280        436   us_ticker.o
       224         20          0          8          0        280   us_ticker_api.o
        28          0          0          0          0         72   wait_api.o

    ----------------------------------------------------------------------
     17534       1092       1312        240        572      14728   Library Totals
        38          0          5          0          0          0   (incl. Padding)

    ----------------------------------------------------------------------

      Code (inc. data)   RO Data    RW Data    ZI Data      Debug   Library Name

     11970        532        513         16        292       7952   c_p.l
       304         16          0          0          0        744   cpprt_p.l
       266          8          0          0          0        224   fz_ps.l
        44          4          0          0          0         60   m_ps.l
      4912        532        794        224        280       5748   mbed.ar

    ----------------------------------------------------------------------
     17534       1092       1312        240        572      14728   Library Totals

    ----------------------------------------------------------------------

==============================================================================


      Code (inc. data)   RO Data    RW Data    ZI Data      Debug   

     27668       1958       2232        312       1636     521197   Grand Totals
     27668       1958       2232        116       1636     521197   ELF Image Totals (compressed)
     27668       1958       2232        116          0          0   ROM Totals

==============================================================================

    Total RO  Size (Code + RO Data)                29900 (  29.20kB)
    Total RW  Size (RW Data + ZI Data)              1948 (   1.90kB)
    Total ROM Size (Code + RO Data + RW Data)      30016 (  29.31kB)

==============================================================================

